om/mdi-serving/rubidium-adservices-adtech-enrollment/7138/d6bd675734d9048ca387ae0324faf66a11a06135
01-10 05:54:21.771 24140 29001 D downloader2: Connectivity satisfied; running request. uri=https://www.gstatic.com/mdi-serving/rubidium-adservices-ui-ota-strings/4265/91ac5d17ab9f2445a3462f98f5249a73e9b0e235
01-10 05:54:21.771 24140 29001 I downloader2: Exceeded max concurrent downloads, not running another queued request
01-10 05:54:21.771 24140 29001 D downloader2: Got URL response, starting to read response body. uri=https://www.gstatic.com/mdi-serving/rubidium-adservices-topics-classifier/1986/9e98784bcdb26a3eb2ab3f65ee811f43177c761f
01-10 05:54:21.774 24140 29003 D downloader2: Response body written. bytesWritten=1233, uri=https://www.gstatic.com/mdi-serving/rubidium-adservices-topics-classifier/1986/9e98784bcdb26a3eb2ab3f65ee811f43177c761f
01-10 05:54:21.774 24140 29003 D downloader2: Download complete, running queued downloads: https://www.gstatic.com/mdi-serving/rubidium-adservices-topics-classifier/1986/9e98784bcdb26a3eb2ab3f65ee811f43177c761f
01-10 05:54:21.774 24140 29003 I downloader2: Exceeded max concurrent downloads, not running another queued request
01-10 05:54:21.774 24140 29004 D downloader2: Queued download completed, running queued downloads: https://www.gstatic.com/mdi-serving/rubidium-adservices-topics-classifier/1986/9e98784bcdb26a3eb2ab3f65ee811f43177c761f
01-10 05:54:21.804 24140 29004 D downloader2: Got URL response, starting to read response body. uri=https://www.gstatic.com/mdi-serving/rubidium-adservices-ui-ota-strings/4265/91ac5d17ab9f2445a3462f98f5249a73e9b0e235
01-10 05:54:21.810 24140 29002 D downloader2: Response body written. bytesWritten=267, uri=https://www.gstatic.com/mdi-serving/rubidium-adservices-ui-ota-strings/4265/91ac5d17ab9f2445a3462f98f5249a73e9b0e235
01-10 05:54:21.810 24140 29002 D downloader2: Download complete, running queued downloads: https://www.gstatic.com/mdi-serving/rubidium-adservices-ui-ota-strings/4265/91ac5d17ab9f2445a3462f98f5249a73e9b0e235
01-10 05:54:21.810 24140 29005 D downloader2: Queued download completed, running queued downloads: https://www.gstatic.com/mdi-serving/rubidium-adservices-ui-ota-strings/4265/91ac5d17ab9f2445a3462f98f5249a73e9b0e235
01-10 05:54:21.815 24140 24262 E MDD     : MddEventLogger: unspecified code used, skipping event log
01-10 05:54:21.817 24140 24261 D downloader2: New request enqueued, running queue: https://www.gstatic.com/mdi-serving/rubidium-adservices-topics-classifier/1986/9e98784bcdb26a3eb2ab3f65ee811f43177c761f
01-10 05:54:21.817 24140 24261 D downloader2: Connectivity satisfied; running request. uri=https://www.gstatic.com/mdi-serving/rubidium-adservices-topics-classifier/1986/9e98784bcdb26a3eb2ab3f65ee811f43177c761f
01-10 05:54:21.817 24140 24272 D downloader2: New request enqueued, running queue: https://www.gstatic.com/mdi-serving/rubidium-adservices-ui-ota-strings/4265/91ac5d17ab9f2445a3462f98f5249a73e9b0e235
01-10 05:54:21.817 24140 24261 D downloader2: Connectivity satisfied; running request. uri=https://www.gstatic.com/mdi-serving/rubidium-adservices-ui-ota-strings/4265/91ac5d17ab9f2445a3462f98f5249a73e9b0e235
01-10 05:54:21.817 24140 24261 I downloader2: Exceeded max concurrent downloads, not running another queued request
01-10 05:54:21.817 24140 24264 D downloader2: New request enqueued, running queue: https://www.gstatic.com/mdi-serving/rubidium-adservices-adtech-enrollment/7138/d6bd675734d9048ca387ae0324faf66a11a06135
01-10 05:54:21.817 24140 24272 I downloader2: Exceeded max concurrent downloads, not running another queued request
01-10 05:54:21.818 24140 24264 I downloader2: Exceeded max concurrent downloads, not running another queued request
01-10 05:54:21.844 18698 20886 I PluginSeedling--Origin: OSenseManager-->isMEMHighPressure oldState:false newState: false isMEMHighPressure:false
01-10 05:54:21.848 24140 29429 D downloader2: Got URL response, starting to read response body. uri=https://www.gstatic.com/mdi-serving/rubidium-adservices-ui-ota-strings/4265/91ac5d17ab9f2445a3462f98f5249a73e9b0e235
01-10 05:54:21.854 24140 29004 D downloader2: Response body written. bytesWritten=267, uri=https://www.gstatic.com/mdi-serving/rubidium-adservices-ui-ota-strings/4265/91ac5d17ab9f2445a3462f98f5249a73e9b0e235
01-10 05:54:21.854 24140 29004 D downloader2: Download complete, running queued downloads: https://www.gstatic.com/mdi-serving/rubidium-adservices-ui-ota-strings/4265/91ac5d17ab9f2445a3462f98f5249a73e9b0e235
01-10 05:54:21.854 24140 29004 I downloader2: Exceeded max concurrent downloads, not running another queued request
01-10 05:54:21.854 24140 29001 D downloader2: Queued download completed, running queued downloads: https://www.gstatic.com/mdi-serving/rubidium-adservices-ui-ota-strings/4265/91ac5d17ab9f2445a3462f98f5249a73e9b0e235
01-10 05:54:21.854 24140 29001 D downloader2: Connectivity satisfied; running request. uri=https://www.gstatic.com/mdi-serving/rubidium-adservices-adtech-enrollment/7138/d6bd675734d9048ca387ae0324faf66a11a06135
01-10 05:54:21.854 24140 29001 I downloader2: Exceeded max concurrent downloads, not running another queued request
01-10 05:54:21.857 24140 29429 D downloader2: Got URL response, starting to read response body. uri=https://www.gstatic.com/mdi-serving/rubidium-adservices-topics-classifier/1986/9e98784bcdb26a3eb2ab3f65ee811f43177c761f
01-10 05:54:21.859 24140 29002 D downloader2: Response body written. bytesWritten=1233, uri=https://www.gstatic.com/mdi-serving/rubidium-adservices-topics-classifier/1986/9e98784bcdb26a3eb2ab3f65ee811f43177c761f
01-10 05:54:21.859 24140 29002 D downloader2: Download complete, running queued downloads: https://www.gstatic.com/mdi-serving/rubidium-adservices-topics-classifier/1986/9e98784bcdb26a3eb2ab3f65ee811f43177c761f
01-10 05:54:21.859 24140 29002 I downloader2: Exceeded max concurrent downloads, not running another queued request
01-10 05:54:21.859 24140 29002 D downloader2: Queued download completed, running queued downloads: https://www.gstatic.com/mdi-serving/rubidium-adservices-topics-classifier/1986/9e98784bcdb26a3eb2ab3f65ee811f43177c761f
01-10 05:54:21.895 24140 29002 D downloader2: Got URL response, starting to read response body. uri=https://www.gstatic.com/mdi-serving/rubidium-adservices-adtech-enrollment/7138/d6bd675734d9048ca387ae0324faf66a11a06135
01-10 05:54:21.899 24140 29004 D downloader2: Response body written. bytesWritten=284, uri=https://www.gstatic.com/mdi-serving/rubidium-adservices-adtech-enrollment/7138/d6bd675734d9048ca387ae0324faf66a11a06135
01-10 05:54:21.899 24140 29429 D downloader2: Download complete, running queued downloads: https://www.gstatic.com/mdi-serving/rubidium-adservices-adtech-enrollment/7138/d6bd675734d9048ca387ae0324faf66a11a06135
01-10 05:54:21.899 24140 29003 D downloader2: Queued download completed, running queued downloads: https://www.gstatic.com/mdi-serving/rubidium-adservices-adtech-enrollment/7138/d6bd675734d9048ca387ae0324faf66a11a06135
01-10 05:54:21.905 24140 24272 E MDD     : MddEventLogger: unspecified code used, skipping event log
01-10 05:54:21.907 24140 24271 E MDD     : MddEventLogger: unspecified code used, skipping event log
01-10 05:54:21.908 24140 29003 D ErrorCodeSampler: Logging error code: 17 for the sample interval 1: true
01-10 05:54:21.912 17922 18108 D NotificationService--NotificationRecord: isSupportRearLight , isRearLight = false mLedRM = false isMultilLed = false
01-10 05:54:21.930 17528 17528 D Zygote  : Forked child process 29430
01-10 05:54:21.931 17922 17970 I ActivityManager: Start proc 29430:com.google.android.as.oss/u0a277 for service {com.google.android.as.oss/com.google.android.gms.learning.internal.training.InAppJobService}
01-10 05:54:21.947 29430 29430 E .android.as.oss: Unknown bits set in runtime_flags: 0x40000000
01-10 05:54:21.947 29430 29430 I .android.as.oss: Using CollectorTypeCMC GC.
01-10 05:54:21.950 29430 29430 E .android.as.oss: Not starting debugger since process cannot load the jdwp agent.
01-10 05:54:21.952 29430 29430 D nativeloader: Load libframework-connectivity-tiramisu-jni.so using APEX ns com_android_tethering for caller /apex/com.android.tethering/javalib/framework-connectivity-t.jar: ok
01-10 05:54:21.954 29430 29430 D OplusActivityThreadExtImpl: java.lang.NoSuchMethodException: dalvik.system.VMRuntime.SupressionGC [int, int]
01-10 05:54:21.954 29430 29430 W libc    : Access denied finding property "persist.vendor.sys.activitylog"
01-10 05:54:21.954 29430 29430 I OneTrace: Mark active for pid=29430? true
01-10 05:54:21.954 29430 29430 D cutils-dev: otrace_set_tracing_enabled? true tag:0
01-10 05:54:21.955 29430 29430 D cutils-dev: properties changed in otrace_seq_number_changed!
01-10 05:54:21.957 17922 17940 D ActivityTaskManagerServiceExtImpl: preBindApplication record is null
01-10 05:54:21.957 17922 17940 D RGBNormalizeServer: OplusRGBNormalize feature enabled ? true
01-10 05:54:21.957 17922 17940 D ResourcesManagerCache: For package com.google.android.as.oss we got cacheList [null] appInfoExt is null ? false hasFeature ? false
01-10 05:54:21.959 29430 29441 D OplusAppHeapManager: java.lang.NoSuchMethodException: dalvik.system.VMRuntime.updateProcessValue [int, int, int]
01-10 05:54:21.959 29430 29430 D OplusActivityManager: get AMS extension: android.os.BinderProxy@74bdafc
01-10 05:54:21.959 29430 29430 D callGcSupression: java.lang.NullPointerException: Attempt to invoke virtual method 'java.lang.Object java.lang.reflect.Method.invoke(java.lang.Object, java.lang.Object[])' on a null object reference
01-10 05:54:21.960 29430 29430 D nativeloader: Load libstats_jni.so using APEX ns com_android_os_statsd for caller /apex/com.android.os.statsd/javalib/framework-statsd.jar: ok
01-10 05:54:21.960 29430 29430 D CompactWindowAppManager: initCompactApplicationInfo CompactMode: , NormalMode:
01-10 05:54:21.961 29430 29430 D OplusScrollToTopManager: setIsInWhiteList false
01-10 05:54:21.961 29430 29430 D OplusViewDebugManager: OplusViewDebugManager Constructor android.view.debug.OplusViewDebugManager@f2c7fda [mHasViewDebugProperty true] [mHasMsgDebugProperty false] [DEBUG false] [EXTRAINFOENABLE false] [LIGHT_OS false]
01-10 05:54:21.963 29430 29430 W libc    : Access denied finding property "ro.odm.prev.product.name"
01-10 05:54:21.963 29430 29430 D ApplicationLoaders: Returning zygote-cached class loader: /system_ext/framework/androidx.window.extensions.jar
01-10 05:54:21.964 29430 29430 D ApplicationLoaders: Returning zygote-cached class loader: /system_ext/framework/androidx.window.sidecar.jar
01-10 05:54:21.970  2104 18445 I WifiHAL : event received NL80211_CMD_VENDOR, vendor_id = 0x1374, subcmd = 0xb6
01-10 05:54:21.970  3270  3270 I cnss-daemon: nl80211 response handler invoked
01-10 05:54:21.970  3270  3270 I cnss-daemon: nl80211_response_handler: cmd 103, vendorID 4980, subcmd 182  received
01-10 05:54:21.970  3314 18446 D LOWI-9.0.1.110: [LOWI-Scan] wait_event:Wait done with Cmd 103
01-10 05:54:21.970  3314 18446 D LOWI-9.0.1.110: [LOWI-Scan] do_listen_events: Rcvd valid Netlink Cmd 0 Err 0
01-10 05:54:21.971 29430 29430 D nativeloader: Configuring clns-7 for other apk /data/app/~~8zL_GZUoDbKA00B-4QnC5w==/com.google.android.as.oss-Oq4k4v-4np-ODZrFKE46LA==/base.apk. target_sdk_version=35, uses_libraries=, library_path=/data/app/~~8zL_GZUoDbKA00B-4QnC5w==/com.google.android.as.oss-Oq4k4v-4np-ODZrFKE46LA==/lib/arm64:/data/app/~~8zL_GZUoDbKA00B-4QnC5w==/com.google.android.as.oss-Oq4k4v-4np-ODZrFKE46LA==/base.apk!/lib/arm64-v8a, permitted_path=/data:/mnt/expand:/data/user/0/com.google.android.as.oss
01-10 05:54:21.973 29430 29430 D CompatChangeReporter: Compat change id reported: 202956589; UID 10277; state: ENABLED
01-10 05:54:21.976 29430 29430 V GraphicsEnvironment: Currently set values for:
01-10 05:54:21.976 29430 29430 V GraphicsEnvironment:   angle_gl_driver_selection_pkgs=[]
01-10 05:54:21.976 29430 29430 V GraphicsEnvironment:   angle_gl_driver_selection_values=[]
01-10 05:54:21.976 29430 29430 V GraphicsEnvironment: Global.Settings values are invalid: number of packages: 0, number of values: 0
01-10 05:54:21.977 29430 29430 D ResourcesManagerExtImpl: applyConfigurationToAppResourcesLocked app.getDisplayId() return callback.displayId:-1
01-10 05:54:21.985 29430 29430 I PrivateComputeServicesApplication: PrivateComputeServicesApplication#onCreate
01-10 05:54:21.985 29430 29430 I PcsFcInit: Calling BrellaInit for PCS.
01-10 05:54:21.986 29430 29430 I NetworkUsageLogTtlService: NetworkUsageLogTtlService already scheduled.
01-10 05:54:21.986 17922 17940 I ActivityManager: Flag disabled. Ignoring finishAttachApplication from uid: 10277. pid: 29430
01-10 05:54:21.986 29430 29430 E ANDR-PERF-CLIENT-SYS: death recipent object is fine
01-10 05:54:21.986 29430 29430 W .android.as.oss: AIBinder_linkToDeath is being called with a non-null cookie and no onUnlink callback set. This might not be intended. AIBinder_DeathRecipient_setOnUnlinked should be called first.
01-10 05:54:21.987 29430 29444 I FederatedTrainingScheduler: Cancelling training for population:pcs/prod/platform_logging session_name:pcs/prod/platform_logging
01-10 05:54:21.987 29430 29430 D CompatChangeReporter: Compat change id reported: 311402873; UID 10277; state: ENABLED
01-10 05:54:21.987 29430 29430 D CompatChangeReporter: Compat change id reported: 323349338; UID 10277; state: ENABLED
01-10 05:54:21.987 17922 17940 D CompatChangeReporter: Compat change id reported: 311402873; UID 10277; state: ENABLED
01-10 05:54:21.987 17922 17940 D CompatChangeReporter: Compat change id reported: 323349338; UID 10277; state: ENABLED
01-10 05:54:21.988 29430 29444 I FcClientStatsdLogManager: Sending FL diagnosis log. [CONTEXT ratelimit_period="60 MINUTES" ]
01-10 05:54:21.988 17922 17940 W JobScheduler: Job didn't exist in JobStore: #com.google.android.as.oss/-605916168
01-10 05:54:21.989 21148 21148 W avxs    : (REDACTED) Not enough time has passed between starts of two %s periodic tasks.
01-10 05:54:21.989 17922 19136 W JobScheduler: Job didn't exist in JobStore: #com.google.android.as.oss/369941447
01-10 05:54:21.992 21148 21148 W avxs    : (REDACTED) Not enough time has passed between starts of two %s periodic tasks.
01-10 05:54:21.995 17922 18108 D ActivityManager: Cancel freezing 28766 com.google.android.dialer
01-10 05:54:21.995 17922 18108 D ActivityManager: Cancel freezing 28863 com.google.android.projection.gearhead:provider
01-10 05:54:21.995 17922 20643 W JobScheduler: Job didn't exist in JobStore: #com.google.android.as.oss/-1458638241
01-10 05:54:21.996 17922 18235 D ActivityManager: reportOneUidFrozenStateChanged uid 10177 frozen = false
01-10 05:54:21.996 17922 20643 D ActivityManager: pid 25693 com.google.android.youtube received async transactions while frozen
01-10 05:54:21.997 17922 20643 D ActivityManager: sync unfroze 25693 com.google.android.youtube for 6
01-10 05:54:21.997 17922 20643 D ActivityManager: pid 27421 com.android.chrome received async transactions while frozen
01-10 05:54:21.997 17922 20647 D ConnectivityService: Returning UNBLOCKED NetworkInfo to uid=10177
01-10 05:54:21.998 17922 20643 D ActivityManager: sync unfroze 27421 com.android.chrome for 6
01-10 05:54:21.998 17922 20643 D ActivityManager: sync unfroze 27798 com.android.chrome:privileged_process0 for 6
01-10 05:54:21.999 17922 20643 D ActivityManager: sync unfroze 27963 com.android.chrome:sandboxed_process0:org.chromium.content.app.SandboxedProcessService0:0 for 6
01-10 05:54:22.001 17922 18235 D ActivityManager: reportOneUidFrozenStateChanged uid 10170 frozen = false
01-10 05:54:22.002 17922 18235 D ActivityManager: reportOneUidFrozenStateChanged uid 90000 frozen = false
01-10 05:54:22.003 17922 17940 D CompatChangeReporter: Compat change id reported: 311208629; UID 10277; state: ENABLED
01-10 05:54:22.004 17922 17940 W JobScheduler: Job didn't exist in JobStore: #com.google.android.as.oss/-1459396391
01-10 05:54:22.005 17922 18235 D ActivityManager: reportOneUidFrozenStateChanged uid 10317 frozen = false
01-10 05:54:22.005 17922 17940 D ActivityManager: pid 26186 com.google.android.apps.youtube.music received async transactions while frozen
01-10 05:54:22.006 17922 17940 D ActivityManager: sync unfroze 26186 com.google.android.apps.youtube.music for 6
01-10 05:54:22.007 17922 17940 D ConnectivityService: Returning UNBLOCKED NetworkInfo to uid=10317
01-10 05:54:22.008 27798 27813 W ileged_process0: ApkAssets: Deleting an ApkAssets object '<empty> and /data/app/~~zUkLXRa_AREJP4E9yI-ysw==/com.android.chrome-EONGIDB2AN9_BfcwkXrCOA==/split_auxiliary_search.apk' with 1 weak references
01-10 05:54:22.008 27798 27813 W ileged_process0: ApkAssets: Deleting an ApkAssets object '<empty> and /data/app/~~zUkLXRa_AREJP4E9yI-ysw==/com.android.chrome-EONGIDB2AN9_BfcwkXrCOA==/split_cablev2_authenticator.apk' with 1 weak references
01-10 05:54:22.008 27798 27813 W ileged_process0: ApkAssets: Deleting an ApkAssets object '<empty> and /data/app/~~zUkLXRa_AREJP4E9yI-ysw==/com.android.chrome-EONGIDB2AN9_BfcwkXrCOA==/split_chrome.apk' with 1 weak references
01-10 05:54:22.008 27798 27813 W ileged_process0: ApkAssets: Deleting an ApkAssets object '<empty> and /data/app/~~zUkLXRa_AREJP4E9yI-ysw==/com.android.chrome-EONGIDB2AN9_BfcwkXrCOA==/split_dev_ui.apk' with 1 weak references
01-10 05:54:22.008 27798 27813 W ileged_process0: ApkAssets: Deleting an ApkAssets object '<empty> and /data/app/~~zUkLXRa_AREJP4E9yI-ysw==/com.android.chrome-EONGIDB2AN9_BfcwkXrCOA==/split_feedv2.apk' with 1 weak references
01-10 05:54:22.008 27798 27813 W ileged_process0: ApkAssets: Deleting an ApkAssets object '<empty> and /data/app/~~zUkLXRa_AREJP4E9yI-ysw==/com.android.chrome-EONGIDB2AN9_BfcwkXrCOA==/split_read_aloud_playback.apk' with 1 weak references
01-10 05:54:22.008 27798 27813 W ileged_process0: ApkAssets: Deleting an ApkAssets object '<empty> and /data/app/~~zUkLXRa_AREJP4E9yI-ysw==/com.android.chrome-EONGIDB2AN9_BfcwkXrCOA==/split_stack_unwinder.apk' with 1 weak references
01-10 05:54:22.008 27798 27813 W ileged_process0: ApkAssets: Deleting an ApkAssets object '<empty> and /data/app/~~zUkLXRa_AREJP4E9yI-ysw==/com.android.chrome-EONGIDB2AN9_BfcwkXrCOA==/split_survey.apk' with 1 weak references
01-10 05:54:22.008 27798 27813 W ileged_process0: ApkAssets: Deleting an ApkAssets object '<empty> and /data/app/~~zUkLXRa_AREJP4E9yI-ysw==/com.android.chrome-EONGIDB2AN9_BfcwkXrCOA==/split_test_dummy.apk' with 1 weak references
01-10 05:54:22.009 21922 21922 I Finsky  : [2] afsf.onStartJob(127): SCH: job service start with id 9436.
01-10 05:54:22.012 17922 17940 D ActivityManager: Async freezing 29430 com.google.android.as.oss
01-10 05:54:22.012 27421 27431 W JavaBinder: BinderProxy is being destroyed but the application did not call unlinkToDeath to unlink all of its death recipients beforehand.  Releasing leaked death recipient: uH3
01-10 05:54:22.013 27421 27431 I BpBinder: onLastStrongRef automatically unlinking death recipients:
01-10 05:54:22.013 27421 27431 W JavaBinder: BinderProxy is being destroyed but the application did not call unlinkToDeath to unlink all of its death recipients beforehand.  Releasing leaked death recipient: uH3
01-10 05:54:22.013 27421 27431 I BpBinder: onLastStrongRef automatically unlinking death recipients:
01-10 05:54:22.013 18776 20134 I OplusTelephonyProxy: getDefaultDialerPackage
01-10 05:54:22.013 18776 20134 D OplusAppUtils: hasMetaData, hasMeta = true, metaDataName = unlock_telecom_interface_enable
01-10 05:54:22.014 17922 17940 D CompatChangeReporter: Compat change id reported: 311208629; UID 10177; state: ENABLED
01-10 05:54:22.014 21922 29453 I Finsky  : [141] mmj.a(214): SCH: Satisfied jobs for 9436 are: 20-23232323
01-10 05:54:22.014 18776 20134 D OplusTelephonyProxy: getDefaultDialerPackage defaultPackage = com.google.android.dialer
01-10 05:54:22.015 21922 29454 I Finsky  : [142] afqh.accept(98): SCH: Job 20-23232323 starting
01-10 05:54:22.015 17922 20643 D ActivityManager: Async freezing 25693 com.google.android.youtube
01-10 05:54:22.015 17922 20643 D ActivityManager: Async freezing 27421 com.android.chrome
01-10 05:54:22.015 17922 20643 D ActivityManager: Async freezing 27798 com.android.chrome:privileged_process0
01-10 05:54:22.015 17922 20643 D ActivityManager: Async freezing 27963 com.android.chrome:sandboxed_process0:org.chromium.content.app.SandboxedProcessService0:0
01-10 05:54:22.016 21922 21922 I Finsky  : [2] ArtProfilesUploadJob.h(170): Running ArtProfilesUploadJob
01-10 05:54:22.016 28766 28766 I DialerVvmCarrierIdentifierImpl: com.android.dialer.voicemail.service.impl.carriermapping.VvmCarrierIdentifierImpl.getVvmCarrierNameBlocking:149 Looking up carrier name for phone account handle: 1 [CONTEXT ratelimit_period="1 MINUTES" ]
01-10 05:54:22.017 28766 28766 I DialerVvmCarrierIdentifierImpl: com.android.dialer.voicemail.service.impl.carriermapping.VvmCarrierIdentifierImpl.getVvmCarrierName:127 Carrier with ID 1690 for PhoneAccountHandle ComponentInfo{com.android.phone/com.android.services.telephony.TelephonyConnectionService}, 1, UserHandle{0} not found in support list [CONTEXT enable_persistent_logger=true ]
01-10 05:54:22.017 28766 28766 I DialerRestVoicemailEnabledFn: com.android.dialer.voicemail.service.impl.vvmclients.rest.RestVoicemailEnabledFn.isEnabled:73 disabled by flag [CONTEXT ratelimit_period="1 MINUTES" ]
01-10 05:54:22.018 28766 28766 I DialerVoicemailModule: com.android.voicemail.impl.VoicemailModule.provideVoicemailClient:83 providing VoicemailClientImpl [CONTEXT enable_persistent_logger=true ]
01-10 05:54:22.020 28766 28766 D WM-PackageManagerHelper: Skipping component enablement for androidx.work.impl.background.systemjob.SystemJobService
01-10 05:54:22.020 28766 28766 D WM-Schedulers: Created SystemJobScheduler and enabled SystemJobService
01-10 05:54:22.020 28766 28836 D WM-ForceStopRunnable: The default process name was not specified.
01-10 05:54:22.020 28766 28836 D WM-ForceStopRunnable: Performing cleanup operations.
01-10 05:54:22.021 28766 28766 D CompatChangeReporter: Compat change id reported: 330583731; UID 10278; state: ENABLED
01-10 05:54:22.021 17922 17922 D EnvelopeDetectorController: isEnvelopeAssistantEnabled isCancelNotification: true currentUserId: 0 userId: 0
01-10 05:54:22.028 28766 28836 D WM-PackageManagerHelper: Skipping component enablement for androidx.work.impl.background.systemalarm.RescheduleReceiver
01-10 05:54:22.028 28766 28766 I DialerVvmServiceProviderImpl: com.android.dialer.voicemail.service.impl.VvmServiceProviderImpl.logVvmServiceUnavailable:185 VvmService unavailable! VvmCarrierService exists?: false, VvmConfiguration exists?: false, VvmAccountState exists?: false [CONTEXT enable_persistent_logger=true ratelimit_period="1 MINUTES" ]
01-10 05:54:22.029 28766 28766 I DialerStatusCheckJobService: com.android.voicemail.impl.StatusCheckJobService.onStartJob:106 attempting to reactivate ComponentInfo{com.android.phone/com.android.services.telephony.TelephonyConnectionService}, 1, UserHandle{0} [CONTEXT enable_persistent_logger=true ]
01-10 05:54:22.029 28766 28766 I DialerActivationTask: com.android.voicemail.impl.ActivationTask.start:138 Activation requested
01-10 05:54:22.029 28766 28766 I DialerActivationTask: com.android.voicemail.impl.ActivationTask.start:140 Legacy VVM service fallback is disabled
01-10 05:54:22.029 17922 18108 D CompatChangeReporter: Compat change id reported: 311208629; UID 10278; state: ENABLED
01-10 05:54:22.032 17922 18108 D ActivityManager: Async freezing 28766 com.google.android.dialer
01-10 05:54:22.032 17922 18108 D ActivityManager: Async freezing 28863 com.google.android.projection.gearhead:provider
01-10 05:54:22.040 17922 18235 D ActivityManager: reportOneUidFrozenStateChanged uid 10314 frozen = false
01-10 05:54:22.041 17922 19222 D ActivityManager: pid 26449 com.google.android.videos received async transactions while frozen
01-10 05:54:22.041 17922 19222 D ActivityManager: sync unfroze 26449 com.google.android.videos for 6
01-10 05:54:22.043 17922 17940 E JobScheduler.JobStatus: App com.google.android.apps.youtube.music became active but still in NEVER bucket
01-10 05:54:22.044 17922 18127 W JobServiceContext: Sending onNetworkChanged for a job that isn't started. JobStatus{3fa1811 androidx.work.systemjobscheduler:u0a314/209 @androidx.work.systemjobscheduler@com.google.android.videos/androidx.work.impl.background.systemjob.SystemJobService u=0 s=10314 NET CHARGING READY}
01-10 05:54:22.047 17922 18108 E JobScheduler.JobStatus: App com.google.android.apps.youtube.music became active but still in NEVER bucket
01-10 05:54:22.048  2273  2310 D BatteryChargeControl: bcc get no support from charging protocol
01-10 05:54:22.051 17922 18108 E JobScheduler.JobStatus: App com.google.android.apps.youtube.music became active but still in NEVER bucket
01-10 05:54:22.063 26449 26449 W JobService: onNetworkChanged() not implemented in androidx.work.impl.background.systemjob.SystemJobService. Must override in a subclass.
01-10 05:54:22.064 26186 26186 W JobService: onNetworkChanged() not implemented in androidx.work.impl.background.systemjob.SystemJobService. Must override in a subclass.
01-10 05:54:22.064 21922 21922 W JobService: onNetworkChanged() not implemented in com.google.android.finsky.scheduler.process.mainimpl.PhoneskyJobServiceMain. Must override in a subclass.
01-10 05:54:22.065 18698 18794 D WifiStatusTracker: mNetworkCallback onCapabilitiesChanged network:102 mPrimaryNetworkId:102
01-10 05:54:22.066 18986 19429 D SubsysEventListenerManager: onCapabilitiesChanged
01-10 05:54:22.066 18986 19429 D DataStateTracker: getCurDataChannel, channel:1
01-10 05:54:22.066 18698 18794 D WifiStatusTracker: mNetworkCallback onCapabilitiesChanged network:102 mPrimaryNetworkId:102
01-10 05:54:22.066 18986 18986 D VendorWifiService: onEvent event:9,action:1
01-10 05:54:22.067 18698 18794 I SystemUi--Statusbar: NetworkController.WifiSignalController-->handleStatusUpdated state=3 enabled=true connected=true isDefaultNetwork=true rssi=-62 level=4 statusLabel=null isDirty=false
01-10 05:54:22.067 18698 18902 D WifiPickerTracker: handleNetworkCapabilitiesChanged network:102
01-10 05:54:22.067 18698 18794 I SystemUi--Statusbar: NetworkController.WifiSignalController-->handleStatusUpdated state=3 enabled=true connected=true isDefaultNetwork=true rssi=-62 level=4 statusLabel=null isDirty=false
01-10 05:54:22.067 18698 18794 I SystemUi--Statusbar: NetworkController.WifiSignalController-->handleStatusUpdated state=3 enabled=true connected=true isDefaultNetwork=true rssi=-62 level=4 statusLabel=null isDirty=false
01-10 05:54:22.067 23372 23372 W JobService: onNetworkChanged() not implemented in com.google.android.apps.photos.backup.core.AutobackupJobService. Must override in a subclass.
01-10 05:54:22.067 17922 18441 D OplusSlaNetworkManager: isPrimaryWifi:true network:102
01-10 05:54:22.068 18937 20983 D cneJni  : sendWifiStatus start
01-10 05:54:22.069 18698 18902 I WifiPickerTracker: wifi connected status realConnectedWifiEntry not null: true
01-10 05:54:22.069 17922 19136 D CompatChangeReporter: Compat change id reported: 311208629; UID 10314; state: ENABLED
01-10 05:54:22.070 17922 18415 D SystemNetworkObserver: wifi network 102 nc changed, primary=true
01-10 05:54:22.070 17922 18415 D SystemNetworkObserver: default network nc changed 102
01-10 05:54:22.070 20413 22045 I BugleRcsEngine: handleMessage processing message:[NOTIFY_UPTIME_IGNORE_STATE_CHANGED] with [non-null]:RcsEngineImpl reference [CONTEXT log_prefix="RcsEngineImpl[DUAL_REG]:[254f5748-f7ae]>Handler" thread_id=75 ]
01-10 05:54:22.070 20413 21646 I BugleRcsEngine: Connected state: [1], networkType: [WIFI] [CONTEXT thread_id=69 ]
01-10 05:54:22.070 17922 18314 W IPCThreadState: Sending oneway calls to frozen process.
01-10 05:54:22.070 17922 18314 W IPCThreadState: Sending oneway calls to frozen process.
01-10 05:54:22.070 17922 18314 W IPCThreadState: Sending oneway calls to frozen process.
01-10 05:54:22.072 18873 20975 D txpwrJni: sendNetworkInfo start
01-10 05:54:22.072 18937 20983 D QCNEJ/NativeAidlConnector: -> SND notifyDefaultNetworkChanged(1)
01-10 05:54:22.072 18937 20983 D cneJni  : sendDefaultNwMsg start
01-10 05:54:22.073 17922 18314 W IPCThreadState: Sending oneway calls to frozen process.
01-10 05:54:22.073 18873 20975 D txpwrJni: sendNetworkInfo RatType 0
01-10 05:54:22.074 17922 18314 W IPCThreadState: Sending oneway calls to frozen process.
01-10 05:54:22.074 17922 18314 W IPCThreadState: Sending oneway calls to frozen process.
01-10 05:54:22.074 17922 18970 D ActivityManager: Async freezing 26449 com.google.android.videos
01-10 05:54:22.074 17922 18314 W IPCThreadState: Sending oneway calls to frozen process.
01-10 05:54:22.074 17922 18314 W IPCThreadState: Sending oneway calls to frozen process.
01-10 05:54:22.074 17922 18314 W IPCThreadState: Sending oneway calls to frozen process.
01-10 05:54:22.074 17922 18314 W IPCThreadState: Sending oneway calls to frozen process.
01-10 05:54:22.075 17922 18314 W IPCThreadState: Sending oneway calls to frozen process.
01-10 05:54:22.075 17922 18314 W IPCThreadState: Sending oneway calls to frozen process.
01-10 05:54:22.075 17922 18314 W IPCThreadState: Sending oneway calls to frozen process.
01-10 05:54:22.075 19361 19384 I ChimeraSrvcProxy: NullBinder for android.net.action.RECOMMEND_NETWORKS triggering remote TransactionTooLargeException due to Service without Chimera impl
01-10 05:54:22.075 19361 19384 W .gms.persistent: Large reply transaction of 2113536 bytes, interface descriptor , code 1
01-10 05:54:22.075 17922 18314 W IPCThreadState: Sending oneway calls to frozen process.
01-10 05:54:22.075 17922 18314 W IPCThreadState: Sending oneway calls to frozen process.
01-10 05:54:22.075 17922 18314 W IPCThreadState: Sending oneway calls to frozen process.
01-10 05:54:22.075 17922 18314 W IPCThreadState: Sending oneway calls to frozen process.
01-10 05:54:22.077 17922 18235 D ActivityManager: freezing 18508 com.oplus.romupdate
01-10 05:54:22.077 20413 22045 I BugleRcsEngine: Rcs is enabled from user settings: true [CONTEXT log_prefix="ProvisioningEngineDataRetriever" thread_id=75 ]
01-10 05:54:22.077 17922 18235 D ActivityManager: freezing 20932 com.coloros.ocs.opencapabilityservice:ocs
01-10 05:54:22.077 17922 18235 D ActivityManager: reportOneUidFrozenStateChanged uid 10205 frozen = true
01-10 05:54:22.077 17922 18235 D ActivityManager: reportOneUidFrozenStateChanged uid 10201 frozen = true
01-10 05:54:22.078 17922 18314 D InetDiagMessage: Destroyed 0 sockets, proto=IPPROTO_TCP, family=AF_INET, states=14
01-10 05:54:22.078 19361 19373 I ChimeraSrvcProxy: NullBinder for android.net.action.RECOMMEND_NETWORKS triggering remote TransactionTooLargeException due to Service without Chimera impl
01-10 05:54:22.078 19361 19373 W .gms.persistent: Large reply transaction of 2113536 bytes, interface descriptor , code 1
01-10 05:54:22.078 17922 18314 D InetDiagMessage: Destroyed 0 sockets, proto=IPPROTO_TCP, family=AF_INET6, states=14
01-10 05:54:22.078 17922 18314 D InetDiagMessage: Destroyed live tcp sockets for uids={10205} in 1ms
01-10 05:54:22.078 17922 24350 D OplusPacketMonitor: SocketThread recvMessage catch exception: java.io.InterruptedIOException: read interrupted by close() on another thread
01-10 05:54:22.078 17922 18314 D InetDiagMessage: Destroyed 0 sockets, proto=IPPROTO_TCP, family=AF_INET, states=14
01-10 05:54:22.078 17922 18314 D InetDiagMessage: Destroyed 0 sockets, proto=IPPROTO_TCP, family=AF_INET6, states=14
01-10 05:54:22.078 17922 18314 D InetDiagMessage: Destroyed live tcp sockets for uids={10201} in 0ms
01-10 05:54:22.079 19361 19373 I ChimeraSrvcProxy: NullBinder for android.net.action.RECOMMEND_NETWORKS triggering remote TransactionTooLargeException due to Service without Chimera impl
01-10 05:54:22.079 19361 19373 W .gms.persistent: Large reply transaction of 2113536 bytes, interface descriptor , code 1
01-10 05:54:22.079 19361 19373 I ChimeraSrvcProxy: NullBinder for android.net.action.RECOMMEND_NETWORKS triggering remote TransactionTooLargeException due to Service without Chimera impl
01-10 05:54:22.079 19361 19373 W .gms.persistent: Large reply transaction of 2113536 bytes, interface descriptor , code 1
01-10 05:54:22.082 21922 29462 I Finsky  : [146] skg.run(273): Wrote 36 rows to frosting DB
01-10 05:54:22.094 21922 29455 W Finsky  : [143] aasz.d(28): SLM: no metadata property com.android.vending.derived.apk.id found for shared library com.google.android.trichromelibrary_666807033:
01-10 05:54:22.094 21922 29455 W Finsky  : [143] aasz.d(28): SLM: no metadata property com.android.vending.sdk.version.patch found for shared library com.google.android.trichromelibrary_666807033:
01-10 05:54:22.094 21922 29455 W Finsky  : [143] aasz.d(28): SLM: no metadata property com.android.vending.derived.apk.id found for shared library com.google.android.trichromelibrary_677820033:
01-10 05:54:22.094 21922 29455 W Finsky  : [143] aasz.d(28): SLM: no metadata property com.android.vending.sdk.version.patch found for shared library com.google.android.trichromelibrary_677820033:
01-10 05:54:22.114 26186 26561 W YouTubeMusic: Empty persistent device token received from InnerTube.
01-10 05:54:22.118 17922 19222 D CompatChangeReporter: Compat change id reported: 311208629; UID 10317; state: ENABLED
01-10 05:54:22.119 17922 19222 W JobScheduler: Job didn't exist in JobStore: #com.google.android.apps.youtube.music/211
01-10 05:54:22.121 17922 19222 D ActivityManager: Async freezing 26186 com.google.android.apps.youtube.music
01-10 05:54:22.121 17922 19257 E JobScheduler.JobStatus: App com.google.android.apps.youtube.music became active but still in NEVER bucket
01-10 05:54:22.125 17922 19257 E JobScheduler.JobStatus: App com.google.android.apps.youtube.music became active but still in NEVER bucket
01-10 05:54:22.132 20228 21027 D MediaProvider: Open with FUSE. FilePath: /storage/emulated/0/DCIM/Camera/IMG20250109161919.jpg. Uid: 10285. Media Capabilities Uid: 0. ShouldRedact: false. ShouldTranscode: false
01-10 05:54:22.143 17922 18235 D ActivityManager: freezing 19492 com.oneplus.deskclock:clockWidget
01-10 05:54:22.143 17922 18235 D ActivityManager: reportOneUidFrozenStateChanged uid 10189 frozen = true
01-10 05:54:22.144 17922 18314 D InetDiagMessage: Destroyed 0 sockets, proto=IPPROTO_TCP, family=AF_INET, states=14
01-10 05:54:22.144 17922 18314 D InetDiagMessage: Destroyed 0 sockets, proto=IPPROTO_TCP, family=AF_INET6, states=14
01-10 05:54:22.144 17922 18314 D InetDiagMessage: Destroyed live tcp sockets for uids={10189} in 1ms
01-10 05:54:22.622 17922 18314 D InetDiagMessage: Destroyed 0 sockets, proto=IPPROTO_TCP, family=AF_INET, states=14
01-10 05:54:22.624 17922 18314 D InetDiagMessage: Destroyed 0 sockets, proto=IPPROTO_TCP, family=AF_INET6, states=14
01-10 05:54:22.624 17922 18314 D InetDiagMessage: Destroyed live tcp sockets for uids={10360} in 4ms
01-10 05:54:22.626 17922 18314 D InetDiagMessage: Destroyed 0 sockets, proto=IPPROTO_TCP, family=AF_INET, states=14
01-10 05:54:22.628 17922 18314 D InetDiagMessage: Destroyed 0 sockets, proto=IPPROTO_TCP, family=AF_INET6, states=14
01-10 05:54:22.628 17922 18314 D InetDiagMessage: Destroyed live tcp sockets for uids={20360} in 4ms
01-10 05:54:22.658 17922 18314 D InetDiagMessage: Destroyed 0 sockets, proto=IPPROTO_TCP, family=AF_INET, states=14
01-10 05:54:22.660 17922 18235 D ActivityManager: freezing 23709 com.google.android.rkpdapp
01-10 05:54:22.660 17922 18314 D InetDiagMessage: Destroyed 0 sockets, proto=IPPROTO_TCP, family=AF_INET6, states=14
01-10 05:54:22.661 17922 18314 D InetDiagMessage: Destroyed live tcp sockets for uids={10311} in 5ms
01-10 05:54:22.661 17922 18235 D ActivityManager: reportOneUidFrozenStateChanged uid 10309 frozen = true
01-10 05:54:22.662 17922 18314 D InetDiagMessage: Destroyed 0 sockets, proto=IPPROTO_TCP, family=AF_INET, states=14
01-10 05:54:22.663 17922 18314 D InetDiagMessage: Destroyed 0 sockets, proto=IPPROTO_TCP, family=AF_INET6, states=14
01-10 05:54:22.663 17922 18314 D InetDiagMessage: Destroyed live tcp sockets for uids={20311} in 2ms
01-10 05:54:22.664 17922 18314 D InetDiagMessage: Destroyed 0 sockets, proto=IPPROTO_TCP, family=AF_INET, states=14
01-10 05:54:22.665 17922 18314 D InetDiagMessage: Destroyed 0 sockets, proto=IPPROTO_TCP, family=AF_INET6, states=14
01-10 05:54:22.665 17922 18314 D InetDiagMessage: Destroyed live tcp sockets for uids={10309} in 2ms
01-10 05:54:22.681 21922 29455 I Finsky  : [143] mxf.run(1105): No profiles to upload
01-10 05:54:22.681 21922 29455 I Finsky  : [143] afqm.q(56): SCH: jobFinished: 20-23232323. TimeElapsed: 666ms.
01-10 05:54:22.683 21922 22123 I Finsky  : [65] afqg.a(15): SCH: no pending jobs to schedule.
01-10 05:54:22.683 21922 29454 I Finsky  : [142] afsf.a(24): SCH: job service finished with id 9436.
01-10 05:54:22.727  2104 18445 I WifiHAL : event received NL80211_CMD_VENDOR, vendor_id = 0x1374, subcmd = 0xd
01-10 05:54:22.727  3314 18446 D LOWI-9.0.1.110: [LOWI-Scan] wait_event:Wait done with Cmd 103
01-10 05:54:22.727  3270  3270 I cnss-daemon: nl80211 response handler invoked
01-10 05:54:22.727  3270  3270 I cnss-daemon: nl80211_response_handler: cmd 103, vendorID 4980, subcmd 13  received
01-10 05:54:22.727  3314 18446 D LOWI-9.0.1.110: [LOWI-Scan] do_listen_events: Rcvd valid Netlink Cmd 0 Err 0
01-10 05:54:22.912 17922 18970 D NotificationService--NotificationRecord: isSupportRearLight , isRearLight = false mLedRM = false isMultilLed = false
01-10 05:54:22.980 17922 17922 D EnvelopeDetectorController: isEnvelopeAssistantEnabled isCancelNotification: true currentUserId: 0 userId: 0
01-10 05:54:23.002 17922 18970 D ConnectivityService: requestNetwork for uid/pid:10285/23372 activeRequest: null callbackRequest: 471 [NetworkRequest [ REQUEST id=472, [ Capabilities: INTERNET&NOT_RESTRICTED&TRUSTED&NOT_VCN_MANAGED&NOT_BANDWIDTH_CONSTRAINED Uid: 10285 RequestorUid: 10285 RequestorPkg: com.google.android.apps.photos UnderlyingNetworks: Null] ]] callback flags: 0 order: 2147483647 isUidTracked: false declaredMethods: ALL
01-10 05:54:23.003 17922 18306 D WifiNetworkFactory: got request NetworkRequest [ REQUEST id=472, [ Capabilities: INTERNET&NOT_RESTRICTED&TRUSTED&NOT_VCN_MANAGED&NOT_BANDWIDTH_CONSTRAINED Uid: 10285 RequestorUid: 10285 RequestorPkg: com.google.android.apps.photos UnderlyingNetworks: Null] ]
01-10 05:54:23.003 17922 18306 D UntrustedWifiNetworkFactory: got request NetworkRequest [ REQUEST id=472, [ Capabilities: INTERNET&NOT_RESTRICTED&TRUSTED&NOT_VCN_MANAGED&NOT_BANDWIDTH_CONSTRAINED Uid: 10285 RequestorUid: 10285 RequestorPkg: com.google.android.apps.photos UnderlyingNetworks: Null] ]
01-10 05:54:23.003 17922 18306 D OemPaidWifiNetworkFactory: got request NetworkRequest [ REQUEST id=472, [ Capabilities: INTERNET&NOT_RESTRICTED&TRUSTED&NOT_VCN_MANAGED&NOT_BANDWIDTH_CONSTRAINED Uid: 10285 RequestorUid: 10285 RequestorPkg: com.google.android.apps.photos UnderlyingNetworks: Null] ]
01-10 05:54:23.003 17922 18306 D MultiInternetWifiNetworkFactory: got request NetworkRequest [ REQUEST id=472, [ Capabilities: INTERNET&NOT_RESTRICTED&TRUSTED&NOT_VCN_MANAGED&NOT_BANDWIDTH_CONSTRAINED Uid: 10285 RequestorUid: 10285 RequestorPkg: com.google.android.apps.photos UnderlyingNetworks: Null] ]
01-10 05:54:23.003 17922 18314 D ConnectivityService: NetReassign [472 : null â†’ 102] [c 0] [a 0] [i 1]
01-10 05:54:23.009 20228 21027 D MediaProvider: Open with FUSE. FilePath: /storage/emulated/0/DCIM/Camera/IMG20250109161918.jpg. Uid: 10285. Media Capabilities Uid: 0. ShouldRedact: false. ShouldTranscode: false
01-10 05:54:23.048  2273  2310 D BatteryChargeControl: bcc get no support from charging protocol
01-10 05:54:23.053  2150  2232 I SnapAlloc: Using graphics libs for alignment calculations
01-10 05:54:23.060  2150  2232 I SnapAlloc: Using graphics libs for alignment calculations
01-10 05:54:23.066 23372 28428 V JpegEncoderExtImpl: Resolution: 90 x 135,support: 0;
01-10 05:54:23.066 23372 28428 V ListServiceUtils: getListValueByUid module:image-processing uid:10285 cost 136us return 0
01-10 05:54:23.066 23372 28428 V JpegEncoderExtImpl: Resolution: 180 x 270,support: 0;
01-10 05:54:23.071 20228 21027 D MediaProvider: Open with FUSE. FilePath: /storage/emulated/0/DCIM/Camera/IMG20250109161919_01.jpg. Uid: 10285. Media Capabilities Uid: 0. ShouldRedact: false. ShouldTranscode: false
01-10 05:54:23.126  2150  2232 I SnapAlloc: Using graphics libs for alignment calculations
01-10 05:54:23.127  2150  2232 I SnapAlloc: Using graphics libs for alignment calculations
01-10 05:54:23.132 23372 28394 V JpegEncoderExtImpl: Resolution: 90 x 135,support: 0;
01-10 05:54:23.132 23372 28394 V ListServiceUtils: getListValueByUid module:image-processing uid:10285 cost 69us return 0
01-10 05:54:23.132 23372 28394 V JpegEncoderExtImpl: Resolution: 180 x 270,support: 0;
01-10 05:54:23.248 17922 17969 I ActivityManager: Test idle failed due to 19bfe6b 22674:com.oplus.wirelesssettings/1000 runnable at +1m11s183ms because CACHED
01-10 05:54:23.295  2183  2262 E PERFHAL-PERFCTRL: PERFHAL-PERFCTRL: chk_core_online_poll_loop() 700: poll() has timed out for /sys/kernel/msm_performance/events/cpu_hotplug
01-10 05:54:23.295  2183  2262 E PERFHAL-PERFCTRL: PERFHAL-PERFCTRL: chk_core_online_poll_loop() 695: Block on poll()
01-10 05:54:23.413 17922 18314 D InetDiagMessage: Destroyed 12 sockets, proto=IPPROTO_TCP, family=AF_INET, states=14
01-10 05:54:23.415 17922 18314 D InetDiagMessage: Destroyed 2 sockets, proto=IPPROTO_TCP, family=AF_INET6, states=14
01-10 05:54:23.416 17922 18314 D InetDiagMessage: Destroyed live tcp sockets for uids={10330} in 7ms
01-10 05:54:23.418 17922 18314 D InetDiagMessage: Destroyed 0 sockets, proto=IPPROTO_TCP, family=AF_INET, states=14
01-10 05:54:23.419 17922 18314 D InetDiagMessage: Destroyed 0 sockets, proto=IPPROTO_TCP, family=AF_INET6, states=14
01-10 05:54:23.419 17922 18314 D InetDiagMessage: Destroyed live tcp sockets for uids={20330} in 3ms
01-10 05:54:23.666 17922 18235 D ActivityManager: Freezer deadlock watchdog
01-10 05:54:23.687 28979 29336 V PV-MON  : sles success!
01-10 05:54:23.688 28979 29336 V PV-MON  : aaudio success
01-10 05:54:23.694 28979 29336 V PV-MON  : nativeInitMicMon success
01-10 05:54:23.697 17535 17582 E TetherController: property_get sys.radio.data.modem_share_flag return 0, 1!
01-10 05:54:23.707 18843 19457 V MonthTrafficAlert: getWarningNotification subId:1 numWarningNotificaion:0
01-10 05:54:23.806 18698 18698 D PluginSeedling--CapsuleCard: InstantViewModel-->time out, close service, key:268451924||0|1736484857600
01-10 05:54:23.806 18698 18698 D PluginSeedling--Origin: EntryDataManager-->close service, entryType:[statusbar,type=8,hostId=20], serviceId:268451924
01-10 05:54:23.806 18698 18698 D PluginSeedling--Origin: BaseDataManager-->update onDataChanged -> size: 1,state:SeedlingState(8)
01-10 05:54:23.807 18698 18698 E SDP.SysUi.BaseSeedling:  268451924&0&20_sid=268451924_rk=7b8086,268451924&0&20_sid=268451924_rk=7b8086,getViewListBySize error, entrance:status_bar[8,20], cardSize:9, allValidSize:[7][ssdk:v1.2.56-932c039,sdplugin:v15.0.69-dc9783bb] [SeedlingSdk|com.android.systemui|1.4.26-79c0076]
01-10 05:54:23.807 18698 18698 E PluginSeedling--StatusBar: StatusSeedlingInfo-->get no lg CardView, 268451924
01-10 05:54:23.807 18698 18698 I SDP.SysUi.BaseSeedling:  268451924&0&20_sid=268451924_rk=7b8086,268451924&0&20_sid=268451924_rk=7b8086,getViewListBySize success, entrance:status_bar[8,20], cardSize:7, allValidSize:[7][ssdk:v1.2.56-932c039,sdplugin:v15.0.69-dc9783bb]
01-10 05:54:23.807 18698 18698 D PluginSeedling--CapsuleCard: SeedlingInfo-->getHiddenStatusIconList: [battery]
01-10 05:54:23.807 18698 18698 D PluginSeedling--Capsule: CapsulesRepository-->onDataChanged, hasSystem[true to true] size:1: [StatusBarSeedlingInfo: [key: 268451924||0|1736484857600, entranceType: 8, serviceType: 100, score: 6.05, groupPripority: 1 seedlingType: 2, serviceCategory: 2, shouldShow: true, lockscreenShouldShow: false, seedlingState: SeedlingState(8), state: 2, pkg: com.oplus.battery, hostPackage=com.oplus.battery front: false, forceReminder: false, remindLevel: 0, liveDuration: 0, InstantDuration: 5000, requestPanel: false, capsuleTimeOut: 300000 SeedlingCardOptions: true, seedlingUIData: true, isSupportMultiInstance: false, serviceInstanceId:  subdomain: common, rusBaseData: RusBaseData(id='268451924', updateStateEnable=0, canDelete=1, remindAlways=0, longClick='', cardImportance=-1, clickCustomAction=0, timeOutDuration=5,enableInSuperpower=1)]isOverrideTransition:false, state: SeedlingState(8),L-level: 1, T-level: 1, showSize: 7, capsuleShowing: true, capsuleShowingOfLock: false, cardShowing: false, cardView: null, capsuleView: n7.b1{aa35acb V.E...... ........ 322,21-758,100 alpha=1.0 viewInfo = },hiddenIconList: [battery]
01-10 05:54:23.807 18698 18698 D PluginSeedling--Capsule: ]
01-10 05:54:23.807 18698 18698 D PluginSeedling--Capsule: BaseCapsuleContainerViewModel-->onCapsuleListChanged:[]
01-10 05:54:23.807 18698 18698 D PluginSeedling--Capsule: BaseCapsuleContainerViewModel-->applyListInternal
01-10 05:54:23.807 18698 18698 D PluginSeedling--Capsule: BaseCapsuleContainerViewModel-->cancelPostApply
01-10 05:54:23.807 18698 18698 E SDP.SysUi.BaseSeedling:  268451924&0&20_sid=268451924_rk=7b8086,268451924&0&20_sid=268451924_rk=7b8086,getViewListBySize error, entrance:status_bar[8,20], cardSize:9, allValidSize:[7][ssdk:v1.2.56-932c039,sdplugin:v15.0.69-dc9783bb]
01-10 05:54:23.807 18698 18698 E PluginSeedling--StatusBar: StatusSeedlingInfo-->get no lg CardView, 268451924
01-10 05:54:23.807 18698 18698 I SDP.SysUi.BaseSeedling:  268451924&0&20_sid=268451924_rk=7b8086,268451924&0&20_sid=268451924_rk=7b8086,getViewListBySize success, entrance:status_bar[8,20], cardSize:7, allValidSize:[7][ssdk:v1.2.56-932c039,sdplugin:v15.0.69-dc9783bb]
01-10 05:54:23.807 18698 18698 D PluginSeedling--CapsuleCard: SeedlingInfo-->getHiddenStatusIconList: [battery]
01-10 05:54:23.807 18698 18698 D PluginSeedling--CapsuleCard: CardsRepository-->onDataChanged, size:1:[StatusBarSeedlingInfo: [key: 268451924||0|1736484857600, entranceType: 8, serviceType: 100, score: 6.05, groupPripority: 1 seedlingType: 2, serviceCategory: 2, shouldShow: true, lockscreenShouldShow: false, seedlingState: SeedlingState(8), state: 2, pkg: com.oplus.battery, hostPackage=com.oplus.battery front: false, forceReminder: false, remindLevel: 0, liveDuration: 0, InstantDuration: 5000, requestPanel: false, capsuleTimeOut: 300000 SeedlingCardOptions: true, seedlingUIData: true, isSupportMultiInstance: false, serviceInstanceId:  subdomain: common, rusBaseData: RusBaseData(id='268451924', updateStateEnable=0, canDelete=1, remindAlways=0, longClick='', cardImportance=-1, clickCustomAction=0, timeOutDuration=5,enableInSuperpower=1)]isOverrideTransition:false, state: SeedlingState(8),L-level: 1, T-level: 1, showSize: 7, capsuleShowing: true, capsuleShowingOfLock: false, cardShowing: false, cardView: null, capsuleView: n7.b1{aa35acb V.E...... ........ 322,21-758,100 alpha=1.0 viewInfo = },hiddenIconList: [battery]
01-10 05:54:23.807 18698 18698 D PluginSeedling--CapsuleCard: ]
01-10 05:54:23.807 18698 18698 D PluginSeedling--CapsuleCard: CardsRepository-->cardList not change!
01-10 05:54:23.807 18698 18698 D PluginSeedling--CapsuleCard: CardsRepository-->old: [
01-10 05:54:23.807 18698 18698 D PluginSeedling--CapsuleCard: key: 268451924||0|1736484857600, modelState:SeedlingState(0),level: 1, score: 6.05, forceReminder: false, alwaysReminder: false, duration: 5000]
01-10 05:54:23.807 18698 18698 D PluginSeedling--CapsuleCard:  new: []
01-10 05:54:23.807 18698 18698 I PluginSeedling--CapsuleCard: CardRootViewModel-->onInstantListChanged: StateEventManager.getCurrentState(): INSTANT_CARD_STATE, size: 0, list: []
01-10 05:54:23.807 18698 18698 D PluginSeedling--CapsuleCard: CardRootViewModel-->applyInstantListInternal, size: 0, list: []
01-10 05:54:23.807 18698 18698 I PluginSeedling--CapsuleCard: CardRootViewModel-->autoSetCardRootVisible: isQsExpandfalse
01-10 05:54:23.807 18698 18698 D PluginSeedling--CapsuleCard: InstantViewModel-->update list, instant size:0
01-10 05:54:23.807 18698 18698 D PluginSeedling--CapsuleCard: InstantViewModel-->list is null
01-10 05:54:23.807 18698 18698 I PluginSeedling--StateMachine: StateEventManager-->stable: true, event: null
01-10 05:54:23.808 18698 18698 D PluginSeedling--StateMachine: SeedlingStateMachine-->BeforeEvent:EVENT_DATA_INSTANT PreState:START_STATE CurState:INSTANT_CARD_STATE
01-10 05:54:23.808 18698 18698 D PluginSeedling--Engine: StateMachine-->try transfer INSTANT_TO_START_BY_DATA @main
01-10 05:54:23.809 18698 18698 I [UAH_CLIENT]: UahEventAcquire, cmdid:407, pkg:com.android.systemui, identity:CallHandler
01-10 05:54:23.810 18698 18698 W PluginSeedling--Origin: CallHandler-->eventAcquire failed handle = -1
01-10 05:54:23.810 18698 18698 E PluginSeedling--Origin: ReflectionUtil-->AodViewModel, false
01-10 05:54:23.810 18698 18698 E PluginSeedling--Origin: java.lang.NoSuchMethodException: dalvik.system.VMRuntime.SupressionGC [int, int]
01-10 05:54:23.810 18698 18698 E PluginSeedling--Origin:        at java.lang.Class.getMethod(Class.java:2950)
01-10 05:54:23.810 18698 18698 E PluginSeedling--Origin:        at java.lang.Class.getDeclaredMethod(Class.java:2929)
01-10 05:54:23.810 18698 18698 E PluginSeedling--Origin:        at s8.e0.Z2(Unknown Source:15)
01-10 05:54:23.810 18698 18698 E PluginSeedling--Origin:        at i3.i2.b(Unknown Source:62)
01-10 05:54:23.810 18698 18698 E PluginSeedling--Origin:        at i3.j2.a(Unknown Source:45)
01-10 05:54:23.810 18698 18698 E PluginSeedling--Origin:        at z4.d.a(Unknown Source:26)
01-10 05:54:23.810 18698 18698 E PluginSeedling--Origin:        at z4.e.f(Unknown Source:45)
01-10 05:54:23.810 18698 18698 E PluginSeedling--Origin:        at s4.u.m(Unknown Source:456)
