01-10 05:54:23.831 18698 28838 D UserContextImp: acquireUnstableContentProviderClient, originAuthority com.oplus.pantanal.ums.cardservice.provider.CardServiceClientProvider authorityWithoutUserId com.oplus.pantanal.ums.cardservice.provider.CardServiceClientProvider authorityWithUserId 0@com.oplus.pantanal.ums.cardservice.provider.CardServiceClientProvider UserContextImp com.android.systemui.SystemUIApplication@5545de7 userId 0
01-10 05:54:23.831 20663 20678 I Channel.Client[1000032].ums.ChannelClientProvider: call, clientProxy=com.oplus.channel.client.ClientProxy@da7e9d2, clientName=seedling_client_statusbar
01-10 05:54:23.832 18698 28838 W PantaCard.SysUi.ServiceManagerProxy:  268451924&0&20_sid=268451924_rk=7b8086_sk=49dfc1,requestCardAction request done,bussinessTag = [cardUniqueKey=268451924&0&20_sid=268451924_rk=7b8086_sk=49dfc1,action =CardAction(action=2, param={life_circle=destroy, service_id=268451924, card_create_type=2, card_size=1000, seedling_entrance=8, page_id=pages/index.json, upk_version_code=1000001}, shouldForceFetch=true, shouldNotify=true)],clientProxy = com.oplus.channel.server.ClientProxyImpl@c1584d3[sdk:v1.2.56-932c039,seed-plugin:v15.0.69-dc9783bb,app:v15.00.11] [7f0000011736484857602442024295|p_18698_5e03e6f@18|p_18698_5e03e6f@19|com.android.systemui]
01-10 05:54:23.832 18698 28838 D UTrace.Sdk: addSpanTags, tags: {cardViewInfo=CardViewInfo[entrance:[statusbar,type=8,hostId=20]; serviceId:268451924; cardType:268451924; hostId:20; cardId:0; size:0; sizeList:[7]; initDataSize:0; policyName:; cardCategory:SEEDLING]} [7f0000011736484857602442024295|p_18698_5e03e6f@18|p_18698_5e03e6f@19|com.android.systemui]
01-10 05:54:23.832 18698 28838 D UTrace.Sdk: end, completionType: GOAHEAD [7f0000011736484857602442024295|p_18698_5e03e6f@18|p_18698_5e03e6f@19|com.android.systemui]
01-10 05:54:23.832 18698 28838 D UTrace.Sdk: start, spanName: 7005 [7f0000011736484857602442024295|p_18698_5e03e6f@19|p_18698_5e03e6f@20|com.android.systemui]
01-10 05:54:23.832 18698 28838 I PantaCard.SysUi.ServiceManagerProxy:  268451924&0&20_sid=268451924_rk=7b8086_sk=09a6d3,requestCardAction: businessTag =[cardUniqueKey=268451924&0&20_sid=268451924_rk=7b8086_sk=09a6d3,action =CardAction(action=2, param={life_circle=unsubscribed, service_id=268451924, card_create_type=2, card_size=1000, seedling_entrance=8, page_id=pages/index.json, upk_version_code=1000001}, shouldForceFetch=true, shouldNotify=true)][sdk:v1.2.56-932c039,seed-plugin:v15.0.69-dc9783bb,app:v15.00.11] [7f0000011736484857602442024295|p_18698_5e03e6f@19|p_18698_5e03e6f@20|com.android.systemui]
01-10 05:54:23.832 18698 28838 D PantaCard.SysUi.CardViewInfo:  getUTraceCodeContext,extraData != null,codeCtx:null[sdk:v1.2.56-932c039,seed-plugin:v15.0.69-dc9783bb,app:v15.00.11] [7f0000011736484857602442024295|p_18698_5e03e6f@19|p_18698_5e03e6f@20|com.android.systemui]
01-10 05:54:23.832 18698 28838 I Channel.Server[1000032].systemui.ClientProxyImpl(seedling_client_statusbar): request, businessTag=[cardUniqueKey=268451924&0&20_sid=268451924_rk=7b8086_sk=09a6d3,action =CardAction(action=2, param={life_circle=unsubscribed, service_id=268451924, card_create_type=2, card_size=1000, seedling_entrance=8, page_id=pages/index.json, upk_version_code=1000001}, shouldForceFetch=true, shouldNotify=true)], shouldForceFetch=true, shouldNotify=true, this=202736851
01-10 05:54:23.832 18698 28838 D UserContextImp: acquireUnstableContentProviderClient, originAuthority com.oplus.pantanal.ums.cardservice.provider.CardServiceClientProvider authorityWithoutUserId com.oplus.pantanal.ums.cardservice.provider.CardServiceClientProvider authorityWithUserId 0@com.oplus.pantanal.ums.cardservice.provider.CardServiceClientProvider UserContextImp com.android.systemui.SystemUIApplication@5545de7 userId 0
01-10 05:54:23.832 20663 20678 I Channel.Client[1000032].ums.ChannelClientProvider: call, clientProxy=com.oplus.channel.client.ClientProxy@da7e9d2, clientName=seedling_client_statusbar
01-10 05:54:23.832 18698 28838 W PantaCard.SysUi.ServiceManagerProxy:  268451924&0&20_sid=268451924_rk=7b8086_sk=09a6d3,requestCardAction request done,bussinessTag = [cardUniqueKey=268451924&0&20_sid=268451924_rk=7b8086_sk=09a6d3,action =CardAction(action=2, param={life_circle=unsubscribed, service_id=268451924, card_create_type=2, card_size=1000, seedling_entrance=8, page_id=pages/index.json, upk_version_code=1000001}, shouldForceFetch=true, shouldNotify=true)],clientProxy = com.oplus.channel.server.ClientProxyImpl@c1584d3[sdk:v1.2.56-932c039,seed-plugin:v15.0.69-dc9783bb,app:v15.00.11] [7f0000011736484857602442024295|p_18698_5e03e6f@19|p_18698_5e03e6f@20|com.android.systemui]
01-10 05:54:23.832 18698 28838 D UTrace.Sdk: addSpanTags, tags: {cardViewInfo=CardViewInfo[entrance:[statusbar,type=8,hostId=20]; serviceId:268451924; cardType:268451924; hostId:20; cardId:0; size:0; sizeList:[7]; initDataSize:0; policyName:; cardCategory:SEEDLING]} [7f0000011736484857602442024295|p_18698_5e03e6f@19|p_18698_5e03e6f@20|com.android.systemui]
01-10 05:54:23.832 18698 28838 D UTrace.Sdk: end, completionType: GOAHEAD [7f0000011736484857602442024295|p_18698_5e03e6f@19|p_18698_5e03e6f@20|com.android.systemui]
01-10 05:54:23.832 20663 22227 I CardService[500].UiDataChannelPolicy: 268451924&0&20_sid=268451924_rk=7b8086_sk=8c846f request: cardAction = {life_circle=hide, service_id=268451924, card_create_type=2, card_size=1000, seedling_entrance=8, page_id=pages/index.json, upk_version_code=1000001, card_unique_key=268451924&0&20_sid=268451924_rk=7b8086_sk=8c846f, is_support_multi_instance=false, service_instance_id=} [CardService-master|com.oplus.pantanal.ums|1.4.25-69f924a]
01-10 05:54:23.833 20663 22227 I CardService[500].CardServiceImpl: 268451924&0&20_sid=268451924_rk=7b8086_sk=8c846f requestCardAction, action = {life_circle=hide, service_id=268451924, card_create_type=2, card_size=1000, seedling_entrance=8, page_id=pages/index.json, upk_version_code=1000001, card_unique_key=268451924&0&20_sid=268451924_rk=7b8086_sk=8c846f, is_support_multi_instance=false, service_instance_id=}
01-10 05:54:23.833 20663 22221 I CardService[500].CardServiceImpl: 268451924&0&20_sid=268451924_rk=7b8086_sk=8c846f requestCardAction, action = {life_circle=hide, service_id=268451924, card_create_type=2, card_size=1000, seedling_entrance=8, page_id=pages/index.json, upk_version_code=1000001, card_unique_key=268451924&0&20_sid=268451924_rk=7b8086_sk=8c846f, is_support_multi_instance=false, service_instance_id=}, card = Card(cardIdentify=CardIdentify(cardIndex=0, cardType=268451924, hostId=20, cardCreateType=2, cardEntrance=8)),hadNotScanned:false
01-10 05:54:23.833 20663 22221 I CardService[500].Card: 268451924&0&20_sid=268451924_rk=7b8086 requestAction: start tryRunAction = {life_circle=hide, service_id=268451924, card_create_type=2, card_size=1000, seedling_entrance=8, page_id=pages/index.json, upk_version_code=1000001, card_unique_key=268451924&0&20_sid=268451924_rk=7b8086_sk=8c846f, is_support_multi_instance=false, service_instance_id=}
01-10 05:54:23.833 20663 22227 I CardService[500].UiDataChannelPolicy: 268451924&0&20_sid=268451924_rk=7b8086_sk=49dfc1 request: cardAction = {life_circle=destroy, service_id=268451924, card_create_type=2, card_size=1000, seedling_entrance=8, page_id=pages/index.json, upk_version_code=1000001, card_unique_key=268451924&0&20_sid=268451924_rk=7b8086_sk=49dfc1, is_support_multi_instance=false, service_instance_id=}
01-10 05:54:23.833 20663 22227 I CardService[500].CardServiceImpl: 268451924&0&20_sid=268451924_rk=7b8086_sk=49dfc1 requestCardAction, action = {life_circle=destroy, service_id=268451924, card_create_type=2, card_size=1000, seedling_entrance=8, page_id=pages/index.json, upk_version_code=1000001, card_unique_key=268451924&0&20_sid=268451924_rk=7b8086_sk=49dfc1, is_support_multi_instance=false, service_instance_id=}
01-10 05:54:23.833 17922 17940 E OplusHansFreezeManagerService: updateAppCardProvider is called, but com.oplus.pantanal.ums is not allowed.
01-10 05:54:23.833 20663 22221 I CardService[500].Card: 268451924&0&20_sid=268451924_rk=7b8086 requestAction: end tryRunAction = Action(shouldForceFetch=true, shouldNotify=true, action=2, extraParams={life_circle=hide, service_id=268451924, card_create_type=2, card_size=1000, seedling_entrance=8, page_id=pages/index.json, upk_version_code=1000001, card_unique_key=268451924&0&20_sid=268451924_rk=7b8086_sk=8c846f, is_support_multi_instance=false, service_instance_id=})
01-10 05:54:23.833 20663 22221 I CardService[500].CardDataChannelImpl: 268451924&0&20_sid=268451924_rk=7b8086 requestCardAction, action = 2, extras = {life_circle=hide, service_id=268451924, card_create_type=2, card_size=1000, seedling_entrance=8, page_id=pages/index.json, upk_version_code=1000001, card_unique_key=268451924&0&20_sid=268451924_rk=7b8086_sk=8c846f, is_support_multi_instance=false, service_instance_id=}, protocol=2, shouldForceFetch=true, shouldNotify=true
01-10 05:54:23.833 20663 22221 I Channel.Server[1000032].ums.ClientProxyImpl(hargeSeedling.ChargeSeedlingCardProvider): request, businessTag=268451924&0&20_sid=268451924_rk=7b8086, extra = [hide, 268451924, 2, 1000, 8, pages/index.json, 1000001, 268451924&0&20_sid=268451924_rk=7b8086_sk=8c846f, false, ], shouldForceFetch=true, shouldNotify=true, this=23062476
01-10 05:54:23.833 20663 22227 E ActivityThread: Failed to find provider info for com.coloros.assistantscreen.setting.permissionOperate
01-10 05:54:23.833 20663 22227 I CardService[500].UiDataChannelPolicy: 268451924&0&20_sid=268451924_rk=7b8086_sk=09a6d3 request: cardAction = {life_circle=unsubscribed, service_id=268451924, card_create_type=2, card_size=1000, seedling_entrance=8, page_id=pages/index.json, upk_version_code=1000001, card_unique_key=268451924&0&20_sid=268451924_rk=7b8086_sk=09a6d3, is_support_multi_instance=false, service_instance_id=}
01-10 05:54:23.833 20663 22227 I CardService[500].CardServiceImpl: 268451924&0&20_sid=268451924_rk=7b8086_sk=09a6d3 requestCardAction, action = {life_circle=unsubscribed, service_id=268451924, card_create_type=2, card_size=1000, seedling_entrance=8, page_id=pages/index.json, upk_version_code=1000001, card_unique_key=268451924&0&20_sid=268451924_rk=7b8086_sk=09a6d3, is_support_multi_instance=false, service_instance_id=}
01-10 05:54:23.833 20663 22221 I CardService[500].CardServiceImpl: 268451924&0&20_sid=268451924_rk=7b8086_sk=49dfc1 requestCardAction, action = {life_circle=destroy, service_id=268451924, card_create_type=2, card_size=1000, seedling_entrance=8, page_id=pages/index.json, upk_version_code=1000001, card_unique_key=268451924&0&20_sid=268451924_rk=7b8086_sk=49dfc1, is_support_multi_instance=false, service_instance_id=}, card = Card(cardIdentify=CardIdentify(cardIndex=0, cardType=268451924, hostId=20, cardCreateType=2, cardEntrance=8)),hadNotScanned:false
01-10 05:54:23.834 20663 22221 I CardService[500].Card: 268451924&0&20_sid=268451924_rk=7b8086 requestAction: start tryRunAction = {life_circle=destroy, service_id=268451924, card_create_type=2, card_size=1000, seedling_entrance=8, page_id=pages/index.json, upk_version_code=1000001, card_unique_key=268451924&0&20_sid=268451924_rk=7b8086_sk=49dfc1, is_support_multi_instance=false, service_instance_id=}
01-10 05:54:23.834 20663 22221 I CardService[500].Card: 268451924&0&20_sid=268451924_rk=7b8086 requestAction: end tryRunAction = Action(shouldForceFetch=false, shouldNotify=true, action=2, extraParams={life_circle=destroy, service_id=268451924, card_create_type=2, card_size=1000, seedling_entrance=8, page_id=pages/index.json, upk_version_code=1000001, card_unique_key=268451924&0&20_sid=268451924_rk=7b8086_sk=49dfc1, is_support_multi_instance=false, service_instance_id=})
01-10 05:54:23.834 20663 29487 I Channel.Server[1000032].ums.CallPuller: callPull, businessTag=268451924&0&20_sid=268451924_rk=7b8086, extra = [hide, 268451924, 2, 1000, 8, pages/index.json, 1000001, 268451924&0&20_sid=268451924_rk=7b8086_sk=8c846f, false, ], com.oplus.powermanager.chargeSeedling.ChargeSeedlingCardProvider
01-10 05:54:23.834 20663 22221 I CardService[500].CardDataChannelImpl: 268451924&0&20_sid=268451924_rk=7b8086 requestCardAction, action = 2, extras = {life_circle=destroy, service_id=268451924, card_create_type=2, card_size=1000, seedling_entrance=8, page_id=pages/index.json, upk_version_code=1000001, card_unique_key=268451924&0&20_sid=268451924_rk=7b8086_sk=49dfc1, is_support_multi_instance=false, service_instance_id=}, protocol=2, shouldForceFetch=false, shouldNotify=true
01-10 05:54:23.834 20663 22221 I Channel.Server[1000032].ums.ClientProxyImpl(hargeSeedling.ChargeSeedlingCardProvider): request, businessTag=268451924&0&20_sid=268451924_rk=7b8086, extra = [destroy, 268451924, 2, 1000, 8, pages/index.json, 1000001, 268451924&0&20_sid=268451924_rk=7b8086_sk=49dfc1, false, ], shouldForceFetch=false, shouldNotify=true, this=23062476
01-10 05:54:23.834 20663 29487 I Channel.Server[1000032].ums.CallPuller: changeProviderClient, providerAuthority: com.oplus.battery.seedling.charge, providerClient: android.content.ContentProviderClient@23b7b66, userContext=null
01-10 05:54:23.834 20663 22221 I CardService[500].CardServiceImpl: 268451924&0&20_sid=268451924_rk=7b8086_sk=09a6d3 requestCardAction, action = {life_circle=unsubscribed, service_id=268451924, card_create_type=2, card_size=1000, seedling_entrance=8, page_id=pages/index.json, upk_version_code=1000001, card_unique_key=268451924&0&20_sid=268451924_rk=7b8086_sk=09a6d3, is_support_multi_instance=false, service_instance_id=}, card = Card(cardIdentify=CardIdentify(cardIndex=0, cardType=268451924, hostId=20, cardCreateType=2, cardEntrance=8)),hadNotScanned:false
01-10 05:54:23.834 20663 22221 I CardService[500].Card: 268451924&0&20_sid=268451924_rk=7b8086 requestAction: start tryRunAction = {life_circle=unsubscribed, service_id=268451924, card_create_type=2, card_size=1000, seedling_entrance=8, page_id=pages/index.json, upk_version_code=1000001, card_unique_key=268451924&0&20_sid=268451924_rk=7b8086_sk=09a6d3, is_support_multi_instance=false, service_instance_id=}
01-10 05:54:23.834 20663 22221 I CardService[500].Card: 268451924&0&20_sid=268451924_rk=7b8086 requestAction: end tryRunAction = Action(shouldForceFetch=true, shouldNotify=true, action=2, extraParams={life_circle=unsubscribed, service_id=268451924, card_create_type=2, card_size=1000, seedling_entrance=8, page_id=pages/index.json, upk_version_code=1000001, card_unique_key=268451924&0&20_sid=268451924_rk=7b8086_sk=09a6d3, is_support_multi_instance=false, service_instance_id=})
01-10 05:54:23.834 20663 22221 I CardService[500].CardDataChannelImpl: 268451924&0&20_sid=268451924_rk=7b8086 requestCardAction, action = 2, extras = {life_circle=unsubscribed, service_id=268451924, card_create_type=2, card_size=1000, seedling_entrance=8, page_id=pages/index.json, upk_version_code=1000001, card_unique_key=268451924&0&20_sid=268451924_rk=7b8086_sk=09a6d3, is_support_multi_instance=false, service_instance_id=}, protocol=2, shouldForceFetch=true, shouldNotify=true
01-10 05:54:23.834 20663 22221 I Channel.Server[1000032].ums.ClientProxyImpl(hargeSeedling.ChargeSeedlingCardProvider): request, businessTag=268451924&0&20_sid=268451924_rk=7b8086, extra = [unsubscribed, 268451924, 2, 1000, 8, pages/index.json, 1000001, 268451924&0&20_sid=268451924_rk=7b8086_sk=09a6d3, false, ], shouldForceFetch=true, shouldNotify=true, this=23062476
01-10 05:54:23.834 24295 24307 I Channel.Client[1000028].battery.ChannelClientProvider: call, clientProxy=com.oplus.channel.client.ClientProxy@fef8262, clientName=com.oplus.powermanager.chargeSeedling.ChargeSeedlingCardProvider
01-10 05:54:23.835 24295 24307 I Channel.Client[1000028].battery.ClientProxy.: processObserve resUri=card:268451924&0&20.
01-10 05:54:23.835 20663 29493 I Channel.Server[1000032].ums.CallPuller: callPull, businessTag=268451924&0&20_sid=268451924_rk=7b8086, extra = [unsubscribed, 268451924, 2, 1000, 8, pages/index.json, 1000001, 268451924&0&20_sid=268451924_rk=7b8086_sk=09a6d3, false, ], com.oplus.powermanager.chargeSeedling.ChargeSeedlingCardProvider
01-10 05:54:23.835 20663 29493 I Channel.Server[1000032].ums.CallPuller: changeProviderClient, providerAuthority: com.oplus.battery.seedling.charge, providerClient: android.content.ContentProviderClient@9090f54, userContext=null
01-10 05:54:23.835 24295 28844 D CardWidget_SEEDLING_SUPPORT_SDK(3000004): (SeedlingSupportCardExecutor-pool-2-thread-1) CardExecutor: request,data:[B@fd4540c
01-10 05:54:23.835 24295 28844 D CardWidget_SEEDLING_SUPPORT_SDK(3000004): (SeedlingSupportCardExecutor-pool-2-thread-1) use json to decode,size = 367
01-10 05:54:23.835 24295 28844 D CardWidget_SEEDLING_SUPPORT_SDK(3000004): (SeedlingSupportCardExecutor-pool-2-thread-1) card = {"cardType":268451924,"cardId":0,"hostId":20,"action":2,"param":{"life_circle":"hide","service_id":"268451924","card_create_type":"2","card_size":"1000","seedling_entrance":"8","page_id":"pages\/index.json","upk_version_code":"1000001","card_unique_key":"268451924&0&20_sid=268451924_rk=7b8086_sk=8c846f","is_support_multi_instance":"false","service_instance_id":""}}   action = 2  decodeSeedlingCardEvent param = 2
01-10 05:54:23.835 24295 28844 D CardWidget_SEEDLING_SUPPORT_SDK(3000004): (SeedlingSupportCardExecutor-pool-2-thread-1) service_id = 268451924
01-10 05:54:23.835 24295 28844 D CardWidget_SEEDLING_SUPPORT_SDK(3000004): (SeedlingSupportCardExecutor-pool-2-thread-1) card_create_type = 2
01-10 05:54:23.835 24295 28844 D CardWidget_SEEDLING_SUPPORT_SDK(3000004): (SeedlingSupportCardExecutor-pool-2-thread-1) card_size = 1000
01-10 05:54:23.835 24295 28844 D CardWidget_SEEDLING_SUPPORT_SDK(3000004): (SeedlingSupportCardExecutor-pool-2-thread-1) seedling_entrance = 8
01-10 05:54:23.835 24295 28844 D CardWidget_SEEDLING_SUPPORT_SDK(3000004): (SeedlingSupportCardExecutor-pool-2-thread-1) page_id = pages/index.json
01-10 05:54:23.835 24295 28844 D CardWidget_SEEDLING_SUPPORT_SDK(3000004): (SeedlingSupportCardExecutor-pool-2-thread-1) upk_version_code = 1000001
01-10 05:54:23.835 24295 24307 I Channel.Client[1000028].battery.ChannelClientProvider: call, clientProxy=com.oplus.channel.client.ClientProxy@fef8262, clientName=com.oplus.powermanager.chargeSeedling.ChargeSeedlingCardProvider
01-10 05:54:23.835 24295 28844 D CardWidget_SEEDLING_SUPPORT_SDK(3000004): (SeedlingSupportCardExecutor-pool-2-thread-1) service_instance_id =
01-10 05:54:23.835 24295 24307 I Channel.Client[1000028].battery.ClientProxy.: processObserve resUri=card:268451924&0&20.
01-10 05:54:23.835 24295 28844 D CardWidget_SEEDLING_SUPPORT_SDK(3000004): (SeedlingSupportCardExecutor-pool-2-thread-1) action :2
01-10 05:54:23.835 24295 28844 D CardWidget_SEEDLING_SUPPORT_SDK(3000004): (SeedlingSupportCardExecutor-pool-2-thread-1) dispatchLifecycle :hide,card = SeedlingCard(serviceId=268451924, cardId=268451924, cardIndex=0, hostId=20, host=StatusBar, subscribeType=Recommend, size=NXN, pageId=pages/index.json, upkVersionCode=1000001).instance=
01-10 05:54:23.835 24295 28844 D CardWidget_SEEDLING_SUPPORT_SDK(3000004)_SeedlingCardCache: (SeedlingSupportCardExecutor-pool-2-thread-1) onHide card=SeedlingCard(serviceId=268451924, cardId=268451924, cardIndex=0, hostId=20, host=StatusBar, subscribeType=Recommend, size=NXN, pageId=pages/index.json, upkVersionCode=1000001),instanceId=
01-10 05:54:23.835 20663 20678 I UMS.CardServiceServerProvider: call, method=pullCommand, arg=com.oplus.powermanager.chargeSeedling.ChargeSeedlingCardProvider, extras=null callingPackage=com.oplus.b***y, callingPid=24295,
01-10 05:54:23.835 24295 28844 D CardWidget_SEEDLING_SUPPORT_SDK(3000004): (SeedlingSupportCardExecutor-pool-2-thread-1) CardExecutor: request,data:[B@c4ba155
01-10 05:54:23.835 24295 28844 D CardWidget_SEEDLING_SUPPORT_SDK(3000004): (SeedlingSupportCardExecutor-pool-2-thread-1) use json to decode,size = 370
01-10 05:54:23.835 24295 28844 D CardWidget_SEEDLING_SUPPORT_SDK(3000004): (SeedlingSupportCardExecutor-pool-2-thread-1) card = {"cardType":268451924,"cardId":0,"hostId":20,"action":2,"param":{"life_circle":"destroy","service_id":"268451924","card_create_type":"2","card_size":"1000","seedling_entrance":"8","page_id":"pages\/index.json","upk_version_code":"1000001","card_unique_key":"268451924&0&20_sid=268451924_rk=7b8086_sk=49dfc1","is_support_multi_instance":"false","service_instance_id":""}}   action = 2  decodeSeedlingCardEvent param = 2
01-10 05:54:23.835 20663 20678 I Channel.Server[1000032].ums.IServerImpl: getCommandList, clientName=com.oplus.powermanager.chargeSeedling.ChargeSeedlingCardProvider, clientProxy=x2.else@15fe7cc
01-10 05:54:23.835 20663 20678 I UMS.HostPidManager: addHostPackageNameAndPid, callingPackageName = com.oplus.battery, callingPid = 24295, callbackId = [card:268451924&0&20]
01-10 05:54:23.835 24295 28844 D CardWidget_SEEDLING_SUPPORT_SDK(3000004): (SeedlingSupportCardExecutor-pool-2-thread-1) service_id = 268451924
01-10 05:54:23.835 24295 28844 D CardWidget_SEEDLING_SUPPORT_SDK(3000004): (SeedlingSupportCardExecutor-pool-2-thread-1) card_create_type = 2
01-10 05:54:23.835 24295 28844 D CardWidget_SEEDLING_SUPPORT_SDK(3000004): (SeedlingSupportCardExecutor-pool-2-thread-1) card_size = 1000
01-10 05:54:23.835 24295 28844 D CardWidget_SEEDLING_SUPPORT_SDK(3000004): (SeedlingSupportCardExecutor-pool-2-thread-1) seedling_entrance = 8
01-10 05:54:23.835 24295 28844 D CardWidget_SEEDLING_SUPPORT_SDK(3000004): (SeedlingSupportCardExecutor-pool-2-thread-1) page_id = pages/index.json
01-10 05:54:23.835 24295 28844 D CardWidget_SEEDLING_SUPPORT_SDK(3000004): (SeedlingSupportCardExecutor-pool-2-thread-1) upk_version_code = 1000001
01-10 05:54:23.835 24295 28844 D CardWidget_SEEDLING_SUPPORT_SDK(3000004): (SeedlingSupportCardExecutor-pool-2-thread-1) service_instance_id =
01-10 05:54:23.835 24295 28844 D CardWidget_SEEDLING_SUPPORT_SDK(3000004): (SeedlingSupportCardExecutor-pool-2-thread-1) action :2
01-10 05:54:23.835 20663 20678 I CardService[500].CardServiceServerProviderProxy: call: method = pullCommand, callingPackageName = *om.op*us.ba*tery, callingPid = 24295
01-10 05:54:23.835 24295 28844 D CardWidget_SEEDLING_SUPPORT_SDK(3000004): (SeedlingSupportCardExecutor-pool-2-thread-1) dispatchLifecycle :destroy,card = SeedlingCard(serviceId=268451924, cardId=268451924, cardIndex=0, hostId=20, host=StatusBar, subscribeType=Recommend, size=NXN, pageId=pages/index.json, upkVersionCode=1000001).instance=
01-10 05:54:23.835 20663 20946 I UMS.HostPidManager: addHostPackageNameAndPid launch
01-10 05:54:23.835 24295 28844 D CardWidget_SEEDLING_SUPPORT_SDK(3000004)_SeedlingCardCache: (SeedlingSupportCardExecutor-pool-2-thread-1) onDestroy card=SeedlingCard(serviceId=268451924, cardId=268451924, cardIndex=0, hostId=20, host=StatusBar, subscribeType=Recommend, size=NXN, pageId=pages/index.json, upkVersionCode=1000001),instanceId=
01-10 05:54:23.835 20663 20946 I UMS.HostPidManager: cleanIfNeed result false
01-10 05:54:23.835 24295 28844 D CardWidget_SEEDLING_SUPPORT_SDK(3000004)_SeedlingCardCache: (SeedlingSupportCardExecutor-pool-2-thread-1) unObserveSeedlingCard size=1,seedlingCard:SeedlingCard(serviceId=268451924, cardId=268451924, cardIndex=0, hostId=20, host=StatusBar, subscribeType=Recommend, size=NXN, pageId=pages/index.json, upkVersionCode=1000001)
01-10 05:54:23.835 24295 28844 D CardWidget_SEEDLING_SUPPORT_SDK(3000004)_SeedlingCardCache: (SeedlingSupportCardExecutor-pool-2-thread-1) unObserveSeedlingCard cardList size=0,[]
01-10 05:54:23.835 20663 20946 I UMS.HostPidManager: getCardTypes, resultList: [268451924]
01-10 05:54:23.835 24295 28844 D CardWidget_SEEDLING_SUPPORT_SDK(3000004): (SeedlingSupportCardExecutor-pool-2-thread-1) CardExecutor: request,data:[B@fb8645b
01-10 05:54:23.835 20663 20946 I UMS.HostPidManager: addToCacheIfNeed return false,callingPid, 24295,needAddMap = {268451924=com.oplus.battery}
01-10 05:54:23.835 24295 28844 D CardWidget_SEEDLING_SUPPORT_SDK(3000004): (SeedlingSupportCardExecutor-pool-2-thread-1) use json to decode,size = 375
01-10 05:54:23.835 20663 20946 I UMS.HostPidManager: addHostPackageNameAndPid,isChangedFromClean = false,isChangedFromAdd = false
01-10 05:54:23.835 24295 28844 D CardWidget_SEEDLING_SUPPORT_SDK(3000004): (SeedlingSupportCardExecutor-pool-2-thread-1) card = {"cardType":268451924,"cardId":0,"hostId":20,"action":2,"param":{"life_circle":"unsubscribed","service_id":"268451924","card_create_type":"2","card_size":"1000","seedling_entrance":"8","page_id":"pages\/index.json","upk_version_code":"1000001","card_unique_key":"268451924&0&20_sid=268451924_rk=7b8086_sk=09a6d3","is_support_multi_instance":"false","service_instance_id":""}}   action = 2  decodeSeedlingCardEvent param = 2
01-10 05:54:23.835 24295 28844 D CardWidget_SEEDLING_SUPPORT_SDK(3000004): (SeedlingSupportCardExecutor-pool-2-thread-1) service_id = 268451924
01-10 05:54:23.835 24295 28844 D CardWidget_SEEDLING_SUPPORT_SDK(3000004): (SeedlingSupportCardExecutor-pool-2-thread-1) card_create_type = 2
01-10 05:54:23.835 24295 28844 D CardWidget_SEEDLING_SUPPORT_SDK(3000004): (SeedlingSupportCardExecutor-pool-2-thread-1) card_size = 1000
01-10 05:54:23.835 24295 24404 I Channel.Client[1000028].battery.ClientProxy.ChargeSeedlingCardProvider: pullAndRunCommand commandList = [Command(methodType=2, callbackId=card:268451924&0&20, params=[B@978a4f8)]
01-10 05:54:23.835 24295 28844 D CardWidget_SEEDLING_SUPPORT_SDK(3000004): (SeedlingSupportCardExecutor-pool-2-thread-1) seedling_entrance = 8
01-10 05:54:23.835 24295 28844 D CardWidget_SEEDLING_SUPPORT_SDK(3000004): (SeedlingSupportCardExecutor-pool-2-thread-1) page_id = pages/index.json
01-10 05:54:23.835 24295 24404 I Channel.Client[1000028].battery.ClientProxy.: processObserve resUri=card:268451924&0&20.
01-10 05:54:23.835 24295 28844 D CardWidget_SEEDLING_SUPPORT_SDK(3000004): (SeedlingSupportCardExecutor-pool-2-thread-1) upk_version_code = 1000001
01-10 05:54:23.835 24295 28844 D CardWidget_SEEDLING_SUPPORT_SDK(3000004): (SeedlingSupportCardExecutor-pool-2-thread-1) service_instance_id =
01-10 05:54:23.835 24295 28844 D CardWidget_SEEDLING_SUPPORT_SDK(3000004): (SeedlingSupportCardExecutor-pool-2-thread-1) action :2
01-10 05:54:23.835 24295 28844 D CardWidget_SEEDLING_SUPPORT_SDK(3000004): (SeedlingSupportCardExecutor-pool-2-thread-1) dispatchLifecycle :unsubscribed,card = SeedlingCard(serviceId=268451924, cardId=268451924, cardIndex=0, hostId=20, host=StatusBar, subscribeType=Recommend, size=NXN, pageId=pages/index.json, upkVersionCode=1000001).instance=
01-10 05:54:23.835 24295 28844 D CardWidget_SEEDLING_SUPPORT_SDK(3000004)_SeedlingCardCache: (SeedlingSupportCardExecutor-pool-2-thread-1) onUnSubscribed card=SeedlingCard(serviceId=268451924, cardId=268451924, cardIndex=0, hostId=20, host=StatusBar, subscribeType=Recommend, size=NXN, pageId=pages/index.json, upkVersionCode=1000001),instanceId=
01-10 05:54:23.836 24295 28844 E UTraceContext: jsonString parse to json error: org.json.JSONException: End of input at character 0 of  [Battery.apk|com.oplus.battery|1.4.7-8671218-20240809-163401]
01-10 05:54:23.836 24295 28844 E UTraceContext: org.json.JSONException: End of input at character 0 of
01-10 05:54:23.836 24295 28844 E UTraceContext:         at org.json.JSONTokener.syntaxError(JSONTokener.java:469)
01-10 05:54:23.836 24295 28844 E UTraceContext:         at org.json.JSONTokener.nextValue(JSONTokener.java:101)
01-10 05:54:23.836 24295 28844 E UTraceContext:         at org.json.JSONObject.<init>(JSONObject.java:168)
01-10 05:54:23.836 24295 28844 E UTraceContext:         at org.json.JSONObject.<init>(JSONObject.java:185)
01-10 05:54:23.836 24295 28844 E UTraceContext:         at com.oplus.utrace.sdk.UTraceContextV2$Companion.fromJSONString(UTraceContextV2.kt:17)
01-10 05:54:23.836 24295 28844 E UTraceContext:         at com.oplus.utrace.sdk.UTraceCompat.readFromJsonString(UTraceCompat.kt:10)
01-10 05:54:23.836 24295 28844 E UTraceContext:         at m7.c.d(Unknown Source:15)
01-10 05:54:23.836 24295 28844 E UTraceContext:         at m7.a$a.b(Unknown Source:8)
01-10 05:54:23.836 24295 28844 E UTraceContext:         at h7.a.d(Unknown Source:23)
01-10 05:54:23.836 24295 28844 E UTraceContext:         at h7.a.onUnSubscribed(Unknown Source:50)
01-10 05:54:23.836 24295 28844 E UTraceContext:         at k7.c$b.a(Unknown Source:121)
01-10 05:54:23.836 24295 28844 E UTraceContext:         at k7.c$b.invoke(Unknown Source:5)
01-10 05:54:23.836 24295 28844 E UTraceContext:         at k7.c.f(Unknown Source:133)
01-10 05:54:23.836 24295 28844 E UTraceContext:         at k7.c.a(Unknown Source:16)
01-10 05:54:23.836 24295 28844 E UTraceContext:         at i7.a$e.a(Unknown Source:59)
01-10 05:54:23.836 24295 28844 E UTraceContext:         at i7.a$e.invoke(Unknown Source:3)
01-10 05:54:23.836 24295 28844 E UTraceContext:         at com.oplus.pantanal.seedling.util.c$a.a(Unknown Source:5)
01-10 05:54:23.836 24295 28844 E UTraceContext:         at com.oplus.pantanal.seedling.util.c$a.invoke(Unknown Source:1)
01-10 05:54:23.836 24295 28844 E UTraceContext:         at com.oplus.pantanal.seedling.util.f.a(Unknown Source:11)
01-10 05:54:23.836 24295 28844 E UTraceContext:         at com.oplus.pantanal.seedling.util.c.m(Unknown Source:13)
01-10 05:54:23.836 24295 28844 E UTraceContext:         at com.oplus.pantanal.seedling.util.c.a(Unknown Source:1)
01-10 05:54:23.836 24295 28844 E UTraceContext:         at com.oplus.pantanal.seedling.util.b.run(R8$$SyntheticClass:5)
01-10 05:54:23.836 24295 28844 E UTraceContext:         at java.util.concurrent.Executors$RunnableAdapter.call(Executors.java:487)
01-10 05:54:23.836 24295 28844 E UTraceContext:         at java.util.concurrent.FutureTask.run(FutureTask.java:264)
01-10 05:54:23.836 24295 28844 E UTraceContext:         at java.util.concurrent.ThreadPoolExecutor.runWorker(ThreadPoolExecutor.java:1145)
01-10 05:54:23.836 24295 28844 E UTraceContext:         at java.util.concurrent.ThreadPoolExecutor$Worker.run(ThreadPoolExecutor.java:644)
01-10 05:54:23.836 24295 28844 E UTraceContext:         at java.lang.Thread.run(Thread.java:1012)
01-10 05:54:23.836 24295 28844 D CardWidget_TraceHelper: (SeedlingSupportCardExecutor-pool-2-thread-1) startTrace spanName=920008.parentTraceCtx=null
01-10 05:54:23.836 24295 28844 E CardWidget_TraceHelper: (SeedlingSupportCardExecutor-pool-2-thread-1) traceCtxStr is null or empty
01-10 05:54:23.912 17922 17940 W ActivityManager: startForegroundService() not allowed due to mAllowStartForeground false: service com.google.android.apps.photos/.backup.persistentstatus.UploadStatusNotificationForegroundService
01-10 05:54:23.914 17922 17940 D NotificationService--NotificationRecord: isSupportRearLight , isRearLight = false mLedRM = false isMultilLed = false
01-10 05:54:23.995 17922 19257 D CompatChangeReporter: Compat change id reported: 161145287; UID 10330; state: ENABLED
01-10 05:54:24.049  2273  2310 D BatteryChargeControl: bcc get no support from charging protocol
01-10 05:54:24.073 18698 18698 I ULELite : [ImmediateCapsuleAnimationHelper] onAnimationEnd : logType=translateToHoleAnimationItemsPlay, animationType=2 [SeedlingSdk|com.android.systemui|1.4.26-79c0076]
01-10 05:54:24.073 18698 18698 I ULELite : [ImmediateCapsuleAnimationHelper] onStatusChanged callback : event=SizeChangeAnimationEnd params=Bundle[{width=0}]
01-10 05:54:24.073 18698 18698 W ULELite : [ImmediateCapsuleAnimationHelper] mEngineInstance is invalid
01-10 05:54:24.094 17535 17582 E TetherController: property_get sys.radio.data.modem_share_flag return 0, 1!
01-10 05:54:24.197 20907 23855 W OplusExSystemServiceHelper: checkOplusExSystemService intent getComponent is null
01-10 05:54:24.202 20907 23855 W OplusExSystemServiceHelper: checkOplusExSystemService intent getComponent is null
01-10 05:54:24.208 18843 19462 D TelephonyImpl: isRequestingMms
01-10 05:54:24.208 18843 19462 D TelephonyImpl: getReleaseMmsNetworkTime
01-10 05:54:24.210 20907 28732 I RecoverableKeyStoreGms: (REDACTED) [GetSyncStatusOperation] GetSyncStatusOperation: %s
01-10 05:54:24.212 18843 19462 D OplusDdsSwitchStrategy: Md,OplusCheckFeature,RETURN_TO_CUR_ACTION_DDS
01-10 05:54:24.215 20907 23855 W OplusExSystemServiceHelper: checkOplusExSystemService intent getComponent is null
01-10 05:54:24.218 20907 23855 W OplusExSystemServiceHelper: checkOplusExSystemService intent getComponent is null
01-10 05:54:24.226 17922 18970 I RecoverableAppKeyStore: Get 0/10129/com.google.android.gms.auth.folsom/v1/1733947022990/A3FC52D9F62188CEEAC271BE9DD9D844
01-10 05:54:24.229 20907 28732 I RecoverableKeyStoreGms: [FolsomSyncManager] Checking if synced for event: GET_SYNC_STATUS
01-10 05:54:24.229 20907 25006 I Blockstore: (REDACTED) [FolsomEncryptor] Folsom sync status: %s
01-10 05:54:24.230 20907 28727 I System.out: isEncryptionAvailabletrue
01-10 05:54:24.230 20907 28727 I System.out: calling store bytes
01-10 05:54:24.230 20907 28727 I System.out: calling store bytes done
01-10 05:54:24.241 20907 28727 I System.out: actual sizetrue
01-10 05:54:24.243 20907 28727 I constellation: [verification_manager] No challenge issued due to state: 3
01-10 05:54:24.248 20907 28732 I constellation: [periodic_client_state_checker] Successfully completed sync
01-10 05:54:24.253 17922 18314 D ConnectivityService: NetReassign [no changes] [c 0] [a 0] [i 2]
01-10 05:54:24.255 20907 28737 W gle.android.gms: Accessing hidden method Landroid/telephony/ServiceState;->getVoiceNetworkType()I (max-target-p, reflection, denied)
01-10 05:54:24.255 20907 28737 W gle.android.gms: Accessing hidden method Landroid/telephony/ServiceState;->getDataNetworkType()I (blocked,test-api, reflection, denied)
01-10 05:54:24.255 20907 28737 W gle.android.gms: If this is a platform test consider enabling VMRuntime.ALLOW_TEST_API_ACCESS change id for this package.
01-10 05:54:24.330 18698 18698 D PluginSeedling--Capsule: CapsulesRepository-->NotifyCapsuleStateRunnable hasSystemService:false
01-10 05:54:24.336  2092  2092 D healthd : system healthd: battery l=100 v=4451 t=27.9 h=2 st=2 c=-33 fc=5920000 cc=25 chg=u
01-10 05:54:24.367 17922 18943 D OplusBatteryServiceFeature: getChgConfig: flag = 0, extra = , callerName = 1
01-10 05:54:24.367  2273  2273 D vendor.oplus.hardware.charger-V6-service: oplus_chg_get_state_retention 0
01-10 05:54:24.368  2273  2273 D vendor.oplus.hardware.charger-V6-service: get_ui_charge_icon_type 0 0 0 0 0
01-10 05:54:24.368 17922 18943 D OplusBatteryServiceFeature: getChgConfig: flag = 1, extra = , callerName = 1
01-10 05:54:24.368  2273  2273 D vendor.oplus.hardware.charger-V6-service: oplus_chg_get_state_retention 0
01-10 05:54:24.368  2273  2273 D vendor.oplus.hardware.charger-V6-service: oplus_chg_get_ui_power 0 0
01-10 05:54:24.368 17922 18943 D OplusBatteryServiceFeature: getChgConfig: flag = 4, extra = , callerName = 1
01-10 05:54:24.368  2273  2273 D vendor.oplus.hardware.charger-V6-service: oplus_chg_get_state_retention 0
01-10 05:54:24.368  2273  2273 D vendor.oplus.hardware.charger-V6-service: oplus_chg_get_cpa_power 2500
01-10 05:54:24.368 17922 18943 D OplusBatteryServiceFeature: getChgConfig: flag = 6, extra = , callerName = 1
01-10 05:54:24.368  2273  2273 D vendor.oplus.hardware.charger-V6-service: oplus_chg_get_state_retention 0
01-10 05:54:24.368  2273  2273 D vendor.oplus.hardware.charger-V6-service: oplus_chg_get_cpa_power 2500
01-10 05:54:24.368  2273  2273 D vendor.oplus.hardware.charger-V6-service: getIsSingleHyperSupport=2, cpa_power=2
01-10 05:54:24.369 17922 18943 D OplusBatteryServiceFeature: getChgConfig: flag = 24, extra = , callerName = 1
01-10 05:54:24.374 17922 17995 I OplusFeatureLowVoltageLimitBrightness: handleMessage MSG_BATTER_TEMPERATURE_CHAGNE changed = false temperature = 279 , battery = 100
01-10 05:54:24.374 18698 18698 I SystemUi--Common: Oplus_PowerUI-->isAllowShowAutoSuperSavePowerDialog: enterDialogFlag:false ,mIsAutoExitPowerSaveMode: false
01-10 05:54:24.374 18698 18698 I SystemUi--Common: Oplus_PowerUI-->enterExitDialog plugged or level:
01-10 05:54:24.374 18698 18698 I SystemUi--Statusbar: BatteryControllerExt-->updateBatteryChangeIntent():broadcast=android.intent.action.BATTERY_CHANGED,level=100,scale=100
01-10 05:54:24.374 18698 18698 I SystemUi--Statusbar: BatteryRepository-->level: 100 -- isSavingMode: false
01-10 05:54:24.374 18986 18986 D SubsysBroadcastManager: onReceive action:android.intent.action.BATTERY_CHANGED
01-10 05:54:24.375 18986 18986 D RFPowerBoostManager: current battery level is 100
01-10 05:54:24.375 24295 24510 I DeepThinkerSDK: [APP] ClientConnection: getDeepThinkerBridge start
01-10 05:54:24.375 24295 24510 I DeepThinkerSDK: [APP] ClientConnection: getDeepThinkerBridge end
01-10 05:54:24.375 24295 24510 I DeepThinkerSDK: [APP] UserDomainManager: businessId : 401 threshold : 0.6 learnPeriod:30
01-10 05:54:24.376 17922 18943 D OplusBatteryServiceFeature: getChgConfig: flag = 8, extra = , callerName = 2
01-10 05:54:24.377 24295 24516 E Battery : ChargeProtectionUtils: mCanlendarTmp.isEmpty()!
01-10 05:54:24.377 18812 18812 D DeviceStatisticsService: onReceive: action= android.intent.action.BATTERY_CHANGED
01-10 05:54:24.378 17922 17922 D EnvelopeDetectorController: isEnvelopeAssistantEnabled isCancelNotification: true currentUserId: 0 userId: 0
01-10 05:54:24.378 17922 17922 D EnvelopeDetectorController: isEnvelopeAssistantEnabled isCancelNotification: true currentUserId: 0 userId: 0
01-10 05:54:24.391 24295 24510 I DeepThinkerSDK: [APP] UserDomainManager: PerformanceOfLongCharging{probabilityOfLocation=0.0, probabilityOfApps=0.0, probabilityOfTime=0.23333333, probabilityOfTotal=0.0, duration=0}
01-10 05:54:24.392 18585 18608 I [0]DCS-StrategyManager: isNeedUpload: cache, type: 2006, appID: 20089, logTag: 20089, eventID: smart_long_charge_protect_mode
01-10 05:54:24.405 20228 29494 D MediaProvider: Open with FUSE. FilePath: /storage/emulated/0/DCIM/Camera/IMG20250109161920.jpg. Uid: 10285. Media Capabilities Uid: 0. ShouldRedact: false. ShouldTranscode: false
01-10 05:54:24.409 20228 29494 D MediaProvider: Open with FUSE. FilePath: /storage/emulated/0/DCIM/Camera/IMG20250109161920.jpg. Uid: 10285. Media Capabilities Uid: 0. ShouldRedact: false. ShouldTranscode: false
01-10 05:54:24.492 28979 29209 W HidlServiceManagement: hwservicemanager is not supported on the device.
01-10 05:54:24.492 28979 29209 I HidlServiceManagement: Cannot list manifest for android.hardware.drm@1.0::IDrmFactory without hwservicemanager
01-10 05:54:24.492 28979 29209 I HidlServiceManagement: Cannot list manifest for android.hardware.drm@1.1::IDrmFactory without hwservicemanager
01-10 05:54:24.492 28979 29209 I HidlServiceManagement: Cannot list manifest for android.hardware.drm@1.2::IDrmFactory without hwservicemanager
01-10 05:54:24.493 28979 29209 I HidlServiceManagement: Cannot list manifest for android.hardware.drm@1.3::IDrmFactory without hwservicemanager
01-10 05:54:24.493 28979 29209 I HidlServiceManagement: Cannot list manifest for android.hardware.drm@1.4::IDrmFactory without hwservicemanager
01-10 05:54:24.493 28979 29209 I DrmHalHidl: No hidl drm factories found
01-10 05:54:24.493 28979 29209 I HidlServiceManagement: Trying to get transport of android.hardware.drm@1.0::IDrmFactory/default without hwservicemanager
01-10 05:54:24.493 28979 29209 E DrmHalHidl: Failed to find passthrough drm factories
01-10 05:54:24.495 28979 29209 I DrmUtils: found IDrmFactory. Instance name:[android.hardware.drm.IDrmFactory/clearkey]
01-10 05:54:24.496 28979 29209 I DrmUtils: found IDrmFactory. Instance name:[android.hardware.drm.IDrmFactory/wfdhdcp]
01-10 05:54:24.497 28979 29209 I DrmUtils: found IDrmFactory. Instance name:[android.hardware.drm.IDrmFactory/widevine]
01-10 05:54:24.497  2362  2362 I WVCdm   : [cdm_engine.cpp(1092):IsSecurityLevelSupported] level = L1
01-10 05:54:24.498  2362  2362 I WVCdm-DrmFactory: [app][com.zhiliaoapp.musically] calling virtual ::ndk::ScopedAStatus wvdrm::hardware::drm::widevine::WVDrmFactory::createDrmPlugin(const Uuid &, const string &, std::shared_ptr< ::aidl::android::hardware::drm::IDrmPlugin> *)
01-10 05:54:24.498  2362  2362 D WVCdm   : [cdm_engine.cpp(583):QueryStatus] security_level = Default, query_token = WidevineCdmVersion
01-10 05:54:24.498  2362  2362 D WVCdm   : [cdm_engine.cpp(583):QueryStatus] security_level = Default, query_token = DeviceID
01-10 05:54:24.498  2362  2362 D WVCdm   : [crypto_session.cpp(917):Open] Opening crypto session: requested_security_level = Default
01-10 05:54:24.499  2362  2362 I QCOM-OEMCrypto: Open session: 1000
01-10 05:54:24.499  2362  2362 I WVCdm   : [file_utils.cpp(38):Exists] stat failed: ENOENT
01-10 05:54:24.500  2362  2362 I QCOM-OEMCrypto: Closed session: 1000
01-10 05:54:24.501  2362  2362 E WVCdm   : [wv_content_decryption_module.cpp(563):GetCurrentMetricsInternal] Cdm Identifier not found
01-10 05:54:24.502  2362  2362 E WVCdm   : [wv_content_decryption_module.cpp(646):CloseCdm] Cdm Identifier not found
01-10 05:54:24.502  2362  2362 E WVCdm   : Failed to close cdm. status 12
01-10 05:54:24.502  2937 14004 D statsd_drm: statsd_mediadrm_puller skipping empty entry
01-10 05:54:24.723 28766 29385 V ClearcutMetricXmitter: Transmission is done.
01-10 05:54:24.724 28766 29385 V ClearcutMetricXmitter: Transmission is done.
01-10 05:54:24.724 28766 29385 V ClearcutMetricXmitter: Transmission is done.
01-10 05:54:24.724 28766 29385 V ClearcutMetricXmitter: Transmission is done.
01-10 05:54:24.728 18698 18698 D PluginSeedling--Engine: ActionBase-->action 'Action-125'.status changed from RUNNING to DONE @main
01-10 05:54:24.728 18698 18698 D PluginSeedling--Engine: ActionBase-->action 'SMALL_INSTANT_CARD_DISAPPEAR_ANIMATION'.status changed from RUNNING to DONE @main
01-10 05:54:24.728 18698 18698 D PluginSeedling--Engine: ActionBase-->action 'EndPlay'.status changed from WAIT to RUNNING @main
01-10 05:54:24.728 18698 18698 I PluginSeedling--Engine: SeedlingContext-->setScene: scene=NONE oldScene=SMALL_INSTANT_CARD_DISAPPEAR
01-10 05:54:24.729 18698 18698 D PluginSeedling--Engine: ActionBase-->action 'EndPlay'.status changed from RUNNING to DONE @main
01-10 05:54:24.729 18698 18698 D PluginSeedling--Engine: ActionBase-->action 'SMALL_INSTANT_CARD_DISAPPEAR_after'.status changed from WAIT to RUNNING @main
01-10 05:54:24.729 18698 18698 I PluginSeedling--StatusBar: SimpleSceneBuilder-->afterAction SMALL_INSTANT_CARD_DISAPPEAR
01-10 05:54:24.729 18698 18698 I PluginSeedling--CapsuleCard: InstantContainerViewController-->setInstantUiState: uiState: null, instantContainer: com.oplus.systemui.plugins.seedling.card.ui.view.InstantContainer{1005952 V.E...... ........ 0,0-1080,2334 #7f090133 app:id/instant_container alpha=1.0 viewInfo = }
01-10 05:54:24.729 18698 18698 D PluginSeedling--CapsuleCard: InstantContainer-->handleUiStateChanged: null --> null, keepCurrent: false
01-10 05:54:24.729 18698 18698 I ULELite : [TemplateViewDouble1x21] onDetachedFromWindow [SeedlingSdk|com.android.systemui|1.4.26-79c0076]
01-10 05:54:24.729 18698 18698 I ULELite : [ULEView.StatusBar1notification_sm] onDetachedFromWindow
01-10 05:54:24.730 18698 18698 D OplusScrollToTopManager: SeedlingCard,window dying
01-10 05:54:24.730 18698 18698 D OplusScrollToTopManager: SeedlingCard,unregisterGuidePopupDismissReceiverInSystemUI
01-10 05:54:24.731 18698 18698 D OplusScrollToTopManager: SeedlingCard,Receiver not registered: android.view.OplusScrollToTopManager$1@3a81fc1
01-10 05:54:24.731 18698 18698 W WindowOnBackDispatcher: sendCancelIfRunning: isInProgress=false callback=d4.a@2e0fe50
01-10 05:54:24.731 17922 18943 D CoreBackPreview: Window{c733565 u0 SeedlingCard}: Setting back callback null
01-10 05:54:24.731 18698 18698 I PluginSeedling--StatusBar: StatusSeedlingInfo-->onHide-capsule 268451924||0|1736484857600, 3, true, false, false
01-10 05:54:24.731 18698 18698 I PluginSeedling--StatusBar: StatusSeedlingInfo-->onHide-capsule 268451924||0|1736484857600, 3
01-10 05:54:24.731 18698 18698 I PluginSeedling--StatusBar: StatusSeedlingInfo-->release-sb 268451924||0|1736484857600, q9.v@f368536
01-10 05:54:24.732  2104 18445 I WifiHAL : event received NL80211_CMD_VENDOR, vendor_id = 0x1374, subcmd = 0xd
01-10 05:54:24.732 18698 18698 D UTrace.Sdk: start, spanName: 7006 [7f0000011736484857602442024295|p_18698_5e03e6f@20|p_18698_5e03e6f@21|com.android.systemui] [SystemUIPlugin|com.android.systemui|1.4.26-79c0076]
01-10 05:54:24.732  3314 18446 D LOWI-9.0.1.110: [LOWI-Scan] wait_event:Wait done with Cmd 103
01-10 05:54:24.732  3314 18446 D LOWI-9.0.1.110: [LOWI-Scan] do_listen_events: Rcvd valid Netlink Cmd 0 Err 0
01-10 05:54:24.732 18698 18698 I PantaCard.SysUi.SeedlingCard:  268451924&0&20_sid=268451924_rk=7b8086, begin to release: 268451924&0&20[sdk:v1.2.56-932c039,seed-plugin:v15.0.69-dc9783bb,app:v15.00.11] [7f0000011736484857602442024295|p_18698_5e03e6f@20|p_18698_5e03e6f@21|com.android.systemui]
01-10 05:54:24.732  3270  3270 I cnss-daemon: nl80211 response handler invoked
01-10 05:54:24.732 18698 18698 I PantaCard.SysUi.SeedlingCard:  268451924&0&20_sid=268451924_rk=7b8086, notifyHostDestroyBlurView just return because host not set cardBlurHandler.[sdk:v1.2.56-932c039,seed-plugin:v15.0.69-dc9783bb,app:v15.00.11] [7f0000011736484857602442024295|p_18698_5e03e6f@20|p_18698_5e03e6f@21|com.android.systemui]
01-10 05:54:24.732  3270  3270 I cnss-daemon: nl80211_response_handler: cmd 103, vendorID 4980, subcmd 13  received
01-10 05:54:24.732 18698 18698 I PantaCard.SysUi.SeedlingCard:  268451924&0&20_sid=268451924_rk=7b8086, releaseView: 268451924&0&20[sdk:v1.2.56-932c039,seed-plugin:v15.0.69-dc9783bb,app:v15.00.11] [7f0000011736484857602442024295|p_18698_5e03e6f@20|p_18698_5e03e6f@21|com.android.systemui]
01-10 05:54:24.732 18698 18698 I PantaCard.SysUi.SeedCardEngine:  268451924&0&20_sid=268451924_rk=7b8086,releaseView: seedling = r6.l@ff071c1  268451924_268451924&0&20[sdk:v1.2.56-932c039,seed-plugin:v15.0.69-dc9783bb,app:v15.00.11] [7f0000011736484857602442024295|p_18698_5e03e6f@20|p_18698_5e03e6f@21|com.android.systemui]
01-10 05:54:24.733 18698 18698 D UTrace.Sdk: start, spanName: 8000 [7f0000011736484857602442024295|p_18698_5e03e6f@20|p_18698_94b87e2@17|com.android.systemui]
01-10 05:54:24.733 18698 18698 I SDP.SysUi.BaseSeedling:  268451924&0&20_sid=268451924_rk=7b8086,destroy simpleCardInfo:[status_bar[8,20] 268451924 LITE][ssdk:v1.2.56-932c039,sdplugin:v15.0.69-dc9783bb] [7f0000011736484857602442024295|p_18698_5e03e6f@20|p_18698_94b87e2@17|com.android.systemui]
01-10 05:54:24.734 18698 18698 I ULELite : [ULEView.StatusBar1notification_sm] destroying uleview [7f0000011736484857602442024295|p_18698_5e03e6f@20|p_18698_94b87e2@17|com.android.systemui]
01-10 05:54:24.734 18698 18698 I ULELite : [JsCardParser.StatusBar1notification_sm] clearUriImageCache size: 0 [7f0000011736484857602442024295|p_18698_5e03e6f@20|p_18698_94b87e2@17|com.android.systemui]
01-10 05:54:24.734 18698 18698 I SDP.SysUi.AbnormalCenter:  unregister[ssdk:v1.2.56-932c039,sdplugin:v15.0.69-dc9783bb] [7f0000011736484857602442024295|p_18698_5e03e6f@20|p_18698_94b87e2@17|com.android.systemui]
01-10 05:54:24.735 18698 18698 D UTrace.Sdk: addSpanTags, tags: {entrance=status_bar[8,20], seedlingIntent=SeedlingIntent[serviceId:268451924;cardSizeList:[7];timestamp:1736484857600;isSubscribe:false;isAbnormal:false;initDataSize:0;policyName:;originServiceInfo_id:268451924;originServiceInfo_sizeToCardType:{7=268451924};isEntranceTriggerCardClick:true]} [7f0000011736484857602442024295|p_18698_5e03e6f@20|p_18698_94b87e2@17|com.android.systemui]
01-10 05:54:24.735 18698 18698 D UTrace.Sdk: end, completionType: GOAHEAD [7f0000011736484857602442024295|p_18698_5e03e6f@20|p_18698_94b87e2@17|com.android.systemui]
01-10 05:54:24.736 18698 18698 I PantaCard.SysUi.CardManagerProxy:  268451924&0&20_sid=268451924_rk=7b8086,destroyUIDataChannel: callbackId = card:268451924&0&20[sdk:v1.2.56-932c039,seed-plugin:v15.0.69-dc9783bb,app:v15.00.11] [7f0000011736484857602442024295|p_18698_5e03e6f@20|p_18698_5e03e6f@21|com.android.systemui]
01-10 05:54:24.736 18698 29499 V StaticSDK.AbnormalDao: (#sg_executor-pool-1-thread-2)get IUserContext,call AbnormalDao unRegister(),in version 1.1.23-beta-p3-SNAPSHOT
01-10 05:54:24.736 18698 29499 D UserContextImp: registerContentObserver UserContextImp com.android.systemui.SystemUIApplication@5545de7 userId 0
01-10 05:54:24.737 18698 18698 D UTrace.Sdk: addSpanTags, tags: {cardViewInfo=CardViewInfo[entrance:[statusbar,type=8,hostId=20]; serviceId:268451924; cardType:268451924; hostId:20; cardId:0; size:0; sizeList:[7]; initDataSize:0; policyName:; cardCategory:SEEDLING]} [7f0000011736484857602442024295|p_18698_5e03e6f@20|p_18698_5e03e6f@21|com.android.systemui]
01-10 05:54:24.737 18698 18698 D UTrace.Sdk: end, completionType: GOAHEAD [7f0000011736484857602442024295|p_18698_5e03e6f@20|p_18698_5e03e6f@21|com.android.systemui]
01-10 05:54:24.737 18698 18698 I PluginSeedling--StatusBar: StatusSeedlingInfo-->onHide-card 268451924||0|1736484857600, 3, false, false, false
01-10 05:54:24.737 18698 18698 D PluginSeedling--Track: CardsRepository-->instant onHide - 268451924||0|1736484857600
01-10 05:54:24.737 18698 29499 V StaticSDK.AbnormalDao: (#sg_executor-pool-1-thread-2)unregisterAppKillContentObserver,in version 1.1.23-beta-p3-SNAPSHOT
01-10 05:54:24.737 18698 18698 D PluginSeedling--Origin: HiddenStatusIconManager-->notifyHideStatusBarIcon: isNeedHiddenIcon: false, key:268451924||0|1736484857600, hiddenIcons: null
01-10 05:54:24.737 18698 18698 I SystemUi--Statusbar: CapsulePluginContainerController-->hiddenStatusBarIconView: null
01-10 05:54:24.737 18698 20966 W PluginSeedling--Track: TrackManager-->mapKey: 3268451924||0|1736484857600, showTime: 1736484857820, keepTime: 6917, screenOnOffList: [0, 6917]
01-10 05:54:24.737 18698 18698 I SystemUi--Statusbar: HiddenIconDispatcherImpl-->setHiddenStatusBarIcon, location: HOME, hiddenIconlist: null
