01-10 05:54:29.399 19010 19037 W ndroid.settings: ApkAssets: Deleting an ApkAssets object '<empty> and /data/app/~~5rI7lUs854PvCc-AfPIB0A==/com.google.android.apps.maps-_Xo9lQ0ybn4ltYdjCyOTKg==/split_config.arm64_v8a.apk' with 1 weak references
01-10 05:54:29.399 19010 19037 W ndroid.settings: ApkAssets: Deleting an ApkAssets object '<empty> and /data/app/~~5rI7lUs854PvCc-AfPIB0A==/com.google.android.apps.maps-_Xo9lQ0ybn4ltYdjCyOTKg==/split_config.sv.apk' with 1 weak references
01-10 05:54:29.399 19010 19037 W ndroid.settings: ApkAssets: Deleting an ApkAssets object '<empty> and /data/app/~~5rI7lUs854PvCc-AfPIB0A==/com.google.android.apps.maps-_Xo9lQ0ybn4ltYdjCyOTKg==/split_config.xxxhdpi.apk' with 1 weak references
01-10 05:54:29.399 19010 19037 W ndroid.settings: ApkAssets: Deleting an ApkAssets object '<empty> and /product/app/AssistantScreen/AssistantScreen.apk' with 1 weak references
01-10 05:54:29.399 19010 19037 W ndroid.settings: ApkAssets: Deleting an ApkAssets object '<empty> and /data/app/~~_qGWrGy1bY2JLS7Z7Q27nw==/com.google.android.gm-wzrIYbUYQfGYfMINFVXmeQ==/base.apk' with 1 weak references
01-10 05:54:29.399 19010 19037 W ndroid.settings: ApkAssets: Deleting an ApkAssets object '<empty> and /data/app/~~_qGWrGy1bY2JLS7Z7Q27nw==/com.google.android.gm-wzrIYbUYQfGYfMINFVXmeQ==/split_config.arm64_v8a.apk' with 1 weak references
01-10 05:54:29.399 19010 19037 W ndroid.settings: ApkAssets: Deleting an ApkAssets object '<empty> and /data/app/~~_qGWrGy1bY2JLS7Z7Q27nw==/com.google.android.gm-wzrIYbUYQfGYfMINFVXmeQ==/split_config.sv.apk' with 1 weak references
01-10 05:54:29.399 19010 19037 W ndroid.settings: ApkAssets: Deleting an ApkAssets object '<empty> and /data/app/~~_qGWrGy1bY2JLS7Z7Q27nw==/com.google.android.gm-wzrIYbUYQfGYfMINFVXmeQ==/split_config.xxxhdpi.apk' with 1 weak references
01-10 05:54:29.400 19010 19037 W ndroid.settings: ApkAssets: Deleting an ApkAssets object '<empty> and /data/app/~~g69xy8KG59JhsBYy8j3xDw==/com.google.android.youtube-wLvFiDQKsX6Jte8gFQhCBw==/base.apk' with 1 weak references
01-10 05:54:29.400 19010 19037 W ndroid.settings: ApkAssets: Deleting an ApkAssets object '<empty> and /data/app/~~g69xy8KG59JhsBYy8j3xDw==/com.google.android.youtube-wLvFiDQKsX6Jte8gFQhCBw==/split_config.arm64_v8a.apk' with 1 weak references
01-10 05:54:29.400 19010 19037 W ndroid.settings: ApkAssets: Deleting an ApkAssets object '<empty> and /data/app/~~g69xy8KG59JhsBYy8j3xDw==/com.google.android.youtube-wLvFiDQKsX6Jte8gFQhCBw==/split_config.sv.apk' with 1 weak references
01-10 05:54:29.400 19010 19037 W ndroid.settings: ApkAssets: Deleting an ApkAssets object '<empty> and /data/app/~~g69xy8KG59JhsBYy8j3xDw==/com.google.android.youtube-wLvFiDQKsX6Jte8gFQhCBw==/split_config.xxxhdpi.apk' with 1 weak references
01-10 05:54:29.400 19010 19037 W ndroid.settings: ApkAssets: Deleting an ApkAssets object '<empty> and /data/app/~~HZU5npn5hwwN2QVM61BnGA==/com.google.android.marvin.talkback-1Qa82aJAfsXb2iEiON2hmw==/base.apk' with 1 weak references
01-10 05:54:29.400 19010 19037 W ndroid.settings: ApkAssets: Deleting an ApkAssets object '<empty> and /data/app/~~HZU5npn5hwwN2QVM61BnGA==/com.google.android.marvin.talkback-1Qa82aJAfsXb2iEiON2hmw==/split_config.arm64_v8a.apk' with 1 weak references
01-10 05:54:29.400 19010 19037 W ndroid.settings: ApkAssets: Deleting an ApkAssets object '<empty> and /data/app/~~S4Ce9JJFaes0NKG5aZ6P-w==/com.google.ar.core-dGfpTYG9zOJ_IbhjUL0gFw==/base.apk' with 1 weak references
01-10 05:54:29.400 19010 19037 W ndroid.settings: ApkAssets: Deleting an ApkAssets object '<empty> and /data/app/~~S4Ce9JJFaes0NKG5aZ6P-w==/com.google.ar.core-dGfpTYG9zOJ_IbhjUL0gFw==/split_config.sv.apk' with 1 weak references
01-10 05:54:29.400 19010 19037 W ndroid.settings: ApkAssets: Deleting an ApkAssets object '<empty> and /data/app/~~S4Ce9JJFaes0NKG5aZ6P-w==/com.google.ar.core-dGfpTYG9zOJ_IbhjUL0gFw==/split_config.xxxhdpi.apk' with 1 weak references
01-10 05:54:29.452  2092  2092 D healthd : system healthd: battery l=100 v=4435 t=27.7 h=2 st=2 c=142 fc=5920000 cc=25 chg=u
01-10 05:54:29.486 17922 18943 D OplusBatteryServiceFeature: getChgConfig: flag = 0, extra = , callerName = 1
01-10 05:54:29.486  2273  2273 D vendor.oplus.hardware.charger-V6-service: oplus_chg_get_state_retention 0
01-10 05:54:29.486  2273  2273 D vendor.oplus.hardware.charger-V6-service: get_ui_charge_icon_type 0 0 0 0 0
01-10 05:54:29.486 17922 18943 D OplusBatteryServiceFeature: getChgConfig: flag = 1, extra = , callerName = 1
01-10 05:54:29.487  2273  2273 D vendor.oplus.hardware.charger-V6-service: oplus_chg_get_state_retention 0
01-10 05:54:29.487  2273  2273 D vendor.oplus.hardware.charger-V6-service: oplus_chg_get_ui_power 0 0
01-10 05:54:29.487 17922 18943 D OplusBatteryServiceFeature: getChgConfig: flag = 4, extra = , callerName = 1
01-10 05:54:29.487  2273  2273 D vendor.oplus.hardware.charger-V6-service: oplus_chg_get_state_retention 0
01-10 05:54:29.487  2273  2273 D vendor.oplus.hardware.charger-V6-service: oplus_chg_get_cpa_power 2500
01-10 05:54:29.487 17922 18943 D OplusBatteryServiceFeature: getChgConfig: flag = 6, extra = , callerName = 1
01-10 05:54:29.487  2273  2273 D vendor.oplus.hardware.charger-V6-service: oplus_chg_get_state_retention 0
01-10 05:54:29.487  2273  2273 D vendor.oplus.hardware.charger-V6-service: oplus_chg_get_cpa_power 2500
01-10 05:54:29.487  2273  2273 D vendor.oplus.hardware.charger-V6-service: getIsSingleHyperSupport=2, cpa_power=2
01-10 05:54:29.487 17922 18943 D OplusBatteryServiceFeature: getChgConfig: flag = 24, extra = , callerName = 1
01-10 05:54:29.488 17922 17995 I OplusFeatureLowVoltageLimitBrightness: handleMessage MSG_BATTER_TEMPERATURE_CHAGNE changed = false temperature = 277 , battery = 100
01-10 05:54:29.489 18986 18986 D SubsysBroadcastManager: onReceive action:android.intent.action.BATTERY_CHANGED
01-10 05:54:29.489 18986 18986 D RFPowerBoostManager: current battery level is 100
01-10 05:54:29.489 18698 18698 I SystemUi--Common: Oplus_PowerUI-->isAllowShowAutoSuperSavePowerDialog: enterDialogFlag:false ,mIsAutoExitPowerSaveMode: false
01-10 05:54:29.489 18698 18698 I SystemUi--Common: Oplus_PowerUI-->enterExitDialog plugged or level:
01-10 05:54:29.489 18698 18698 I SystemUi--Statusbar: BatteryControllerExt-->updateBatteryChangeIntent():broadcast=android.intent.action.BATTERY_CHANGED,level=100,scale=100
01-10 05:54:29.489 18698 18698 I SystemUi--Statusbar: BatteryRepository-->level: 100 -- isSavingMode: false
01-10 05:54:29.489 24295 24510 I DeepThinkerSDK: [APP] ClientConnection: getDeepThinkerBridge start
01-10 05:54:29.489 24295 24510 I DeepThinkerSDK: [APP] ClientConnection: getDeepThinkerBridge end
01-10 05:54:29.489 24295 24510 I DeepThinkerSDK: [APP] UserDomainManager: businessId : 401 threshold : 0.6 learnPeriod:30
01-10 05:54:29.490 17922 18943 D OplusBatteryServiceFeature: getChgConfig: flag = 8, extra = , callerName = 2
01-10 05:54:29.490 24295 24510 I DeepThinkerSDK: [APP] UserDomainManager: PerformanceOfLongCharging{probabilityOfLocation=0.0, probabilityOfApps=0.0, probabilityOfTime=0.23333333, probabilityOfTotal=0.0, duration=0}
01-10 05:54:29.491 24295 24516 E Battery : ChargeProtectionUtils: mCanlendarTmp.isEmpty()!
01-10 05:54:29.491 18585 18608 I [0]DCS-StrategyManager: isNeedUpload: cache, type: 2006, appID: 20089, logTag: 20089, eventID: smart_long_charge_protect_mode
01-10 05:54:29.491 18812 18812 D DeviceStatisticsService: onReceive: action= android.intent.action.BATTERY_CHANGED
01-10 05:54:29.491 17922 17922 D EnvelopeDetectorController: isEnvelopeAssistantEnabled isCancelNotification: true currentUserId: 0 userId: 0
01-10 05:54:29.491 17922 17922 D EnvelopeDetectorController: isEnvelopeAssistantEnabled isCancelNotification: true currentUserId: 0 userId: 0
01-10 05:54:29.530 18843 19240 D FieldFenceEvent: AsyncHandler Recv Mesasge: { when=-1ms what=1001 target=com.oplus.nas.comm.event.m }
01-10 05:54:29.530 18843 19240 I DeepThinkerSDK: [APP] ClientConnection: getDeepThinkerBridge start
01-10 05:54:29.530 18843 19240 I DeepThinkerSDK: [APP] ClientConnection: getDeepThinkerBridge end
01-10 05:54:29.530 18843 19240 I DeepThinkerSDK: [APP] ClientConnection: getDeepThinkerBridge start
01-10 05:54:29.530 18843 19240 I DeepThinkerSDK: [APP] ClientConnection: getDeepThinkerBridge end
01-10 05:54:29.531 18843 19240 I DeepThinkerSDK: [APP] ClientConnection: getDeepThinkerBridge start
01-10 05:54:29.531 18843 19240 I DeepThinkerSDK: [APP] ClientConnection: getDeepThinkerBridge end
01-10 05:54:29.531 18843 19240 I DeepThinkerSDK: [APP] ClientConnection: getDeepThinkerBridge start
01-10 05:54:29.531 18843 19240 I DeepThinkerSDK: [APP] ClientConnection: getDeepThinkerBridge end
01-10 05:54:29.531 18843 19240 I DeepThinkerSDK: [APP] ClientConnection: getDeepThinkerBridge start
01-10 05:54:29.531 18843 19240 I DeepThinkerSDK: [APP] ClientConnection: getDeepThinkerBridge end
01-10 05:54:29.531 18843 19240 I DeepThinkerSDK: [APP] ClientConnection: getDeepThinkerBridge start
01-10 05:54:29.531 18843 19240 I DeepThinkerSDK: [APP] ClientConnection: getDeepThinkerBridge end
01-10 05:54:29.531 18843 19240 I DeepThinkerSDK: [APP] ClientConnection: getDeepThinkerBridge start
01-10 05:54:29.531 18843 19240 I DeepThinkerSDK: [APP] ClientConnection: getDeepThinkerBridge end
01-10 05:54:29.531 18843 19240 I DeepThinkerSDK: [APP] ClientConnection: getDeepThinkerBridge start
01-10 05:54:29.531 18843 19240 I DeepThinkerSDK: [APP] ClientConnection: getDeepThinkerBridge end
01-10 05:54:29.532 18843 19240 I DeepThinkerSDK: [APP] ClientConnection: getDeepThinkerBridge start
01-10 05:54:29.532 18843 19240 I DeepThinkerSDK: [APP] ClientConnection: getDeepThinkerBridge end
01-10 05:54:29.532 18843 19240 I DeepThinkerSDK: [APP] ClientConnection: getDeepThinkerBridge start
01-10 05:54:29.532 18843 19240 I DeepThinkerSDK: [APP] ClientConnection: getDeepThinkerBridge end
01-10 05:54:29.532 18843 19240 I DeepThinkerSDK: [APP] ClientConnection: getDeepThinkerBridge start
01-10 05:54:29.532 18843 19240 I DeepThinkerSDK: [APP] ClientConnection: getDeepThinkerBridge end
01-10 05:54:29.532 18843 19240 I DeepThinkerSDK: [APP] ClientConnection: getDeepThinkerBridge start
01-10 05:54:29.532 18843 19240 I DeepThinkerSDK: [APP] ClientConnection: getDeepThinkerBridge end
01-10 05:54:29.532 18843 19240 I DeepThinkerSDK: [APP] ClientConnection: getDeepThinkerBridge start
01-10 05:54:29.532 18843 19240 I DeepThinkerSDK: [APP] ClientConnection: getDeepThinkerBridge end
01-10 05:54:29.532 18843 19240 I DeepThinkerSDK: [APP] ClientConnection: getDeepThinkerBridge start
01-10 05:54:29.532 18843 19240 I DeepThinkerSDK: [APP] ClientConnection: getDeepThinkerBridge end
01-10 05:54:29.532 18843 19240 D FieldFenceEvent: subwayFenceInRet = 64 subwayFenceOutRet = 64 airportFenceInRet = 64 airportFenceOutRet = 64 mallFenceInRet = 64 mallFenceOutRet = 64 hospitalFenceInRet = 64 hospitalFenceOutRet = 64 attrationFenceInRet = 64 attrationFenceOutRet = 64 railwayFenceInRet = 64 railwayFenceOutRet = 64 dbgFenceInRet = 64 dbgFenceOutRet = 64
01-10 05:54:29.576 19010 19226 W BatteryEntry: unknown attribute:AUDIO
01-10 05:54:29.576 19010 19226 W BatteryEntry: unknown attribute:VIDEO
01-10 05:54:29.576 19010 19226 W BatteryEntry: unknown attribute:SYSTEM_SERVICES
01-10 05:54:29.576 19010 19226 W BatteryEntry: unknown attribute:SENSORS
01-10 05:54:29.577 19010 19226 W BatteryEntry: unknown attribute:WAKELOCK
01-10 05:54:29.577 19010 19226 W BatteryEntry: unknown attribute:MEMORY
01-10 05:54:29.577 19010 19226 W BatteryEntry: unknown attribute:IDLE
01-10 05:54:29.577 19010 19226 W BatteryEntry: unknown attribute:REATTRIBUTED_TO_OTHER_CONSUMERS
01-10 05:54:29.577 19010 19226 D BatteryUsageDataLoader: getBatteryUsageStats() in 705/ms
01-10 05:54:29.583 19010 19226 D DatabaseUtils: insert() battery event data into database: # com.android.settings.fuelgauge.batteryusage.BatteryEvent@d1017dfa
01-10 05:54:29.583 19010 19226 D DatabaseUtils: battery_level: 100
01-10 05:54:29.583 19010 19226 D DatabaseUtils: timestamp: 1736484868872
01-10 05:54:29.583 19010 19226 D DatabaseUtils: type: FULL_CHARGED
01-10 05:54:29.583 19010 19226 D DatabaseUtils: sendBatteryEventData() in 5/ms
01-10 05:54:29.607 19010 19226 D DatabaseUtils: insert() battery states data into database with isFullChargeStart:true
01-10 05:54:29.608 19010 19226 D DatabaseUtils: sendBatteryEntryData() size=173 in 25/ms
01-10 05:54:29.608 19010 19226 D BatteryUsageDataLoader: loadUsageDataSafely() in 739/ms
01-10 05:54:29.615 17922 17922 D EnvelopeDetectorController: isEnvelopeAssistantEnabled isCancelNotification: true currentUserId: 0 userId: 0
01-10 05:54:29.636 17922 18108 D ConnectivityService: requestNetwork for uid/pid:10285/23372 activeRequest: null callbackRequest: 476 [NetworkRequest [ REQUEST id=477, [ Capabilities: INTERNET&NOT_RESTRICTED&TRUSTED&NOT_VCN_MANAGED&NOT_BANDWIDTH_CONSTRAINED Uid: 10285 RequestorUid: 10285 RequestorPkg: com.google.android.apps.photos UnderlyingNetworks: Null] ]] callback flags: 0 order: 2147483647 isUidTracked: false declaredMethods: ALL
01-10 05:54:29.637 17922 18306 D WifiNetworkFactory: got request NetworkRequest [ REQUEST id=477, [ Capabilities: INTERNET&NOT_RESTRICTED&TRUSTED&NOT_VCN_MANAGED&NOT_BANDWIDTH_CONSTRAINED Uid: 10285 RequestorUid: 10285 RequestorPkg: com.google.android.apps.photos UnderlyingNetworks: Null] ]
01-10 05:54:29.637 17922 18306 D UntrustedWifiNetworkFactory: got request NetworkRequest [ REQUEST id=477, [ Capabilities: INTERNET&NOT_RESTRICTED&TRUSTED&NOT_VCN_MANAGED&NOT_BANDWIDTH_CONSTRAINED Uid: 10285 RequestorUid: 10285 RequestorPkg: com.google.android.apps.photos UnderlyingNetworks: Null] ]
01-10 05:54:29.637 17922 18306 D OemPaidWifiNetworkFactory: got request NetworkRequest [ REQUEST id=477, [ Capabilities: INTERNET&NOT_RESTRICTED&TRUSTED&NOT_VCN_MANAGED&NOT_BANDWIDTH_CONSTRAINED Uid: 10285 RequestorUid: 10285 RequestorPkg: com.google.android.apps.photos UnderlyingNetworks: Null] ]
01-10 05:54:29.637 17922 18306 D MultiInternetWifiNetworkFactory: got request NetworkRequest [ REQUEST id=477, [ Capabilities: INTERNET&NOT_RESTRICTED&TRUSTED&NOT_VCN_MANAGED&NOT_BANDWIDTH_CONSTRAINED Uid: 10285 RequestorUid: 10285 RequestorPkg: com.google.android.apps.photos UnderlyingNetworks: Null] ]
01-10 05:54:29.638 17922 18314 D ConnectivityService: NetReassign [477 : null â†’ 102] [c 1] [a 0] [i 1]
01-10 05:54:29.641 20228 28429 D MediaProvider: Open with FUSE. FilePath: /storage/emulated/0/DCIM/Camera/IMG20250109161921.jpg. Uid: 10285. Media Capabilities Uid: 0. ShouldRedact: false. ShouldTranscode: false
01-10 05:54:29.657 17922 18235 D ActivityManager: Freezer deadlock watchdog
01-10 05:54:29.700  2150  2232 I SnapAlloc: Using graphics libs for alignment calculations
01-10 05:54:29.707  2150  2232 I SnapAlloc: Using graphics libs for alignment calculations
01-10 05:54:29.714 23372 28428 V JpegEncoderExtImpl: Resolution: 90 x 135,support: 0;
01-10 05:54:29.714 23372 28428 V ListServiceUtils: getListValueByUid module:image-processing uid:10285 cost 134us return 0
01-10 05:54:29.714 23372 28428 V JpegEncoderExtImpl: Resolution: 180 x 270,support: 0;
01-10 05:54:29.780  3583  4140 D QmiClient: qmiServiceEventCallback recv msg id 47
01-10 05:54:29.781  3583  4140 D QmiOttClient: enter : onQmiServiceEventCallback msgId 47
01-10 05:54:29.781  3583  3614 D OttProxy: handleMessage msg is 3001
01-10 05:54:29.782 18986 19005 D SubsysRadioIndication: [PHONE0]radioLinkLatencyInfoInd
01-10 05:54:29.782 18986 19005 D SubsysRadioIndication: [PHONE0]notify enter
01-10 05:54:29.841 17535 17582 E TetherController: property_get sys.radio.data.modem_share_flag return 0, 1!
01-10 05:54:29.920 17922 17922 D EnvelopeDetectorController: isEnvelopeAssistantEnabled isCancelNotification: true currentUserId: 0 userId: 0
01-10 05:54:30.041 17922 18943 W ActivityManager: Unbind failed: could not find connection for android.os.BinderProxy@b0dd997
01-10 05:54:30.052  2273  2310 D BatteryChargeControl: bcc get no support from charging protocol
01-10 05:54:30.178 17922 18636 I Osense-BaseDecisionMaker: notifySceneToAthenaPolicy: SCENE_RES_IO_PSI, bundle: Bundle[{ioLevel=3}]
01-10 05:54:30.178 17922 18636 I Osense-BaseDecisionMaker: OSense not supported scene! SCENE_RES_IO_PSI
01-10 05:54:30.214 18986 18986 D RFPowerBoostManager: receive handle Message 15
01-10 05:54:30.215 18986 18986 D RadioProxyJ: [PHONE0][102]> setPowerBoostState state:10
01-10 05:54:30.215  3583  3609 D QmiVsClient: setPowerBoostState - enter
01-10 05:54:30.216  3583  3609 D VsProxy : handleMessage msg is 4001
01-10 05:54:30.217  3583  3609 D RadioProxy: setPowerBoostState : response cb for instance 0
01-10 05:54:30.217 18986 19005 D RadioProxyJ: [PHONE0][102]< setPowerBoostStateResponse
01-10 05:54:30.217 18986 18986 D RFPowerBoostManager: receive handle Message 13
01-10 05:54:30.217 18986 18986 D RFPowerBoostManager: exit low battery level proteciton state
01-10 05:54:30.232 18986 19680 D DiagnoseService: handleMessage: 1000
01-10 05:54:30.232 18986 19680 D RadioProxyJ: [PHONE0][103]> getModemBasebandVersion
01-10 05:54:30.232 18986 19680 D RadioProxyJ: [PHONE0][104]> getDiagPktVersionMismatchDb
01-10 05:54:30.233  3583  3609 D QmiVsClient: getModemBasebandVersion - enter
01-10 05:54:30.235  3583  4076 D QmiVsClient: operator() - enter
01-10 05:54:30.235  3583  3609 D QmiVsClient: getDiagPktVersionMismatchDb - enter
01-10 05:54:30.235  3583  3609 D VsProxy : handleMessage msg is 4001
01-10 05:54:30.235  3583  3609 D RadioProxy: getModemBasebandVersion : response cb for instance 0
01-10 05:54:30.236  3583  4076 D QmiVsClient: getDiagPktVersionMismatchDb callback - enter
01-10 05:54:30.236  3583  3609 D VsProxy : handleMessage msg is 4001
01-10 05:54:30.237 18986 19005 D RadioProxyJ: [PHONE0][103]< getModemBasebandVersionResponse MPSS.DE.7.0-02024.3-PAKALA_GEN_PACK-1.81186.172
01-10 05:54:30.237  3583  3609 D RadioProxy: getDiagPktVersionMismatchDb : response cb for instance 0
01-10 05:54:30.237 18986 19680 D DiagnoseService: handleMessage: 1003
01-10 05:54:30.238  3583  3583 D VendorService: getDiagPktVersionMismatchDb recordNumber 0
01-10 05:54:30.242 18986 19005 D SubsysRadioResponse: responseDiagPacketVersionMismatchDb() recordNumber = 0
01-10 05:54:30.242 18986 19005 D RadioProxyJ: [PHONE0][104]< getDiagPktVersionMismatchDbResponse
01-10 05:54:30.242 18986 19680 D DiagnoseService: handleMessage: 1002
01-10 05:54:30.242 18986 19680 D DiagnoseService: no diag packets with version mismatched
01-10 05:54:30.462 17922 17922 D EnvelopeDetectorController: isEnvelopeAssistantEnabled isCancelNotification: true currentUserId: 0 userId: 0
01-10 05:54:30.494 18843 18843 D ServiceHolder: handle msg:100
01-10 05:54:30.494 18843 18843 D ServiceHolder: listen service up 1
01-10 05:54:30.495 18843 18843 D ServiceHolder: listen service up rlt=null
01-10 05:54:30.512 23372 23372 D CompatChangeReporter: Compat change id reported: 303742236; UID 10285; state: ENABLED
01-10 05:54:30.740  3583  4140 D QmiClient: qmiServiceEventCallback recv msg id 47
01-10 05:54:30.741  3583  4140 D QmiOttClient: enter : onQmiServiceEventCallback msgId 47
01-10 05:54:30.741  3583  3614 D OttProxy: handleMessage msg is 3001
01-10 05:54:30.742 18986 19005 D SubsysRadioIndication: [PHONE0]radioLinkLatencyInfoInd
01-10 05:54:30.742 18986 19005 D SubsysRadioIndication: [PHONE0]notify enter
01-10 05:54:30.745  2104 18445 I WifiHAL : event received NL80211_CMD_VENDOR, vendor_id = 0x1374, subcmd = 0xd
01-10 05:54:30.746  3314 18446 D LOWI-9.0.1.110: [LOWI-Scan] wait_event:Wait done with Cmd 103
01-10 05:54:30.746 17922 17964 D OomAdjuster: Not killing cached processes
01-10 05:54:30.746  3270  3270 I cnss-daemon: nl80211 response handler invoked
01-10 05:54:30.746  3314 18446 D LOWI-9.0.1.110: [LOWI-Scan] do_listen_events: Rcvd valid Netlink Cmd 0 Err 0
01-10 05:54:30.746  3270  3270 I cnss-daemon: nl80211_response_handler: cmd 103, vendorID 4980, subcmd 13  received
01-10 05:54:31.053  2273  2310 D BatteryChargeControl: bcc get no support from charging protocol
01-10 05:54:31.085 17922 17969 I ActivityManager: Waited long enough for: ServiceRecord{ddddce4 u0 com.oplus.powermonitor/.standbymonitor.UsbStatus.UsbStatusWarningService c:com.oplus.powermonitor}
01-10 05:54:31.106 18986 18986 D VendorWifiService: onEvent event:9,action:1
01-10 05:54:31.106 17922 18415 D OplusWifiPower_TriggerCenter: mComponentCallback: wifistat
01-10 05:54:31.107 18698 18794 D WifiStatusTracker: mNetworkCallback onCapabilitiesChanged network:102 mPrimaryNetworkId:102
01-10 05:54:31.108 18986 19429 D SubsysEventListenerManager: onCapabilitiesChanged
01-10 05:54:31.108 18986 19429 D DataStateTracker: getCurDataChannel, channel:1
01-10 05:54:31.109 18698 18902 D WifiPickerTracker: handleNetworkCapabilitiesChanged network:102
01-10 05:54:31.110 18698 18794 D WifiStatusTracker: mNetworkCallback onCapabilitiesChanged network:102 mPrimaryNetworkId:102
01-10 05:54:31.111 18698 18902 I WifiPickerTracker: wifi connected status realConnectedWifiEntry not null: true
01-10 05:54:31.111 18937 20983 D QCNEJ/NativeAidlConnector: -> SND notifyDefaultNetworkChanged(1)
01-10 05:54:31.112 18937 20983 D cneJni  : sendDefaultNwMsg start
01-10 05:54:31.112 18873 20975 D txpwrJni: sendNetworkInfo start
01-10 05:54:31.112 18873 20975 D txpwrJni: sendNetworkInfo RatType 0
01-10 05:54:31.112 20413 22045 I BugleRcsEngine: handleMessage processing message:[NOTIFY_UPTIME_IGNORE_STATE_CHANGED] with [non-null]:RcsEngineImpl reference [CONTEXT log_prefix="RcsEngineImpl[DUAL_REG]:[254f5748-f7ae]>Handler" thread_id=75 ]
01-10 05:54:31.112 20413 21646 I BugleRcsEngine: Connected state: [1], networkType: [WIFI] [CONTEXT thread_id=69 ]
01-10 05:54:31.113 17922 18415 D SystemNetworkObserver: wifi network 102 nc changed, primary=true
01-10 05:54:31.113 17922 18415 D SystemNetworkObserver: default network nc changed 102
01-10 05:54:31.113 18698 18794 I SystemUi--Statusbar: NetworkController.WifiSignalController-->handleStatusUpdated state=3 enabled=true connected=true isDefaultNetwork=true rssi=-60 level=4 statusLabel=null isDirty=false
01-10 05:54:31.113 18698 18794 I SystemUi--Statusbar: NetworkController.WifiSignalController-->handleStatusUpdated state=3 enabled=true connected=true isDefaultNetwork=true rssi=-60 level=4 statusLabel=null isDirty=false
01-10 05:54:31.113 18698 18794 I SystemUi--Statusbar: NetworkController.WifiSignalController-->handleStatusUpdated state=3 enabled=true connected=true isDefaultNetwork=true rssi=-60 level=4 statusLabel=null isDirty=false
01-10 05:54:31.113 17922 18314 W IPCThreadState: Sending oneway calls to frozen process.
01-10 05:54:31.114 17922 18314 W IPCThreadState: Sending oneway calls to frozen process.
01-10 05:54:31.114 17922 18314 W IPCThreadState: Sending oneway calls to frozen process.
01-10 05:54:31.114 17922 18314 W IPCThreadState: Sending oneway calls to frozen process.
01-10 05:54:31.114 18937 20983 D cneJni  : sendWifiStatus start
01-10 05:54:31.114 17922 18441 D OplusSlaNetworkManager: isPrimaryWifi:true network:102
01-10 05:54:31.114 17922 18314 W IPCThreadState: Sending oneway calls to frozen process.
01-10 05:54:31.114 17922 18314 W IPCThreadState: Sending oneway calls to frozen process.
01-10 05:54:31.115 19361 22726 I ChimeraSrvcProxy: NullBinder for android.net.action.RECOMMEND_NETWORKS triggering remote TransactionTooLargeException due to Service without Chimera impl
01-10 05:54:31.115 19361 22726 W .gms.persistent: Large reply transaction of 2113536 bytes, interface descriptor , code 1
01-10 05:54:31.115 17922 18314 W IPCThreadState: Sending oneway calls to frozen process.
01-10 05:54:31.115 17922 18314 W IPCThreadState: Sending oneway calls to frozen process.
01-10 05:54:31.115 17922 18314 W IPCThreadState: Sending oneway calls to frozen process.
01-10 05:54:31.116 17922 18314 W IPCThreadState: Sending oneway calls to frozen process.
01-10 05:54:31.116 17922 18314 W IPCThreadState: Sending oneway calls to frozen process.
01-10 05:54:31.116 17922 18314 W IPCThreadState: Sending oneway calls to frozen process.
01-10 05:54:31.116 19361 22726 I ChimeraSrvcProxy: NullBinder for android.net.action.RECOMMEND_NETWORKS triggering remote TransactionTooLargeException due to Service without Chimera impl
01-10 05:54:31.116 17922 18314 W IPCThreadState: Sending oneway calls to frozen process.
01-10 05:54:31.116 19361 22726 W .gms.persistent: Large reply transaction of 2113536 bytes, interface descriptor , code 1
01-10 05:54:31.116 17922 18314 W IPCThreadState: Sending oneway calls to frozen process.
01-10 05:54:31.116 17922 18314 W IPCThreadState: Sending oneway calls to frozen process.
01-10 05:54:31.116 17922 18314 W IPCThreadState: Sending oneway calls to frozen process.
01-10 05:54:31.116 17922 18314 W IPCThreadState: Sending oneway calls to frozen process.
01-10 05:54:31.116 20413 22045 I BugleRcsEngine: Rcs is enabled from user settings: true [CONTEXT log_prefix="ProvisioningEngineDataRetriever" thread_id=75 ]
01-10 05:54:31.116 17922 18314 W IPCThreadState: Sending oneway calls to frozen process.
01-10 05:54:31.117 17922 18314 W IPCThreadState: Sending oneway calls to frozen process.
01-10 05:54:31.117 17922 18314 W IPCThreadState: Sending oneway calls to frozen process.
01-10 05:54:31.117 17922 18314 W IPCThreadState: Sending oneway calls to frozen process.
01-10 05:54:31.117 17922 18314 W IPCThreadState: Sending oneway calls to frozen process.
01-10 05:54:31.117 17922 18314 W IPCThreadState: Sending oneway calls to frozen process.
01-10 05:54:31.117 17922 18314 W IPCThreadState: Sending oneway calls to frozen process.
01-10 05:54:31.117 17922 18314 W IPCThreadState: Sending oneway calls to frozen process.
01-10 05:54:31.117 17922 18314 W IPCThreadState: Sending oneway calls to frozen process.
01-10 05:54:31.117 17922 18314 W IPCThreadState: Sending oneway calls to frozen process.
01-10 05:54:31.117 19361 22726 I ChimeraSrvcProxy: NullBinder for android.net.action.RECOMMEND_NETWORKS triggering remote TransactionTooLargeException due to Service without Chimera impl
01-10 05:54:31.117 19361 22726 W .gms.persistent: Large reply transaction of 2113536 bytes, interface descriptor , code 1
01-10 05:54:31.118 17922 18314 W IPCThreadState: Sending oneway calls to frozen process.
01-10 05:54:31.118 17922 18314 W IPCThreadState: Sending oneway calls to frozen process.
01-10 05:54:31.118 17922 18314 W IPCThreadState: Sending oneway calls to frozen process.
01-10 05:54:31.118 17922 18314 W IPCThreadState: Sending oneway calls to frozen process.
01-10 05:54:31.118 17922 18314 W IPCThreadState: Sending oneway calls to frozen process.
01-10 05:54:31.118 17922 18314 W IPCThreadState: Sending oneway calls to frozen process.
01-10 05:54:31.118 17922 18314 W IPCThreadState: Sending oneway calls to frozen process.
01-10 05:54:31.118 17922 18314 W IPCThreadState: Sending oneway calls to frozen process.
01-10 05:54:31.118 17922 18314 W IPCThreadState: Sending oneway calls to frozen process.
01-10 05:54:31.119 19361 22726 I ChimeraSrvcProxy: NullBinder for android.net.action.RECOMMEND_NETWORKS triggering remote TransactionTooLargeException due to Service without Chimera impl
01-10 05:54:31.119 19361 22726 W .gms.persistent: Large reply transaction of 2113536 bytes, interface descriptor , code 1
01-10 05:54:31.217 17922 18636 I Osense-BaseDecisionMaker: notifySceneToAthenaPolicy: SCENE_RES_IO_PSI, bundle: Bundle[{ioLevel=3}]
01-10 05:54:31.217 17922 18636 I Osense-BaseDecisionMaker: OSense not supported scene! SCENE_RES_IO_PSI
01-10 05:54:31.415 18990 20510 I UTrace.Sdk.HLogConfigHelper: [PantaCardSdk|com.android.launcher] checkIfDeleteLogFiles() no log files [OplusLauncher|com.android.launcher|1.4.26-79c0076]
01-10 05:54:31.552 18843 18843 D OplusLinkBoostAccService: msg:1001
01-10 05:54:31.552 18843 18843 D OplusLinkBoostAccService: registerLinkBoostAccEvent retry err
01-10 05:54:31.613 20663 20857 I SG::MetisUpdateDataVersionUtil: obtainMetisMetaData from metis [UMS|com.oplus.pantanal.ums|1.4.25-69f924a]
01-10 05:54:31.615 20663 20857 I SG::MetisUpdateDataVersionUtil: is_support_scene: true
01-10 05:54:31.615 20663 20857 I SG::ServiceDecisionManager: has not received metis scenes auto guaranteed service
01-10 05:54:31.615 20663 20857 I SG::ServiceDecisionManager: doFullSceneGuaranteed
01-10 05:54:31.615 20663 20857 I SG::BottomCardCompatibleUtil: [obtainMetisMetaData] obtain substituteEnhance24M4 from Metis start.
01-10 05:54:31.615 20663 20857 I SG::BottomCardCompatibleUtil: [obtainMetisMetaData] obtain substituteEnhance24M4 from Metis end.
01-10 05:54:31.615 20663 20857 I SG::ServiceDecisionManager: dropRepeatKeys: []
01-10 05:54:31.619 20663 20857 I SG::BottomCardManager: Start getPocketBottomCards input serviceIds:[] , pocketBottomCardsSize : 0
01-10 05:54:31.619 20663 20857 I SG::BottomCardManager: [generateAllGuaranteedList] start find seedling...
01-10 05:54:31.619 20663 20857 W SG::SeedlingDiscover: findSeedling,start find seedling query is empty
01-10 05:54:31.619 20663 20835 E SG::BottomCardReader: loadAssetsConfig wrong:br_plugins/substitute_intent_config.json
01-10 05:54:31.620 20663 20857 I SG::NetworkUtils: Check network start at 1736484871619 and end at 1736484871620 and cost 1ms
01-10 05:54:31.621 20663 20857 I SG::ServiceDecisionManager: call addSceneGuaranteedServices,resultList size:0existedList size:0,guaranteedServices size:0,repeatedServices size:0
01-10 05:54:31.621 20663 20857 I SG::GsonUtil: doFullSceneGuaranteed: guaranteedSceneResultList size: 0
01-10 05:54:31.621 20663 20857 I SG::ServiceDecisionManager: has not received metis intents auto guaranteed service
01-10 05:54:31.621 20663 20857 W SG::ServiceDecisionManager: doFullGuaranteed ...
01-10 05:54:31.621 20663 20857 I SG::MetisVersionUtil: isDecoupleMetis: false
01-10 05:54:31.621 20663 20857 E SG::ServiceDecisionManager: doFullGuaranteed but isDecoupleMetis false return
01-10 05:54:31.695 18473 18522 D PowerMonitorNotifier: handleMessage: 20/0
01-10 05:54:31.695 18473 18522 D PowerMonitorNotifier: onScreenOff: trying to connecting
01-10 05:54:31.700  3583  4140 D QmiClient: qmiServiceEventCallback recv msg id 47
01-10 05:54:31.700 25838 25838 D PowerStatsService: onBind
01-10 05:54:31.700  3583  4140 D QmiOttClient: enter : onQmiServiceEventCallback msgId 47
01-10 05:54:31.700  3583  3614 D OttProxy: handleMessage msg is 3001
01-10 05:54:31.701 18473 18473 D PowerMonitorNotifier: onServiceConnected: success
01-10 05:54:31.701 18986 19005 D SubsysRadioIndication: [PHONE0]radioLinkLatencyInfoInd
01-10 05:54:31.701 18986 19005 D SubsysRadioIndication: [PHONE0]notify enter
01-10 05:54:31.705 18990 20865 I UTrace.Sdk.HLogConfigHelper: [SeedlingSdkFramework|com.android.launcher] checkIfDeleteLogFiles() no log files [SeedlingSdk|com.android.launcher|1.4.26-79c0076]
01-10 05:54:31.859 20213 20598 I bbfs    : (REDACTED) getHotwordActive::active query: %s, watch: %s, devices connected: %s
01-10 05:54:31.861 18906 19382 I QImsService: ImsKeyLog[0] : event: 5
01-10 05:54:31.862 18906 19382 E QImsService: OplusImsKeyLogHelper : return not support for new platform
01-10 05:54:31.981 18698 21135 I UTrace.Sdk.HLogConfigHelper: [PantaCardSdk|com.android.systemui] checkIfDeleteLogFiles() no log files [SystemUIPlugin|com.android.systemui|1.4.26-79c0076]
01-10 05:54:32.013 17922 18235 D ActivityManager: freezing 29430 com.google.android.as.oss
01-10 05:54:32.013 17922 18235 D ActivityManager: reportOneUidFrozenStateChanged uid 10277 frozen = true
01-10 05:54:32.014 17922 18314 D InetDiagMessage: Destroyed 0 sockets, proto=IPPROTO_TCP, family=AF_INET, states=14
01-10 05:54:32.014 17922 18235 D ActivityManager: freezing 25693 com.google.android.youtube
01-10 05:54:32.015 17922 18314 D InetDiagMessage: Destroyed 0 sockets, proto=IPPROTO_TCP, family=AF_INET6, states=14
01-10 05:54:32.015 17922 18314 D InetDiagMessage: Destroyed live tcp sockets for uids={10277} in 2ms
01-10 05:54:32.015 17922 18235 D ActivityManager: freezing 27421 com.android.chrome
01-10 05:54:32.016 17922 18235 D ActivityManager: freezing 27798 com.android.chrome:privileged_process0
01-10 05:54:32.016 17922 18235 D ActivityManager: freezing 27963 com.android.chrome:sandboxed_process0:org.chromium.content.app.SandboxedProcessService0:0
01-10 05:54:32.016 17922 18235 D ActivityManager: reportOneUidFrozenStateChanged uid 10177 frozen = true
01-10 05:54:32.017 17922 18235 D ActivityManager: reportOneUidFrozenStateChanged uid 10170 frozen = true
01-10 05:54:32.017 17922 18235 D ActivityManager: reportOneUidFrozenStateChanged uid 90000 frozen = true
01-10 05:54:32.018 17922 18314 D InetDiagMessage: Destroyed 0 sockets, proto=IPPROTO_TCP, family=AF_INET, states=14
01-10 05:54:32.019 17922 18314 D InetDiagMessage: Destroyed 0 sockets, proto=IPPROTO_TCP, family=AF_INET6, states=14
01-10 05:54:32.019 17922 18314 D InetDiagMessage: Destroyed live tcp sockets for uids={10177} in 2ms
01-10 05:54:32.020 17922 18314 D InetDiagMessage: Destroyed 0 sockets, proto=IPPROTO_TCP, family=AF_INET, states=14
01-10 05:54:32.021 17922 18314 D InetDiagMessage: Destroyed 0 sockets, proto=IPPROTO_TCP, family=AF_INET6, states=14
01-10 05:54:32.021 17922 18314 D InetDiagMessage: Destroyed live tcp sockets for uids={10170} in 2ms
01-10 05:54:32.021 17922 18314 D InetDiagMessage: Destroyed 0 sockets, proto=IPPROTO_TCP, family=AF_INET, states=14
01-10 05:54:32.022 17922 18314 D InetDiagMessage: Destroyed 0 sockets, proto=IPPROTO_TCP, family=AF_INET6, states=14
01-10 05:54:32.022 17922 18314 D InetDiagMessage: Destroyed live tcp sockets for uids={90000} in 1ms
01-10 05:54:32.032 17922 18235 D ActivityManager: freezing 28766 com.google.android.dialer
01-10 05:54:32.033 17922 18235 D ActivityManager: freezing 28863 com.google.android.projection.gearhead:provider
01-10 05:54:32.033 17922 18235 D ActivityManager: reportOneUidFrozenStateChanged uid 10278 frozen = true
01-10 05:54:32.033 17922 18235 D ActivityManager: reportOneUidFrozenStateChanged uid 10114 frozen = true
01-10 05:54:32.034 17922 18314 D InetDiagMessage: Destroyed 0 sockets, proto=IPPROTO_TCP, family=AF_INET, states=14
01-10 05:54:32.035 17922 18314 D InetDiagMessage: Destroyed 0 sockets, proto=IPPROTO_TCP, family=AF_INET6, states=14
01-10 05:54:32.035 17922 18314 D InetDiagMessage: Destroyed live tcp sockets for uids={10278} in 2ms
01-10 05:54:32.036 17922 18314 D InetDiagMessage: Destroyed 0 sockets, proto=IPPROTO_TCP, family=AF_INET, states=14
01-10 05:54:32.037 17922 18314 D InetDiagMessage: Destroyed 0 sockets, proto=IPPROTO_TCP, family=AF_INET6, states=14
01-10 05:54:32.037 17922 18314 D InetDiagMessage: Destroyed live tcp sockets for uids={10114} in 2ms
01-10 05:54:32.053  2273  2310 D BatteryChargeControl: bcc get no support from charging protocol
01-10 05:54:32.075 17922 18235 D ActivityManager: freezing 26449 com.google.android.videos
01-10 05:54:32.077 17922 18235 D ActivityManager: reportOneUidFrozenStateChanged uid 10314 frozen = true
01-10 05:54:32.078 17922 18314 D InetDiagMessage: Destroyed 0 sockets, proto=IPPROTO_TCP, family=AF_INET, states=14
01-10 05:54:32.079 17922 18314 D InetDiagMessage: Destroyed 0 sockets, proto=IPPROTO_TCP, family=AF_INET6, states=14
01-10 05:54:32.079 17922 18314 D InetDiagMessage: Destroyed live tcp sockets for uids={10314} in 2ms
01-10 05:54:32.121 17922 18235 D ActivityManager: freezing 26186 com.google.android.apps.youtube.music
01-10 05:54:32.125 17922 18235 D ActivityManager: reportOneUidFrozenStateChanged uid 10317 frozen = true
01-10 05:54:32.127 17922 18314 D InetDiagMessage: Destroyed 0 sockets, proto=IPPROTO_TCP, family=AF_INET, states=14
01-10 05:54:32.128 17922 18314 D InetDiagMessage: Destroyed 0 sockets, proto=IPPROTO_TCP, family=AF_INET6, states=14
01-10 05:54:32.128 17922 18314 D InetDiagMessage: Destroyed live tcp sockets for uids={10317} in 3ms
01-10 05:54:32.269 18698 21366 I UTrace.Sdk.HLogConfigHelper: [SeedlingSdkFramework|com.android.systemui] checkIfDeleteLogFiles() no log files [SeedlingSdk|com.android.systemui|1.4.26-79c0076]
01-10 05:54:32.302  2183  2262 E PERFHAL-PERFCTRL: PERFHAL-PERFCTRL: chk_core_online_poll_loop() 700: poll() has timed out for /sys/kernel/msm_performance/events/cpu_hotplug
01-10 05:54:32.302  2183  2262 E PERFHAL-PERFCTRL: PERFHAL-PERFCTRL: chk_core_online_poll_loop() 695: Block on poll()
01-10 05:54:32.385 18776 19472 D EuiccConnector: handleMessage: E msg.what=3
01-10 05:54:32.385 18776 19472 D EuiccConnector: processMsg: ConnectedState
01-10 05:54:32.388 19763 19763 I EuiccGoogle: [2] EuiccServiceImpl.onDestroy: onDestroy: EuiccService on destroy.
01-10 05:54:32.389 18776 19472 D EuiccConnector: transitionTo: destState=AvailableState
01-10 05:54:32.389 18776 19472 D EuiccConnector: handleMessage: new destination call exit/enter
01-10 05:54:32.389 18776 19472 D EuiccConnector: setupTempStateStackWithStatesToEnter: X mTempStateStackCount=2,curStateInfo: null
01-10 05:54:32.389 18776 19472 D EuiccConnector: invokeExitMethods: ConnectedState
01-10 05:54:32.389 18776 19472 D EuiccConnector: invokeExitMethods: DisconnectedState
01-10 05:54:32.389 18776 19472 D EuiccConnector: moveTempStackToStateStack: i=1,j=0
01-10 05:54:32.389 18776 19472 D EuiccConnector: moveTempStackToStateStack: i=0,j=1
01-10 05:54:32.389 18776 19472 D EuiccConnector: moveTempStackToStateStack: X mStateStackTop=1,startingIndex=0,Top=AvailableState
01-10 05:54:32.389 18776 19472 D EuiccConnector: invokeEnterMethods: UnavailableState
01-10 05:54:32.389 18776 19472 D EuiccConnector: invokeEnterMethods: AvailableState
01-10 05:54:32.389 18776 19472 D EuiccConnector: handleMessage: X
01-10 05:54:32.390 17535 17582 E TetherController: property_get sys.radio.data.modem_share_flag return 0, 1!
01-10 05:54:32.391 17922 18108 D ActivityManager: Async freezing 19763 com.google.android.euicc
01-10 05:54:32.495  3583  4140 D QmiClient: qmiServiceEventCallback recv msg id 47
01-10 05:54:32.495  3583  4140 D QmiOttClient: enter : onQmiServiceEventCallback msgId 47
01-10 05:54:32.495  3583  3614 D OttProxy: handleMessage msg is 3001
01-10 05:54:32.496 18986 19005 D SubsysRadioIndication: [PHONE0]radioLinkLatencyInfoInd
01-10 05:54:32.496 18986 19005 D SubsysRadioIndication: [PHONE0]notify enter
01-10 05:54:32.673  3583  4123 D QmiClient: qmiServiceEventCallback recv msg id 74
01-10 05:54:32.673  3583  4123 D QmiDsdClient: enter - onQmiServiceEventCallback msgId 74
01-10 05:54:32.673  3583  4123 D QmiDsdClientEvent: qmiDsdClientNotifyLteCellInfoChangeEvent - RADIO_EVENT_LTE_CELL_INFO_CHANGE_IND
01-10 05:54:32.673  3583  3613 D DsdProxy: handleMessage msg is 2201
01-10 05:54:32.673  3583  3613 D DsdProxy: handleLteCellInfoChangeInd for instance 0
01-10 05:54:32.674 18986 19005 D SubsysRadioIndication: [PHONE0]radioLteCAInfoInd
01-10 05:54:32.677 18986 18986 D QtiCellularNetwork: handleLteCaInfoChanged 0
01-10 05:54:32.677 18986 18986 D QtiCellularNetwork: handleLteCaInfoChanged: deconfigured
01-10 05:54:32.687  3583  4140 D QmiClient: qmiServiceEventCallback recv msg id 47
01-10 05:54:32.687  3583  4140 D QmiOttClient: enter : onQmiServiceEventCallback msgId 47
01-10 05:54:32.687  3583  3614 D OttProxy: handleMessage msg is 3001
01-10 05:54:32.688 18986 19005 D SubsysRadioIndication: [PHONE0]radioLinkLatencyInfoInd
01-10 05:54:32.688 18986 19005 D SubsysRadioIndication: [PHONE0]notify enter
01-10 05:54:32.693  3583  4123 D QmiClient: qmiServiceEventCallback recv msg id 74
01-10 05:54:32.693  3583  4123 D QmiDsdClient: enter - onQmiServiceEventCallback msgId 74
01-10 05:54:32.693  3583  4123 D QmiDsdClientEvent: qmiDsdClientNotifyLteCellInfoChangeEvent - RADIO_EVENT_LTE_CELL_INFO_CHANGE_IND
01-10 05:54:32.693  3583  3613 D DsdProxy: handleMessage msg is 2201
01-10 05:54:32.693  3583  3613 D DsdProxy: handleLteCellInfoChangeInd for instance 0
01-10 05:54:32.694 18986 19005 D SubsysRadioIndication: [PHONE0]radioLteCAInfoInd
01-10 05:54:32.694 18986 18986 D QtiCellularNetwork: handleLteCaInfoChanged 0
01-10 05:54:32.694 18986 18986 D QtiCellularNetwork: handleLteCaInfoChanged: deconfigured
01-10 05:54:32.702 17922 18415 I OplusWifiSarManager: Received Data State Change: 4
01-10 05:54:32.702 18698 18876 I SystemUi--Statusbar: MobileConnectionRepositoryImpl-->subId:1 isSoftSimCard:false slotId:0
01-10 05:54:32.751  2104 18445 I WifiHAL : event received NL80211_CMD_VENDOR, vendor_id = 0x1374, subcmd = 0xd
01-10 05:54:32.751  3314 18446 D LOWI-9.0.1.110: [LOWI-Scan] wait_event:Wait done with Cmd 103
01-10 05:54:32.752  3314 18446 D LOWI-9.0.1.110: [LOWI-Scan] do_listen_events: Rcvd valid Netlink Cmd 0 Err 0
01-10 05:54:32.752  3270  3270 I cnss-daemon: nl80211 response handler invoked
01-10 05:54:32.752  3270  3270 I cnss-daemon: nl80211_response_handler: cmd 103, vendorID 4980, subcmd 13  received
01-10 05:54:32.857 21922 22073 I Finsky  : [51] mms.run(42): Stats for Executor: BlockingExecutor rbu@bbdd2e2[Running, pool size = 5, active threads = 0, queued tasks = 0, completed tasks = 80]
01-10 05:54:32.857 21922 22073 I Finsky  : [51] mms.run(42): Stats for Executor: LightweightExecutor rbu@2dfd673[Running, pool size = 4, active threads = 0, queued tasks = 0, completed tasks = 205]
01-10 05:54:32.877 21922 22073 I Finsky  : [51] mms.run(42): Stats for Executor: bgExecutor rbu@c978930[Running, pool size = 4, active threads = 0, queued tasks = 0, completed tasks = 256]
01-10 05:54:33.054  2273  2310 D BatteryChargeControl: bcc get no support from charging protocol
01-10 05:54:33.098 21922 22073 I Finsky  : [51] mms.run(42): Stats for Executor: GrpcBackgroundExecutor rbu@37239a9[Running, pool size = 2, active threads = 0, queued tasks = 0, completed tasks = 2]
01-10 05:54:33.131 17922 18235 D ActivityManager: Freezer deadlock watchdog
01-10 05:54:33.247 20663 22365 I UTrace.Sdk.HLogConfigHelper: [cardService|com.oplus.pantanal.ums] checkIfDeleteLogFiles() no log files [CardService-master|com.oplus.pantanal.ums|1.4.25-69f924a]
01-10 05:54:33.249 17922 17969 I ActivityManager: Test idle failed due to 19bfe6b 22674:com.oplus.wirelesssettings/1000 runnable at +1m1s182ms because CACHED
01-10 05:54:33.367 22397 22514 I Finsky:background: [52] mms.run(42): Stats for Executor: bgExecutor rbu@a90eb44[Running, pool size = 4, active threads = 0, queued tasks = 0, completed tasks = 43]
01-10 05:54:33.372 22397 22514 I Finsky:background: [52] mms.run(42): Stats for Executor: LightweightExecutor rbu@1fb142d[Running, pool size = 4, active threads = 0, queued tasks = 0, completed tasks = 10]
01-10 05:54:33.417 22397 22514 I Finsky:background: [52] mms.run(42): Stats for Executor: BlockingExecutor rbu@fdb7d62[Running, pool size = 1, active threads = 0, queued tasks = 0, completed tasks = 6]
01-10 05:54:33.508 19361 20892 I AlarmManager: setExactAndAllowWhileIdle [name: GCM_HB_ALARM type: 2 triggerAtMillis: 119967534]
01-10 05:54:33.518 19361 28720 I AlarmManager: setExactAndAllowWhileIdle [name: FcmRetry type: 2 triggerAtMillis: 119557543]
01-10 05:54:33.519 19361 29537 I AlarmManager: setExactAndAllowWhileIdle [name: GCM_HB_ALARM type: 2 triggerAtMillis: 119967545]
01-10 05:54:33.524 19361 19373 W OplusExSystemServiceHelper: checkOplusExSystemService intent getComponent is null
01-10 05:54:33.529 26883 27238 W JobInfo : Job 'org.telegram.messenger/.KeepAliveJob#1000' has a deadline with functional constraints and an extremely short time window of 0 ms (delay=0, deadline=0). The functional constraints are not likely to be satisfied when the job runs.
01-10 05:54:33.530 17922 18943 W JobInfo : Job 'org.telegram.messenger/.KeepAliveJob#1000' has a deadline with functional constraints and an extremely short time window of 0 ms (delay=0, deadline=0). The functional constraints are not likely to be satisfied when the job runs.
01-10 05:54:33.530 17922 18943 W JobInfo : Job 'org.telegram.messenger/.KeepAliveJob#1000' has a deadline with functional constraints and an extremely short time window of 0 ms (delay=0, deadline=0). The functional constraints are not likely to be satisfied when the job runs.
01-10 05:54:33.533  2150  2232 I SnapAlloc: Using graphics libs for alignment calculations
01-10 05:54:33.533 17535 17582 E TetherController: property_get sys.radio.data.modem_share_flag return 0, 1!
01-10 05:54:33.544  2150  2232 I SnapAlloc: Using graphics libs for alignment calculations
01-10 05:54:33.549  2150  2232 I SnapAlloc: Using graphics libs for alignment calculations
01-10 05:54:33.551 17922 17922 D EnvelopeDetectorController: isEnvelopeAssistantEnabled isCancelNotification: true currentUserId: 0 userId: 0
01-10 05:54:33.554 17922 19136 D ShortcutService: rescanPackageIfNeeded 0@org.telegram.messenger, forceRescan=false , isNewApp=false
01-10 05:54:33.575 17922 19136 D ShortcutService: rescanPackageIfNeeded 0@org.telegram.messenger, forceRescan=false , isNewApp=false
01-10 05:54:33.576 26883 27260 W Notification: Bubbles work best with icons of TYPE_URI or TYPE_URI_ADAPTIVE_BITMAP. In the future, using an icon of this type will be required.
01-10 05:54:33.579 17922 19136 D NotificationService--NotificationRecord: isSupportRearLight , isRearLight = false mLedRM = false isMultilLed = false
01-10 05:54:33.580 17922 19136 D EnvelopeDetectorController: isEnvelopeAssistantEnabled isCancelNotification: false currentUserId: 0 userId: 0
01-10 05:54:33.580 17922 19136 D ShortcutService: Getting shortcuts for launcher= androiduser=0 pkg=org.telegram.messenger
01-10 05:54:33.580 17922 19136 I OplusStatusBarManagerServiceEnhance:  getTopIsFullscreen mTopIsFullscreen: false
01-10 05:54:33.580 17922 19136 W ActivityManager: Permission Denial: getTopApplicationInfo from pid=26883, uid=10334 requires oplus.permission.OPLUS_COMPONENT_SAFE
01-10 05:54:33.580 17922 19136 E OplusNotificationCenter: getForegroundApplication exception
01-10 05:54:33.580 17922 17922 D NotificationService--OplusNotificationManagerServiceExtImpl: isForwardToAssistants: true, case : Is local notification
01-10 05:54:33.580 17922 17922 D NotificationService: This application enqueue notifications is need postDelayed mcsAssistantDelayTime: 200
01-10 05:54:33.580 17922 19136 D ShortcutService: rescanPackageIfNeeded 0@org.telegram.messenger, forceRescan=false , isNewApp=false
01-10 05:54:33.580 17922 18321 D NotificationService--OplusNavigationManager: Notification--isSuppressedByDriveMode--userId:0,mode:false
01-10 05:54:33.580 17922 18321 D NotificationService--OplusNotificationTrackHelper: PostNotification : {channel_name=OnePlus 13/R Series: The Chatroom, notification_type=message, app_name=bccbfaa58e31db9bd7a80cd6abe84f0bec81a5ddf43f36c6a2000a192d3d9c85, push_id=null, importance=4, notification_id=-1902568182, system_state=null, channel_id=0channel_groups_b9fad_-3935592296873509671, pkg=62f1568dc19af452e8a655af7593a513cff0b34856cb5ff1c4c2603ca514df0f, post_time=2025-01-10 05:54:33, notification_source=local}
01-10 05:54:33.582 17922 17922 D AS.AudioService: uid 1000, callingApp = android.uid.system:1000
01-10 05:54:33.582 19979 21516 D OplusAtlasService: checkIsInDaemonlistByName module:audio-binder-opt-list packageName:android.uid.system:1000
01-10 05:54:33.582 17922 17922 I OplusStatusBarManagerServiceEnhance:  getTopIsFullscreen mTopIsFullscreen: false
01-10 05:54:33.582 17922 17922 D NotificationService--OplusSoundVibrateManager: Support ringtone vibration : true
01-10 05:54:33.582 17922 17922 D NotificationService--OplusSoundVibrateManager: Support ringtone vibration : true
01-10 05:54:33.582 17922 17922 D AS.AudioService: uid 1000, callingApp = android.uid.system:1000
01-10 05:54:33.582 19979 21516 D OplusAtlasService: checkIsInDaemonlistByName module:audio-binder-opt-list packageName:android.uid.system:1000
01-10 05:54:33.583 17922 17922 D NotifAttentionHelper: buzzBeepBlinkLocked(): vibrate through haptic channel.
01-10 05:54:33.583 17922 17922 I AS.AudioService: shouldNotificationSoundPlay false: muted stream:5 attr:AudioAttributes: usage=USAGE_NOTIFICATION content=CONTENT_TYPE_SONIFICATION flags=0x800 tags= bundle=null
01-10 05:54:33.583 17922 17922 D NotificationService--OplusSoundVibrateManager: Support ringtone vibration : true
01-10 05:54:33.584 17922 17922 D FlavorOneBreathLightsHelper: setLastPlaySoundNotification NotificationRecord(0x0f046e88: pkg=org.telegram.messenger user=UserHandle{0} id=-1902568182 tag=null importance=4 key=0|org.telegram.messenger|-1902568182|null|10334: Notification(channel=0channel_groups_b9fad_-3935592296873509671 shortcut=ndid_-1902568181 contentView=null vibrate=null sound=null defaults=0 flags=AUTO_CANCEL color=0xff11acfa category=msg sortKey=9223370300369901807 actions=2 vis=PRIVATE locusId=LocusId[16_chars]))
01-10 05:54:33.584 17922 17922 V NotifAttentionHelper: Ringtone player is null.
01-10 05:54:33.584 17922 17922 D AS.AudioService: uid 1000, callingApp = android.uid.system:1000
01-10 05:54:33.584 19979 21516 D OplusAtlasService: checkIsInDaemonlistByName module:audio-binder-opt-list packageName:android.uid.system:1000
01-10 05:54:33.584 17922 17922 D FlashNotifController: requestStartFlashNotification
01-10 05:54:33.584 17922 17922 I FlashNotifController: startFlashNotification: type=1, tag=android
01-10 05:54:33.584 17922 17922 D FlashNotifController: Flash notification is disabled
01-10 05:54:33.585 17922 17922 W NotificationHistory: Attempted to add notif for locked/gone/disabled user 0
01-10 05:54:33.586 18698 29548 D MediaPlayer: MediaPlayer
01-10 05:54:33.588 17529 19698 V audio_utils::mutex: mutex_impl: audio_mutex initialized: ret:0  order:20
01-10 05:54:33.588 17529 19698 V audio_utils::mutex: mutex_impl: audio_mutex initialized: ret:0  order:20
01-10 05:54:33.588 18698 18794 D PeopleSpaceWidgetMgr: No app widget ids returned
01-10 05:54:33.588 17529 17825 D AudioFlinger: updateWakeLockUids_l AudioOut_D uids:
01-10 05:54:33.588 17529 17836 D AudioFlinger: updateWakeLockUids_l AudioOut_15 uids:
01-10 05:54:33.588 17529 19698 V audio_utils::mutex: mutex_impl: audio_mutex initialized: ret:0  order:20
