01-10 05:54:36.283 17537 17838 I AGM: API: agm_session_aif_connect: 623 disconnecting aifid:16 with session id=126
01-10 05:54:36.283 17537 17838 D AGM: graph: graph_stop: 1053 entry graph_handle 0x247534c
01-10 05:54:36.283 17537 17838 I gsl     : gsl_send_spf_cmd:207 sending pkt opcode 0x1001004 token 0x0002e000
01-10 05:54:36.285 17537 17838 I gsl     : gsl_send_spf_cmd:256 rcvd pkt token : 0x2e000
01-10 05:54:36.285 17537 17838 D AGM: graph: graph_stop: 1107 exit, ret 0
01-10 05:54:36.285 17537 17838 I AGM: device: device_close: 648 PCM device 16 open refcnt: 1
01-10 05:54:36.293 17529 21801 D AFExtImpl: checkThreadBuffer get info from new, 0xb400007675eaf700
01-10 05:54:36.318 17537 17838 D PAL: SessionAlsaUtils: close: 729: backend MI2S-LPAIF-RX-SECONDARY and freedevicemetadata 1
01-10 05:54:36.318 17537 17838 I AGM: session: session_obj_set_sess_aif_metadata: 1967 Exit
01-10 05:54:36.318 17537 17838 D PAL: SessionAlsaPcm: close: 2639: pcm_close pcmLpmRefCnt 1
01-10 05:54:36.318 17537 17838 D PAL: Session: setPmQosMixerCtl: 104: mixer control disabled for PM_QOS Vote
01-10 05:54:36.318 17537 17838 D PAL: SessionAlsaPcm: close: 2647: pcm_close pcmLpmRefCnt 0
01-10 05:54:36.318 17537 17838 I AgmIpc::Server: removeSessionHandle removing handle b40000719848d6c0 for session 126
01-10 05:54:36.318 17537 17838 D AGM: session: session_close: 1454 enter
01-10 05:54:36.318 17537 17838 D AGM: graph: graph_close: 871 entry handle 0x247534c
01-10 05:54:36.318 17537 17838 I gsl     : gsl_send_spf_cmd:207 sending pkt opcode 0x1001004 token 0x0002f000
01-10 05:54:36.319 17537 17838 I gsl     : gsl_send_spf_cmd:256 rcvd pkt token : 0x2f000
01-10 05:54:36.319 17537 17838 D AGM: graph: graph_close: 899 exit, ret 0
01-10 05:54:36.319 17537 17838 D AGM: session: session_close: 1505 exit, ret 0
01-10 05:54:36.319 17537 17838 I AGM: oplus_agm_fb: clearOpenedSessions: 81 i = 2, clear session_id = 126
01-10 05:54:36.320 17537 17838 D PAL: ResourceManager: registerMixerEventCallback: 5585: callback found for pcm id 126, remove
01-10 05:54:36.320 17537 17838 I PAL: ResourceManager: freeFrontEndIds: 7932: stream type 1, freeing 126
01-10 05:54:36.320 17537 17838 D PAL: SessionAlsaPcm: close: 2773: Exit status: 0
01-10 05:54:36.320 17537 17838 I PAL: Device: close: 607: Enter. deviceCount 1 for device id 3 (PAL_DEVICE_OUT_SPEAKER)
01-10 05:54:36.320 17537 17838 D PAL: Device: close: 612: Disabling device 3 with snd dev speaker
01-10 05:54:36.320 17537 17838 I PAL: Device: close: 636: Exit. deviceCount 0 for device id 3 (PAL_DEVICE_OUT_SPEAKER), exit status 0
01-10 05:54:36.320 17537 17838 D PAL: Speaker: close: 153: Concurrent State unchanged, ignore notifying
01-10 05:54:36.320 17537 17838 D PAL: ResourceManager: checkAndSetDutyCycleParam: 7259: duty cycle for UPD not enabled
01-10 05:54:36.320 17537 17838 D PAL: memLoggerBuilder: palStateQueueBuilder: 77: TIME IS:1736484876320
01-10 05:54:36.320 17537 17838 D PAL: StreamPCM: close: 410: Exit. closed the stream successfully 0 status 0
01-10 05:54:36.320 17537 17838 D PAL: ResourceManager: deactivateStreamUserCounter: 4272: stream 0xb400007170c28300 is to be deactivated.
01-10 05:54:36.320 17537 17838 D PAL: ResourceManager: deactivateStreamUserCounter: 4276: stream 0xb400007170c28300 is inactive.
01-10 05:54:36.320 17537 17838 I PAL: OplusPalFb: oplus_feedback_delete_info: 575: delete info i = 1, stream 0xb400007170c28300K
01-10 05:54:36.320 17537 17838 D PAL: API: notify_concurrent_stream: 101: Notify concurrent stream type 1, direction 1, active 0
01-10 05:54:36.320 17537 17838 D PAL: ResourceManager: eraseStreamUserCounter: 4293: stream counter for 0xb400007170c28300 is erased.
01-10 05:54:36.320 17537 17838 D PAL: ResourceManager: deregisterStream: 3995: Enter. stream 0xb400007170c28300K
01-10 05:54:36.320 17537 17838 I PAL: ResourceManager: deregisterStream: 4003: stream type 1
01-10 05:54:36.320 17537 17838 D PAL: ResourceManager: deregisterStream: 4168: Exit. ret 0
01-10 05:54:36.320 17537 17838 D PAL: Device: removeStreamDeviceAttr: 1043: found entry for stream:1
01-10 05:54:36.320 17537 17838 D PAL: Device: removeStreamDeviceAttr: 1052: dev: 3 attr removed are: priority: 0x3, stream type: 1, ch: 2, sr: 48000, bit_width: 24, fmt: 22, sndDev: speaker, custom_key:
01-10 05:54:36.320 17537 17838 D PAL: ResourceManager: restoreDevice: 14698: Enter
01-10 05:54:36.320 17537 17838 D PAL: ResourceManager: restoreDevice: 14728: current device: 3 running at, ch 2, sr 48000, bit_width 24, fmt 22, sndDev speaker
01-10 05:54:36.320 17537 17838 E PAL: Device: clearStreamDevAttrCustomKey: 1140: empty device attr for device 3
01-10 05:54:36.320 17537 17838 D PAL: ResourceManager: getSharedBEActiveStreamDevs: 8110: got dev 3 active streams on dev is 0
01-10 05:54:36.320 17537 17838 D PAL: ResourceManager: restoreDevice: 14809: no active device, switch un-needed
01-10 05:54:36.320 17537 17838 D PAL: ResourceManager: restoreDevice: 14817: Exit
01-10 05:54:36.320 17537 17838 I PAL: API: pal_stream_close: 433: Exit. status 0
01-10 05:54:36.320 17537 17838 I PAL: API: pal_stream_stop: 550: Enter. Stream handle :0xb400007170c28600K
01-10 05:54:36.320 17537 17838 D PAL: Stream: getPalDevices: 633: no. of devices 1
01-10 05:54:36.320 17537 17838 D PAL: Stream: setCachedState: 2456: set cachedState to 6
01-10 05:54:36.320 17537 17838 D PAL: StreamPCM: stop: 768: Enter. session handle - 0xb400007170c10c00K mStreamAttr->direction - 1 state 3
01-10 05:54:36.320 17537 17838 D PAL: ResourceManager: deregisterDevice: 4905: Enter. dev id: 19
01-10 05:54:36.320 17537 17838 D PAL: ResourceManager: checkandEnableEC_l: 4808: Enter: setting to enable[OFF] for stream 22.
01-10 05:54:36.320 17537 17838 D PAL: ResourceManager: checkandEnableECForRXStream_l: 4728: Enter: setting EC[OFF] for usecase 22 of device 19.
01-10 05:54:36.320 17537 17838 D PAL: ResourceManager: checkandEnableECForRXStream_l: 4782: Exit. status: 0
01-10 05:54:36.320 17537 17838 D PAL: ResourceManager: checkandEnableEC_l: 4839: Exit. status: 0
01-10 05:54:36.320 17537 17838 D PAL: ResourceManager: deregisterDevice: 4915: Exit.
01-10 05:54:36.320 17537 17838 D PAL: SessionAlsaPcm: stop: 2297: Enter
01-10 05:54:36.320 17537 17838 D AGM: graph: graph_stop: 1053 entry graph_handle 0x347534c
01-10 05:54:36.320 17537 17838 I gsl     : gsl_send_spf_cmd:207 sending pkt opcode 0x1001003 token 0x00030000
01-10 05:54:36.324 17537 17838 I gsl     : gsl_send_spf_cmd:256 rcvd pkt token : 0x30000
01-10 05:54:36.324 17537 17838 D AGM: graph: graph_stop: 1107 exit, ret 0
01-10 05:54:36.324 17537 17838 I PAL: ResourceManager: voteSleepMonitor: 2424: Unvoting done for nlpi use case, lpi votes 0, nlpi votes : 0
01-10 05:54:36.324 17537 17838 D PAL: SessionAlsaPcm: stop: 2533: Exit status: 0
01-10 05:54:36.324 17537 17838 D PAL: Device: stop_l: 741: Enter. deviceCount 1 deviceStartStopCount 1 for device id 19 (PAL_DEVICE_OUT_HAPTICS_DEVICE)
01-10 05:54:36.324 17537 17838 D PAL: memLoggerBuilder: palStateQueueBuilder: 77: TIME IS:1736484876324
01-10 05:54:36.324 17537 17838 D PAL: StreamPCM: stop: 906: Exit. status 0, state 6
01-10 05:54:36.324 17537 17838 I PAL: API: pal_stream_stop: 612: Exit. status 0
01-10 05:54:36.324 17537 17838 I PAL: API: pal_stream_close: 384: Enter. Stream handle :0xb400007170c28600K
01-10 05:54:36.324 17537 17838 D PAL: Stream: setCachedState: 2456: set cachedState to 0
01-10 05:54:36.324 17537 17838 D PAL: StreamPCM: close: 360: Enter. session handle - 0xb400007170c10c00K device count - 1 state 6
01-10 05:54:36.324 17537 17838 D PAL: SessionAlsaPcm: close: 2550: Enter
01-10 05:54:36.324 17537 17838 D PAL: SessionAlsaPcm: close: 2611: backendname CODEC_DMA-LPAIF_WSA2-RX-1
01-10 05:54:36.324 17537 17838 D PAL: SessionAlsaPcm: close: 2620: Rx dev not active
01-10 05:54:36.324 17537 17838 D PAL: SessionAlsaUtils: getFeMixerControl: 354: mixer control PCM117 control
01-10 05:54:36.324 17537 17838 I AGM: API: agm_session_aif_connect: 623 disconnecting aifid:38 with session id=117
01-10 05:54:36.324 17537 17838 D AGM: graph: graph_stop: 1053 entry graph_handle 0x347534c
01-10 05:54:36.324 17537 17838 I gsl     : gsl_send_spf_cmd:207 sending pkt opcode 0x1001004 token 0x00031000
01-10 05:54:36.326 17537 17838 I gsl     : gsl_send_spf_cmd:256 rcvd pkt token : 0x31000
01-10 05:54:36.326 17537 17838 D AGM: graph: graph_stop: 1107 exit, ret 0
01-10 05:54:36.326 17537 17838 I AGM: device: device_close: 648 PCM device 38 open refcnt: 1
01-10 05:54:36.329 17537 17838 D PAL: SessionAlsaUtils: close: 729: backend CODEC_DMA-LPAIF_WSA2-RX-1 and freedevicemetadata 1
01-10 05:54:36.329 17537 17838 I AGM: session: session_obj_set_sess_aif_metadata: 1967 Exit
01-10 05:54:36.330 17537 17838 I AgmIpc::Server: removeSessionHandle removing handle b40000719848d340 for session 117
01-10 05:54:36.330 17537 17838 D AGM: session: session_close: 1454 enter
01-10 05:54:36.330 17537 17838 D AGM: graph: graph_close: 871 entry handle 0x347534c
01-10 05:54:36.330 17537 17838 I gsl     : gsl_send_spf_cmd:207 sending pkt opcode 0x1001004 token 0x00032000
01-10 05:54:36.331 17537 17838 I gsl     : gsl_send_spf_cmd:256 rcvd pkt token : 0x32000
01-10 05:54:36.331 17537 17838 D AGM: graph: graph_close: 899 exit, ret 0
01-10 05:54:36.331 17537 17838 D AGM: session: session_close: 1505 exit, ret 0
01-10 05:54:36.331 17537 17838 I AGM: oplus_agm_fb: clearOpenedSessions: 81 i = 3, clear session_id = 117
01-10 05:54:36.331 17537 17838 I PAL: ResourceManager: freeFrontEndIds: 7932: stream type 22, freeing 117
01-10 05:54:36.331 17537 17838 D PAL: SessionAlsaPcm: close: 2773: Exit status: 0
01-10 05:54:36.331 17537 17838 I PAL: Device: close: 607: Enter. deviceCount 1 for device id 19 (PAL_DEVICE_OUT_HAPTICS_DEVICE)
01-10 05:54:36.331 17537 17838 D PAL: Device: close: 612: Disabling device 19 with snd dev haptics-dev
01-10 05:54:36.331 17537 17838 I PAL: Device: close: 636: Exit. deviceCount 0 for device id 19 (PAL_DEVICE_OUT_HAPTICS_DEVICE), exit status 0
01-10 05:54:36.331 17537 17838 D PAL: ResourceManager: checkAndSetDutyCycleParam: 7259: duty cycle for UPD not enabled
01-10 05:54:36.331 17537 17838 D PAL: memLoggerBuilder: palStateQueueBuilder: 77: TIME IS:1736484876331
01-10 05:54:36.331 17537 17838 D PAL: StreamPCM: close: 410: Exit. closed the stream successfully 0 status 0
01-10 05:54:36.331 17537 17838 D PAL: ResourceManager: deactivateStreamUserCounter: 4272: stream 0xb400007170c28600 is to be deactivated.
01-10 05:54:36.331 17537 17838 D PAL: ResourceManager: deactivateStreamUserCounter: 4276: stream 0xb400007170c28600 is inactive.
01-10 05:54:36.331 17537 17838 I PAL: OplusPalFb: oplus_feedback_delete_info: 575: delete info i = 1, stream 0xb400007170c28600K
01-10 05:54:36.331 17537 17838 D PAL: API: notify_concurrent_stream: 101: Notify concurrent stream type 22, direction 1, active 0
01-10 05:54:36.331 17537 17838 D PAL: ResourceManager: eraseStreamUserCounter: 4293: stream counter for 0xb400007170c28600 is erased.
01-10 05:54:36.331 17537 17838 E PAL: ResourceManager: resetStreamInstanceID: 13029: Invalid Stream Instance ID
01-10 05:54:36.331 17537 17838 D PAL: ResourceManager: deregisterStream: 3995: Enter. stream 0xb400007170c28600K
01-10 05:54:36.331 17537 17838 I PAL: ResourceManager: deregisterStream: 4003: stream type 22
01-10 05:54:36.331 17537 17838 D PAL: ResourceManager: deregisterStream: 4168: Exit. ret 0
01-10 05:54:36.331 17537 17838 D PAL: Device: removeStreamDeviceAttr: 1043: found entry for stream:22
01-10 05:54:36.331 17537 17838 D PAL: Device: removeStreamDeviceAttr: 1052: dev: 19 attr removed are: priority: 0x3, stream type: 22, ch: 1, sr: 48000, bit_width: 16, fmt: 1, sndDev: haptics-dev, custom_key:
01-10 05:54:36.331 17537 17838 D PAL: ResourceManager: restoreDevice: 14698: Enter
01-10 05:54:36.331 17537 17838 D PAL: Device: Device: 396: device instance for id 4 created
01-10 05:54:36.331 17537 17838 D PAL: ResourceManager: restoreDevice: 14728: current device: 4 running at, ch 0, sr 0, bit_width 0, fmt 0, sndDev
01-10 05:54:36.331 17537 17838 I PAL: ResourceManager: getActiveStream_l: 6784: no active streams found for device 19 ret -2
01-10 05:54:36.331 17537 17838 E PAL: Device: clearStreamDevAttrCustomKey: 1140: empty device attr for device 4
01-10 05:54:36.331 17537 17838 D PAL: Device: getObject: 264: device none
01-10 05:54:36.331 17537 17838 D PAL: ResourceManager: getSharedBEActiveStreamDevs: 8110: got dev 4 active streams on dev is 0
01-10 05:54:36.331 17537 17838 D PAL: ResourceManager: restoreDevice: 14809: no active device, switch un-needed
01-10 05:54:36.331 17537 17838 D PAL: ResourceManager: restoreDevice: 14817: Exit
01-10 05:54:36.331 17537 17838 I PAL: API: pal_stream_close: 433: Exit. status 0
01-10 05:54:36.331 17537 17838 D AHAL_StreamOut_QTI: standby : usecase: HAPTICS_PLAYBACK IoHandle: 29
01-10 05:54:36.390 17922 19256 I SystemUpdateManagerService: No existing info file /data/system/system-update-info.xml
01-10 05:54:36.799  2104 18445 I WifiHAL : event received NL80211_CMD_VENDOR, vendor_id = 0x1374, subcmd = 0xd
01-10 05:54:36.799  3270  3270 I cnss-daemon: nl80211 response handler invoked
01-10 05:54:36.799  3270  3270 I cnss-daemon: nl80211_response_handler: cmd 103, vendorID 4980, subcmd 13  received
01-10 05:54:36.799  3314 18446 D LOWI-9.0.1.110: [LOWI-Scan] wait_event:Wait done with Cmd 103
01-10 05:54:36.799  3314 18446 D LOWI-9.0.1.110: [LOWI-Scan] do_listen_events: Rcvd valid Netlink Cmd 0 Err 0
01-10 05:54:37.057  2273  2310 D BatteryChargeControl: bcc get no support from charging protocol
01-10 05:54:37.130 18986 18986 D VendorWifiService: onEvent event:9,action:1
01-10 05:54:37.130 17922 18415 D OplusWifiPower_TriggerCenter: mComponentCallback: wifistat
01-10 05:54:37.130 18986 19429 D SubsysEventListenerManager: onCapabilitiesChanged
01-10 05:54:37.131 18986 19429 D DataStateTracker: getCurDataChannel, channel:1
01-10 05:54:37.130 18698 18794 D WifiStatusTracker: mNetworkCallback onCapabilitiesChanged network:102 mPrimaryNetworkId:102
01-10 05:54:37.131 18698 18902 D WifiPickerTracker: handleNetworkCapabilitiesChanged network:102
01-10 05:54:37.131 17922 18441 D OplusSlaNetworkManager: isPrimaryWifi:true network:102
01-10 05:54:37.132 17922 18415 D SystemNetworkObserver: wifi network 102 nc changed, primary=true
01-10 05:54:37.132 17922 18415 D SystemNetworkObserver: default network nc changed 102
01-10 05:54:37.133 18698 18902 I WifiPickerTracker: wifi connected status realConnectedWifiEntry not null: true
01-10 05:54:37.133 17922 18314 W IPCThreadState: Sending oneway calls to frozen process.
01-10 05:54:37.133 17922 18314 W IPCThreadState: Sending oneway calls to frozen process.
01-10 05:54:37.133 17922 18314 W IPCThreadState: Sending oneway calls to frozen process.
01-10 05:54:37.133 20413 22045 I BugleRcsEngine: handleMessage processing message:[NOTIFY_UPTIME_IGNORE_STATE_CHANGED] with [non-null]:RcsEngineImpl reference [CONTEXT log_prefix="RcsEngineImpl[DUAL_REG]:[254f5748-f7ae]>Handler" thread_id=75 ]
01-10 05:54:37.133 17922 18314 W IPCThreadState: Sending oneway calls to frozen process.
01-10 05:54:37.133 17922 18314 W IPCThreadState: Sending oneway calls to frozen process.
01-10 05:54:37.133 18937 20983 D QCNEJ/NativeAidlConnector: -> SND notifyDefaultNetworkChanged(1)
01-10 05:54:37.133 17922 18314 W IPCThreadState: Sending oneway calls to frozen process.
01-10 05:54:37.133 18937 20983 D cneJni  : sendDefaultNwMsg start
01-10 05:54:37.134 18937 20983 D cneJni  : sendWifiStatus start
01-10 05:54:37.134 20413 21646 I BugleRcsEngine: Connected state: [1], networkType: [WIFI] [CONTEXT thread_id=69 ]
01-10 05:54:37.134 18698 18794 D WifiStatusTracker: mNetworkCallback onCapabilitiesChanged network:102 mPrimaryNetworkId:102
01-10 05:54:37.134 17922 18314 W IPCThreadState: Sending oneway calls to frozen process.
01-10 05:54:37.134 17922 18314 W IPCThreadState: Sending oneway calls to frozen process.
01-10 05:54:37.134 17922 18314 W IPCThreadState: Sending oneway calls to frozen process.
01-10 05:54:37.134 18873 20975 D txpwrJni: sendNetworkInfo start
01-10 05:54:37.135 18873 20975 D txpwrJni: sendNetworkInfo RatType 0
01-10 05:54:37.135 17922 18314 W IPCThreadState: Sending oneway calls to frozen process.
01-10 05:54:37.135 17922 18314 W IPCThreadState: Sending oneway calls to frozen process.
01-10 05:54:37.135 18698 18794 I SystemUi--Statusbar: NetworkController.WifiSignalController-->handleStatusUpdated state=3 enabled=true connected=true isDefaultNetwork=true rssi=-63 level=4 statusLabel=null isDirty=false
01-10 05:54:37.135 17922 18314 W IPCThreadState: Sending oneway calls to frozen process.
01-10 05:54:37.135 17922 18314 W IPCThreadState: Sending oneway calls to frozen process.
01-10 05:54:37.135 17922 18314 W IPCThreadState: Sending oneway calls to frozen process.
01-10 05:54:37.135 17922 18314 W IPCThreadState: Sending oneway calls to frozen process.
01-10 05:54:37.135 18698 18794 I SystemUi--Statusbar: NetworkController.WifiSignalController-->handleStatusUpdated state=3 enabled=true connected=true isDefaultNetwork=true rssi=-63 level=4 statusLabel=null isDirty=false
01-10 05:54:37.135 17922 18314 W IPCThreadState: Sending oneway calls to frozen process.
01-10 05:54:37.135 17922 18314 W IPCThreadState: Sending oneway calls to frozen process.
01-10 05:54:37.135 18698 18794 I SystemUi--Statusbar: NetworkController.WifiSignalController-->handleStatusUpdated state=3 enabled=true connected=true isDefaultNetwork=true rssi=-63 level=4 statusLabel=null isDirty=false
01-10 05:54:37.135 17922 18314 W IPCThreadState: Sending oneway calls to frozen process.
01-10 05:54:37.135 17922 18314 W IPCThreadState: Sending oneway calls to frozen process.
01-10 05:54:37.135 17922 18314 W IPCThreadState: Sending oneway calls to frozen process.
01-10 05:54:37.135 17922 18314 W IPCThreadState: Sending oneway calls to frozen process.
01-10 05:54:37.135 17922 18314 W IPCThreadState: Sending oneway calls to frozen process.
01-10 05:54:37.135 17922 18314 W IPCThreadState: Sending oneway calls to frozen process.
01-10 05:54:37.135 17922 18314 W IPCThreadState: Sending oneway calls to frozen process.
01-10 05:54:37.135 17922 18314 W IPCThreadState: Sending oneway calls to frozen process.
01-10 05:54:37.135 17922 18314 W IPCThreadState: Sending oneway calls to frozen process.
01-10 05:54:37.135 17922 18314 W IPCThreadState: Sending oneway calls to frozen process.
01-10 05:54:37.135 17922 18314 W IPCThreadState: Sending oneway calls to frozen process.
01-10 05:54:37.135 17922 18314 W IPCThreadState: Sending oneway calls to frozen process.
01-10 05:54:37.136 17922 18314 W IPCThreadState: Sending oneway calls to frozen process.
01-10 05:54:37.136 17922 18314 W IPCThreadState: Sending oneway calls to frozen process.
01-10 05:54:37.136 17922 18314 W IPCThreadState: Sending oneway calls to frozen process.
01-10 05:54:37.136 17922 18314 W IPCThreadState: Sending oneway calls to frozen process.
01-10 05:54:37.136 17922 18314 W IPCThreadState: Sending oneway calls to frozen process.
01-10 05:54:37.136 17922 18314 W IPCThreadState: Sending oneway calls to frozen process.
01-10 05:54:37.136 17922 18314 W IPCThreadState: Sending oneway calls to frozen process.
01-10 05:54:37.136 17922 18314 W IPCThreadState: Sending oneway calls to frozen process.
01-10 05:54:37.136 17922 18314 W IPCThreadState: Sending oneway calls to frozen process.
01-10 05:54:37.136 17922 18314 W IPCThreadState: Sending oneway calls to frozen process.
01-10 05:54:37.136 20413 22045 I BugleRcsEngine: Rcs is enabled from user settings: true [CONTEXT log_prefix="ProvisioningEngineDataRetriever" thread_id=75 ]
01-10 05:54:37.136 17922 18314 W IPCThreadState: Sending oneway calls to frozen process.
01-10 05:54:37.136 17922 18314 W IPCThreadState: Sending oneway calls to frozen process.
01-10 05:54:37.136 17922 18314 W IPCThreadState: Sending oneway calls to frozen process.
01-10 05:54:37.136 17922 18314 W IPCThreadState: Sending oneway calls to frozen process.
01-10 05:54:37.136 17922 18314 W IPCThreadState: Sending oneway calls to frozen process.
01-10 05:54:37.136 17922 18314 W IPCThreadState: Sending oneway calls to frozen process.
01-10 05:54:37.136 17922 18314 W IPCThreadState: Sending oneway calls to frozen process.
01-10 05:54:37.136 17922 18314 W IPCThreadState: Sending oneway calls to frozen process.
01-10 05:54:37.136 17922 18314 W IPCThreadState: Sending oneway calls to frozen process.
01-10 05:54:37.136 17922 18314 W IPCThreadState: Sending oneway calls to frozen process.
01-10 05:54:37.136 17922 18314 W IPCThreadState: Sending oneway calls to frozen process.
01-10 05:54:37.136 19361 28427 I ChimeraSrvcProxy: NullBinder for android.net.action.RECOMMEND_NETWORKS triggering remote TransactionTooLargeException due to Service without Chimera impl
01-10 05:54:37.136 19361 28427 W .gms.persistent: Large reply transaction of 2113536 bytes, interface descriptor , code 1
01-10 05:54:37.138 19361 28427 I ChimeraSrvcProxy: NullBinder for android.net.action.RECOMMEND_NETWORKS triggering remote TransactionTooLargeException due to Service without Chimera impl
01-10 05:54:37.138 19361 28427 W .gms.persistent: Large reply transaction of 2113536 bytes, interface descriptor , code 1
01-10 05:54:37.139 19361 28427 I ChimeraSrvcProxy: NullBinder for android.net.action.RECOMMEND_NETWORKS triggering remote TransactionTooLargeException due to Service without Chimera impl
01-10 05:54:37.139 19361 28427 W .gms.persistent: Large reply transaction of 2113536 bytes, interface descriptor , code 1
01-10 05:54:37.141 19361 28427 I ChimeraSrvcProxy: NullBinder for android.net.action.RECOMMEND_NETWORKS triggering remote TransactionTooLargeException due to Service without Chimera impl
01-10 05:54:37.141 19361 28427 W .gms.persistent: Large reply transaction of 2113536 bytes, interface descriptor , code 1
01-10 05:54:37.141 22397 25299 I PlayCommon: [90] auxx.l(242): Preparing logs for uploading
01-10 05:54:37.143 22397 25299 I PlayCommon: [90] auxx.l(1416): Connecting to server for timestamp: https://play.googleapis.com/play/log/timestamp
01-10 05:54:37.144 22397 25299 D TrafficStats: tagSocket(5) with statsTag=0xffffffff, statsUid=-1
01-10 05:54:37.315 22397 25299 I PlayCommon: [90] auxx.l(1903): Connecting to server: https://play.googleapis.com/play/log?format=raw&proto_v2=true
01-10 05:54:37.382 22397 25299 I PlayCommon: [90] auxx.l(2154): Successfully uploaded logs.
01-10 05:54:37.617  2347  2347 D vendor.oplus.hardware.wifi-aidl-service: filePath is /vendor/bin/vendor_cmd_tool
01-10 05:54:37.617  2347  2347 D vendor.oplus.hardware.wifi-aidl-service: the in_command is:/vendor/bin/vendor_cmd_tool -f /vendor/etc/wifi/vendor_cmd.xml -i wlan0 --START_CMD --SET_WIFI_CONFIG --CONFIG_TX_NSS_2GHZ 1 --CONFIG_RX_NSS_2GHZ 2 --CONFIG_NUM_TX_CHAINS_2GHZ 1 --CONFIG_NUM_RX_CHAINS_2GHZ 2 --CONFIG_TX_NSS_5GHZ 1 --CONFIG_RX_NSS_5GHZ 2 --CONFIG_NUM_TX_CHAINS_5GHZ 1 --CONFIG_NUM_RX_CHAINS_5GHZ 2 --END_CMD
01-10 05:54:37.634  2347  2347 D vendor.oplus.hardware.wifi-aidl-service: the buf of executeDriverCommand is Vendor sub command: 74
01-10 05:54:37.634  2347  2347 D vendor.oplus.hardware.wifi-aidl-service: , remain_len is 4096
01-10 05:54:37.798  3417  4602 I oplus_theia: Waiting for OCenterService
01-10 05:54:37.800 17529 17805 D AudioBoost: doGetWakethreadAndBoost pid 17534, tid 29554, handle 2468, isWakeee 0
01-10 05:54:37.801 17529 17805 D AudioBoost: doGetWakethreadAndBoost id 55, pid 17534 had stoped, cancle tracing thread and boost.
01-10 05:54:37.807 17922 18454 I ServiceConnector.Impl: unbindJobThread: connection = ServiceConnector@536(Intent { act=android.permission.PermissionControllerService cmp=com.google.android.permissioncontroller/com.android.permissioncontroller.permission.service.PermissionControllerServiceImpl mCallingUid=1000 }, user: 0)[Unbinding...]service = android.permission.IPermissionController$Stub$Proxy@e63ebf4 mBinding = false
01-10 05:54:37.812 17922 18943 D ActivityManager: Async freezing 19386 com.google.android.permissioncontroller
01-10 05:54:37.812 17535 17582 E TetherController: property_get sys.radio.data.modem_share_flag return 0, 1!
01-10 05:54:38.025 17922 18415 I OplusWifiSarManager: Received Data State Change: 0
01-10 05:54:38.026 18698 18876 I SystemUi--Statusbar: MobileConnectionRepositoryImpl-->subId:1 isSoftSimCard:false slotId:0
01-10 05:54:38.058  2273  2310 D BatteryChargeControl: bcc get no support from charging protocol
01-10 05:54:38.060  3453  3453 E OplusTouchDaemon: ts_run_service: shellback temperature updated 27 (27400)
01-10 05:54:38.250 17922 17969 I ActivityManager: Test idle failed due to 19bfe6b 22674:com.oplus.wirelesssettings/1000 runnable at +56s180ms because CACHED
01-10 05:54:38.308  2183  2262 E PERFHAL-PERFCTRL: PERFHAL-PERFCTRL: chk_core_online_poll_loop() 700: poll() has timed out for /sys/kernel/msm_performance/events/cpu_hotplug
01-10 05:54:38.308  2183  2262 E PERFHAL-PERFCTRL: PERFHAL-PERFCTRL: chk_core_online_poll_loop() 695: Block on poll()
01-10 05:54:38.639 17539 18095 D AidlBufferPoolAcc: evictor expired: 1, evicted: 0
01-10 05:54:38.643 17534 18726 D AidlBufferPool: bufferpool2 0xb4000073256a3c68 : 0(0 size) total buffers - 0(0 size) used buffers - 48/56 (recycle/alloc) - 8/108 (fetch/transfer)
01-10 05:54:38.643 17534 18726 D AidlBufferPoolAcc: evictor expired: 1, evicted: 1
01-10 05:54:38.798  2104 18445 I WifiHAL : event received NL80211_CMD_VENDOR, vendor_id = 0x1374, subcmd = 0xd
01-10 05:54:38.799  3270  3270 I cnss-daemon: nl80211 response handler invoked
01-10 05:54:38.799  3270  3270 I cnss-daemon: nl80211_response_handler: cmd 103, vendorID 4980, subcmd 13  received
01-10 05:54:38.799  3314 18446 D LOWI-9.0.1.110: [LOWI-Scan] wait_event:Wait done with Cmd 103
01-10 05:54:38.799  3314 18446 D LOWI-9.0.1.110: [LOWI-Scan] do_listen_events: Rcvd valid Netlink Cmd 0 Err 0
01-10 05:54:38.890 17922 18235 D ActivityManager: freezing 19010 com.android.settings
01-10 05:54:38.958 17922 18241 V AlarmManager: sending alarm Alarm{527ff1d type 3 origWhen 119431734 whenElapsed 119431734 com.google.android.gms} uid 10129 whenElapsed 119431734 windowLength 11250 maxWhenElapsed 119442984 repeatInterval 0 action com.google.android.gms.auth.authzen.cryptauth.DEVICE_STATE_CHECK_DELAY_COMPLETE component ComponentInfo{com.google.android.gms/com.google.android.gms.chimera.GmsIntentOperationService} flags 0x0 procName com.google.android.gms
01-10 05:54:38.965 20907 29572 I Authzen : [DeviceStateSyncManager] The server is in sync with current state. Nothing to do
01-10 05:54:39.018  3583  4140 D QmiClient: qmiServiceEventCallback recv msg id 47
01-10 05:54:39.018  3583  4140 D QmiOttClient: enter : onQmiServiceEventCallback msgId 47
01-10 05:54:39.019  3583  3614 D OttProxy: handleMessage msg is 3001
01-10 05:54:39.019 18986 19575 D SubsysRadioIndication: [PHONE0]radioLinkLatencyInfoInd
01-10 05:54:39.019 18986 19575 D SubsysRadioIndication: [PHONE0]notify enter
01-10 05:54:39.058  2273  2310 D BatteryChargeControl: bcc get no support from charging protocol
01-10 05:54:39.560 18698 18698 I SystemUi--Notification: OplusExpandableNotificationRowExImpl-->NOTIFICATION_ZOOM-->updateDragViewState showZoom=false isPinned=false isActivityIntent=true emptyView=true isZoomValid=true pendingIntent=Intent { act=com.tmessages.openchat0.163094688091172342147483647 cat=[android.intent.category.LAUNCHER] flg=0x4000000 cmp=org.telegram.messenger/org.telegram.ui.LaunchActivity (has extras) }
01-10 05:54:39.561 18698 18698 I SystemUi--Notification: OplusExpandableNotificationRowExImpl-->NOTIFICATION_ZOOM-->updateDragViewState showZoom=false zoomOldTimes=10 com.oplus.systemui.statusbar.notification.row.OplusExpandableNotificationRowExImpl.updateDragViewState:794 com.android.systemui.statusbar.notification.row.ExpandableNotificationRow.setPinned:1250 com.android.systemui.statusbar.notification.collection.NotificationEntry.setRowPinned:717 com.android.systemui.statusbar.policy.BaseHeadsUpManager$HeadsUpEntry.setRowPinned:853 com.android.systemui.statusbar.phone.HeadsUpManagerPhone$HeadsUpEntryPhone.setRowPinned:602 com.android.systemui.statusbar.policy.BaseHeadsUpManager.setEntryPinned:360 com.android.systemui.statusbar.policy.BaseHeadsUpManager.onEntryRemoved:460 com.android.systemui.statusbar.phone.HeadsUpManagerPhone.onEntryRemoved:455 com.android.systemui.statusbar.policy.BaseHeadsUpManager.lambda$removeEntry$3:439 com.android.systemui.statusbar.policy.BaseHeadsUpManager.$r8$lambda$_utmZCzSoMY5q8GYJZ3QxTQdNSw:0
01-10 05:54:39.561 18698 18698 W TouchableRegionManager: onHeadsUpPinnedModeChanged
01-10 05:54:39.561 18698 18698 I PluginSeedling--Base: SeedlingPluginService-->onStateChange: Bundle[{headsUpNotificationPinnedMode=false, state=headsUpNotificationPinnedMode}]
01-10 05:54:39.562 18698 18698 I SystemUi--Common: HeadsUpAppearanceControllerExImp-->[updateHeadsUpBlurInternal] needBlur=, com.android.systemui.statusbar.notification.row.ExpandableNotificationRow{b66b9f4 VFE...C.. ......ID 0,0-996,926 #7f0a04a0 app:id/expandableNotificationRow alpha=1.0 viewInfo = } false
01-10 05:54:39.565 18698 18698 I PluginSeedling--Base: SeedlingPluginService-->onStateChange: Bundle[{headsUpNotificationPackage=org.telegram.messenger, state=onShowHeadsUpNotification, onShowHeadsUpNotification=false}]
01-10 05:54:39.566 18698 18698 I PluginSeedling--CapsuleCard: CardRootViewModel-->handleOnShowHeadsUpNotification: false packageName: org.telegram.messenger
01-10 05:54:39.566 18698 18698 D PluginSeedling--Capsule: ThreadUtil-->CardRootViewModel-runOnUiThreadDelay token:showCard
01-10 05:54:39.568 18698 18698 I SystemUi--Common: HeadsUpAppearanceControllerExImp-->[updateHeadsUpBlurInternal] needBlur=, com.android.systemui.statusbar.notification.row.ExpandableNotificationRow{b66b9f4 VFE...C.. ......ID 0,0-996,926 #7f0a04a0 app:id/expandableNotificationRow alpha=1.0 viewInfo = } true
01-10 05:54:39.568 18698 18698 I SystemUi--Common: ViewBlurManager-->[blurForHeadsUp] blurHeadsUpEnabled=true
01-10 05:54:39.568 18698 18698 D OplusBlurParam: setSmoothCornerWeight 1.1
01-10 05:54:39.569 18698 18698 I SystemUi--Common: HeadsUpAppearanceControllerExImp-->[updateHeadsUpBlurInternal] needBlur=, com.android.systemui.statusbar.notification.row.ExpandableNotificationRow{b66b9f4 VFE...C.. ......ID 0,0-996,926 #7f0a04a0 app:id/expandableNotificationRow alpha=1.0 viewInfo = } true
01-10 05:54:39.569 18698 18698 I SystemUi--Common: ViewBlurManager-->[blurForHeadsUp] blurHeadsUpEnabled=true
01-10 05:54:39.570 18698 18698 E tztt    : updateNotificationListOnKg size:0
01-10 05:54:39.640 17539 18095 D AidlBufferPool: bufferpool2 0xb400007dfecc2868 : 0(0 size) total buffers - 0(0 size) used buffers - 48/52 (recycle/alloc) - 4/51 (fetch/transfer)
01-10 05:54:39.640 17539 18095 D AidlBufferPoolAcc: evictor expired: 1, evicted: 1
01-10 05:54:39.701  2092  2092 D healthd : system healthd: battery l=100 v=4458 t=27.2 h=2 st=2 c=-115 fc=5920000 cc=25 chg=u
01-10 05:54:39.708 17922 18943 D OplusBatteryServiceFeature: getChgConfig: flag = 0, extra = , callerName = 1
01-10 05:54:39.708  2273  2273 D vendor.oplus.hardware.charger-V6-service: oplus_chg_get_state_retention 0
01-10 05:54:39.708  2273  2273 D vendor.oplus.hardware.charger-V6-service: get_ui_charge_icon_type 0 0 0 0 0
01-10 05:54:39.708 17922 18943 D OplusBatteryServiceFeature: getChgConfig: flag = 1, extra = , callerName = 1
01-10 05:54:39.708  2273  2273 D vendor.oplus.hardware.charger-V6-service: oplus_chg_get_state_retention 0
01-10 05:54:39.708  2273  2273 D vendor.oplus.hardware.charger-V6-service: oplus_chg_get_ui_power 0 0
01-10 05:54:39.708 17922 18943 D OplusBatteryServiceFeature: getChgConfig: flag = 4, extra = , callerName = 1
01-10 05:54:39.708  2273  2273 D vendor.oplus.hardware.charger-V6-service: oplus_chg_get_state_retention 0
01-10 05:54:39.708  2273  2273 D vendor.oplus.hardware.charger-V6-service: oplus_chg_get_cpa_power 2500
01-10 05:54:39.708 17922 18943 D OplusBatteryServiceFeature: getChgConfig: flag = 6, extra = , callerName = 1
01-10 05:54:39.708  2273  2273 D vendor.oplus.hardware.charger-V6-service: oplus_chg_get_state_retention 0
01-10 05:54:39.708  2273  2273 D vendor.oplus.hardware.charger-V6-service: oplus_chg_get_cpa_power 2500
01-10 05:54:39.708  2273  2273 D vendor.oplus.hardware.charger-V6-service: getIsSingleHyperSupport=2, cpa_power=2
01-10 05:54:39.708 17922 18943 D OplusBatteryServiceFeature: getChgConfig: flag = 24, extra = , callerName = 1
01-10 05:54:39.896 17922 18235 D ActivityManager: Freezer deadlock watchdog
01-10 05:54:39.988 18698 18698 E StackScroll: Heads up view appearing mWasCancelled = false for ANIMATION_TYPE_ADD
01-10 05:54:39.988 18698 18698 I SystemUi--Notification: OplusNotificationShadeWindowControllerExImpl-->SHADE_FOCUSABLE-->mNotificationShadeFocusable= true, mPanelExpanded= false, mBouncerShowing= false, mKeyguardShowing= false, mKeyguardOccluded= false, mKeyguardNeedsInput= false, ENABLE_REMOTE_INPUT= true, mRemoteInputActive= false, layoutFlags= -2122055576
01-10 05:54:39.989 18698 18698 I SystemUi--Notification: OplusNotificationShadeWindowControllerExImpl-->SHADE_VISIBLE-->mKeyguardShowing= false, mKeyguardOccluded= false, mPanelVisible= true, mKeyguardFadingAway= false, mKeyguardGoingAway= false, mBouncerShowing= false, mScrimsVisibility= 0, mBackgroundBlurRadius= 0, mForcePluginOpen= false, mediaBackdropShowing= false, viewVisibility= true
01-10 05:54:39.990 18698 18698 I SystemUi--Notification: PanelAnimationEx-->resetFraction, finalPosition=0.0, reason=panel invisble
01-10 05:54:39.991 18698 18698 D OplusCursorFeedback: editorDetachFromWindow android.widget.Editor@c4b3d65
01-10 05:54:39.991 18698 18698 D RemoteInput: unregistering Predictive Back callback
01-10 05:54:39.995 18698 18698 I SystemUi--Notification: OplusShadeExpansionStat-->panelExpansionChanged expanded:false,mTracking:false,mState:1,fraction:0.0,reason:HeadsUpExistenceChangedRunnable
01-10 05:54:39.995 18698 18698 I SystemUi--Common: OplusShadeExpansionStat-->go state: OPENING -> CLOSED
01-10 05:54:39.995 18698 18698 I SystemUi--Common: OplusShadeExpansionStat-->go state: OPENING -> CLOSED
01-10 05:54:39.995 18698 18698 I SystemUi--Notification: PanelAnimationEx-->resetFraction, finalPosition=0.0, reason=panel invisble
01-10 05:54:39.999 18698 18698 I SystemUi--Common: HeadsUpAppearanceControllerExImp-->[updateHeadsUpBlurInternal] needBlur=, com.android.systemui.statusbar.notification.row.ExpandableNotificationRow{b66b9f4 VFE...C.. ......ID 0,0-996,926 #7f0a04a0 app:id/expandableNotificationRow alpha=1.0 viewInfo = } false
01-10 05:54:40.001 18698 18698 D ViewRootImplExtImpl: wrapConfigInfoIntoFlags rotation=0, smallestScreenWidthDp=411, relayoutAsync=true, flags=1, newFlags=26935297, residentWS=false, title=NotificationShade
01-10 05:54:40.001 18698 18698 W VRI[NotificationShade]: updateBlastSurfaceIfNeeded, surfaceSize:Point(1080, 2376), lastSurfaceSize:Point(1080, 2376), format:-3, blastBufferQueue:android.graphics.BLASTBufferQueue@39dbc48
01-10 05:54:40.002 17922 18943 D WindowManagerServiceExtImpl: extractConfigInfoAndRealFlags rotation=0, screenDp=411, residentWS:0, win=Window{88342aa u0 NotificationShade}
01-10 05:54:40.002 17922 18943 V WindowManager: Relayout Window{88342aa u0 NotificationShade}: viewVisibility=0, oldvis=0, req=1080x2376, vsysui=, x=0, y=0
01-10 05:54:40.005 18698 18698 I SurfaceControl:  setExtendedRangeBrightness sc=Surface(name=NotificationShade)/@0x983b847,currentBufferRatio=1.0,desiredRatio=1.0
01-10 05:54:40.008  2431  2752 D SurfaceFlinger: captureLayers from pid 19175 uid -333
01-10 05:54:40.008 18698 18698 I SystemUi--Notification: PanelAnimationEx-->resetFraction, finalPosition=0.0, reason=panel invisble
01-10 05:54:40.009 18698 18698 I SystemUi--Common: OplusShadeExpansionStat-->go state: CLOSED -> CLOSED
01-10 05:54:40.009 18698 18698 I SystemUi--Common: OplusShadeExpansionStat-->go state: CLOSED -> CLOSED
01-10 05:54:40.009 18698 18698 I SystemUi--QuickSettings: BackActionInteractor-->unregisterBackCallback
01-10 05:54:40.009 18698 18698 W WindowOnBackDispatcher: sendCancelIfRunning: isInProgress=false callback=com.android.systemui.back.domain.interactor.BackActionInteractor$callback$2@167773f
01-10 05:54:40.009 18698 18698 I SystemUi--Notification: OplusNotificationShadeWindowControllerExImpl-->SHADE_FOCUSABLE-->mNotificationShadeFocusable= false, mPanelExpanded= false, mBouncerShowing= false, mKeyguardShowing= false, mKeyguardOccluded= false, mKeyguardNeedsInput= false, ENABLE_REMOTE_INPUT= true, mRemoteInputActive= false, layoutFlags= -2122055608
01-10 05:54:40.009 18698 18698 I SystemUi--Notification: OplusNotificationShadeWindowControllerExImpl-->isExpanded: isPowerBlock=false ,isErrorFpTouchWhenScreenOff=false ,qsPanelVisible=false, isAodMaskShow=false
01-10 05:54:40.010 18698 18698 I SystemUi--Notification: OplusNotificationShadeWindowControllerExImpl-->SHADE_VISIBLE-->mKeyguardShowing= false, mKeyguardOccluded= false, mPanelVisible= false, mKeyguardFadingAway= false, mKeyguardGoingAway= false, mBouncerShowing= false, mScrimsVisibility= 0, mBackgroundBlurRadius= 0, mForcePluginOpen= false, mediaBackdropShowing= false, viewVisibility= false
01-10 05:54:40.010 17922 18943 D CoreBackPreview: Window{88342aa u0 NotificationShade}: Setting back callback null
01-10 05:54:40.010 18698 18698 I SystemUi--Notification: OplusNotificationShadeWindowControllerExImpl-->isExpanded: isPowerBlock=false ,isErrorFpTouchWhenScreenOff=false ,qsPanelVisible=false, isAodMaskShow=false
01-10 05:54:40.010 18698 18698 I SystemUi--Notification: OplusNotificationShadeWindowControllerExImpl-->isExpanded: isPowerBlock=false ,isErrorFpTouchWhenScreenOff=false ,qsPanelVisible=false, isAodMaskShow=false
01-10 05:54:40.011 18698 18698 I SystemUi--Statusbar: CollapsedStatusBarFragmentExImpl-->setForceStatusBarVisible:false callers:com.android.systemui.statusbar.window.StatusBarWindowController.setForceStatusBarVisible:304 com.android.systemui.shade.ShadeControllerImpl.makeExpandedInvisible:418 com.android.systemui.statusbar.phone.CentralSurfacesImpl$$ExternalSyntheticLambda33.run:0 com.oplus.systemui.shade.NotificationPanelViewControllerExImp.delayExpandedRunnable:1078
01-10 05:54:40.011 18698 18698 I SystemUi--QuickSettings: OplusSeparateQSPluginImpl-->shouldHideStatusBar isFullyCollapsed true
01-10 05:54:40.011 18698 18698 I SystemUi--Statusbar: CollapsedSbFragment-->New visibilities calculated internally. StatusBarVisibilityModel(showClock: true showNotificationIcons:true showOngoingActivityChip:false showSystemInfo:true )
01-10 05:54:40.011 18698 18698 I SystemUi--Statusbar: CollapsedStatusBarFragmentExImpl-->StatusBarVisibilityModelEx: StatusBarVisibilityModelEx(showClock: true showPromptView:false showOngoingCallChip:false showNotificationContainer:true showOperatorName:true showSeedlingContainer:true )
01-10 05:54:40.013  2150  2232 I SnapAlloc: Using graphics libs for alignment calculations
01-10 05:54:40.018 18698 18698 D HWUI    : RenderProxy::destroy: this=0xb400007774d60700, mContext=0xb400007769de0240
01-10 05:54:40.018 18698 18849 D HWUI    : SkiaVulkanPipeline::setSurface: this=0xb400007769f5d540, surface=NULL
01-10 05:54:40.018 18698 18849 D BufferQueueProducer: [VRI[NotificationShade]#7(BLAST Consumer)7](id:490a00000007,api:1,p:18698,c:18698) disconnect: api 1
01-10 05:54:40.019 18698 18698 D ViewRootImplExtImpl: wrapConfigInfoIntoFlags rotation=0, smallestScreenWidthDp=411, relayoutAsync=false, flags=1, newFlags=26935297, residentWS=false, title=NotificationShade
01-10 05:54:40.019 17922 18943 D WindowManagerServiceExtImpl: extractConfigInfoAndRealFlags rotation=0, screenDp=411, residentWS:0, win=Window{88342aa u0 NotificationShade}
01-10 05:54:40.019 17922 18943 V WindowManager: Relayout Window{88342aa u0 NotificationShade}: viewVisibility=4, oldvis=0, req=1080x2376, vsysui=, x=0, y=0
01-10 05:54:40.019 17922 18943 I WindowManager: Window{88342aa u0 NotificationShade} state from HAS_DRAWN to NO_SURFACE; reason: destroySurface
01-10 05:54:40.019 17922 17966 I UserAwareMgr: handleFgAppChanged, pkgName: com.android.systemui, pid: 18698, isVisible: false, fgAppType: FG2
01-10 05:54:40.019 17922 17966 I UserAwareMgr: fg app status not changed, beforeVisible: true, currentVisible: true
01-10 05:54:40.020 17922 18943 D QuickBackInputPolicy: hasMultiChildrenInTask: false
01-10 05:54:40.020 17922 18943 D WindowManager: NFW_findFocusedWindowIfNeeded:Window{cf7b7f4 u0 com.android.launcher/com.android.launcher.Launcher} mCurrentFocus:Window{cf7b7f4 u0 com.android.launcher/com.android.launcher.Launcher}
01-10 05:54:40.021 18698 18698 D BLASTBufferQueue: [VRI[NotificationShade]#7](f:0,a:1) destructor()
01-10 05:54:40.021 18698 18698 D BufferQueueConsumer: [VRI[NotificationShade]#7(BLAST Consumer)7](id:490a00000007,api:0,p:-1,c:18698) disconnect
01-10 05:54:40.022 17922 18943 V WindowManager: Relayout Window{c811968 u0 StatusBar}: viewVisibility=0, oldvis=0, req=1080x120, vsysui=, x=0, y=0
01-10 05:54:40.022 18698 18698 I SystemUi--Notification: PanelAnimationEx-->fractionAnimation onAnimationEnd, value=0.0
01-10 05:54:40.022 18698 18698 I SystemUi--Keyguard: KeyguardRapidUnlockUtils-->composeKeyguard show=true, reason=applyVisibility_hide
01-10 05:54:40.059  2273  2310 D BatteryChargeControl: bcc get no support from charging protocol
01-10 05:54:40.092 17922 18241 V AlarmManager: sending alarm Alarm{2cc58c type 3 origWhen 119444118 whenElapsed 119444118 android} uid 1000 whenElapsed 119444118 windowLength 0 maxWhenElapsed 119444118 repeatInterval 0 action null component null tag *job.delay* flags 0x0 procName system_server
01-10 05:54:40.093 17922 18111 D CompressAction: set affinity failed.
01-10 05:54:40.096 17922 18235 D ActivityManager: reportOneUidFrozenStateChanged uid 10177 frozen = false
01-10 05:54:40.096 17922 18127 D ActivityManager: pid 25693 com.google.android.youtube received async transactions while frozen
01-10 05:54:40.097 17922 18127 D ActivityManager: sync unfroze 25693 com.google.android.youtube for 6
01-10 05:54:40.098 17922 18127 D ActivityManager: pid 27421 com.android.chrome received async transactions while frozen
01-10 05:54:40.098 17922 18127 D ActivityManager: sync unfroze 27421 com.android.chrome for 6
01-10 05:54:40.098 17922 18127 D ActivityManager: sync unfroze 27798 com.android.chrome:privileged_process0 for 6
01-10 05:54:40.098 17922 18127 D ActivityManager: sync unfroze 27963 com.android.chrome:sandboxed_process0:org.chromium.content.app.SandboxedProcessService0:0 for 6
01-10 05:54:40.099 17922 18235 D ActivityManager: reportOneUidFrozenStateChanged uid 10170 frozen = false
01-10 05:54:40.099 17922 18235 D ActivityManager: reportOneUidFrozenStateChanged uid 90000 frozen = false
01-10 05:54:40.101 17922 18108 D ConnectivityService: requestNetwork for uid/pid:10177/25693 activeRequest: null callbackRequest: 480 [NetworkRequest [ REQUEST id=481, [ Capabilities: INTERNET&NOT_RESTRICTED&TRUSTED&NOT_VCN_MANAGED&NOT_BANDWIDTH_CONSTRAINED Uid: 10177 RequestorUid: 10177 RequestorPkg: com.google.android.youtube UnderlyingNetworks: Null] ]] callback flags: 0 order: 2147483647 isUidTracked: false declaredMethods: ALL
01-10 05:54:40.101 17535 17582 E TetherController: property_get sys.radio.data.modem_share_flag return 0, 1!
01-10 05:54:40.101 17922 18306 D WifiNetworkFactory: got request NetworkRequest [ REQUEST id=481, [ Capabilities: INTERNET&NOT_RESTRICTED&TRUSTED&NOT_VCN_MANAGED&NOT_BANDWIDTH_CONSTRAINED Uid: 10177 RequestorUid: 10177 RequestorPkg: com.google.android.youtube UnderlyingNetworks: Null] ]
01-10 05:54:40.101 17922 18306 D UntrustedWifiNetworkFactory: got request NetworkRequest [ REQUEST id=481, [ Capabilities: INTERNET&NOT_RESTRICTED&TRUSTED&NOT_VCN_MANAGED&NOT_BANDWIDTH_CONSTRAINED Uid: 10177 RequestorUid: 10177 RequestorPkg: com.google.android.youtube UnderlyingNetworks: Null] ]
01-10 05:54:40.101 17922 18306 D OemPaidWifiNetworkFactory: got request NetworkRequest [ REQUEST id=481, [ Capabilities: INTERNET&NOT_RESTRICTED&TRUSTED&NOT_VCN_MANAGED&NOT_BANDWIDTH_CONSTRAINED Uid: 10177 RequestorUid: 10177 RequestorPkg: com.google.android.youtube UnderlyingNetworks: Null] ]
01-10 05:54:40.101 17922 18306 D MultiInternetWifiNetworkFactory: got request NetworkRequest [ REQUEST id=481, [ Capabilities: INTERNET&NOT_RESTRICTED&TRUSTED&NOT_VCN_MANAGED&NOT_BANDWIDTH_CONSTRAINED Uid: 10177 RequestorUid: 10177 RequestorPkg: com.google.android.youtube UnderlyingNetworks: Null] ]
01-10 05:54:40.102 17922 18314 D ConnectivityService: NetReassign [481 : null â†’ 102] [c 0] [a 0] [i 1]
01-10 05:54:40.110 17922 18108 D ActivityManager: Async freezing 25693 com.google.android.youtube
01-10 05:54:40.110 17922 18108 D ActivityManager: Async freezing 27421 com.android.chrome
01-10 05:54:40.110 17922 18108 D ActivityManager: Async freezing 27798 com.android.chrome:privileged_process0
01-10 05:54:40.110 17922 18108 D ActivityManager: Async freezing 27963 com.android.chrome:sandboxed_process0:org.chromium.content.app.SandboxedProcessService0:0
01-10 05:54:40.116  2153  2418 I SDM     : DisplayBase::CommitThread: Received idle timeout, panel: cmd, timeout: 70000 us
01-10 05:54:40.116 17922 18108 D ConnectivityService: requestNetwork for uid/pid:10177/25693 activeRequest: null callbackRequest: 482 [NetworkRequest [ REQUEST id=483, [ Capabilities: INTERNET&NOT_RESTRICTED&TRUSTED&NOT_VCN_MANAGED&NOT_BANDWIDTH_CONSTRAINED Uid: 10177 RequestorUid: 10177 RequestorPkg: com.google.android.youtube UnderlyingNetworks: Null] ]] callback flags: 0 order: 2147483647 isUidTracked: false declaredMethods: ALL
01-10 05:54:40.117 25693 25960 W SQLiteLog: (28) double-quoted string literal: "624cc603-0b61-43d9-8c24-127378bb1a6a"
01-10 05:54:40.117 17922 18306 D WifiNetworkFactory: got request NetworkRequest [ REQUEST id=483, [ Capabilities: INTERNET&NOT_RESTRICTED&TRUSTED&NOT_VCN_MANAGED&NOT_BANDWIDTH_CONSTRAINED Uid: 10177 RequestorUid: 10177 RequestorPkg: com.google.android.youtube UnderlyingNetworks: Null] ]
01-10 05:54:40.117 17922 18306 D UntrustedWifiNetworkFactory: got request NetworkRequest [ REQUEST id=483, [ Capabilities: INTERNET&NOT_RESTRICTED&TRUSTED&NOT_VCN_MANAGED&NOT_BANDWIDTH_CONSTRAINED Uid: 10177 RequestorUid: 10177 RequestorPkg: com.google.android.youtube UnderlyingNetworks: Null] ]
01-10 05:54:40.117 17922 18306 D OemPaidWifiNetworkFactory: got request NetworkRequest [ REQUEST id=483, [ Capabilities: INTERNET&NOT_RESTRICTED&TRUSTED&NOT_VCN_MANAGED&NOT_BANDWIDTH_CONSTRAINED Uid: 10177 RequestorUid: 10177 RequestorPkg: com.google.android.youtube UnderlyingNetworks: Null] ]
01-10 05:54:40.117 17922 18306 D MultiInternetWifiNetworkFactory: got request NetworkRequest [ REQUEST id=483, [ Capabilities: INTERNET&NOT_RESTRICTED&TRUSTED&NOT_VCN_MANAGED&NOT_BANDWIDTH_CONSTRAINED Uid: 10177 RequestorUid: 10177 RequestorPkg: com.google.android.youtube UnderlyingNetworks: Null] ]
01-10 05:54:40.118 17922 18314 D ConnectivityService: NetReassign [483 : null â†’ 102] [c 0] [a 0] [i 2]
01-10 05:54:40.127  3583  4140 D QmiClient: qmiServiceEventCallback recv msg id 47
01-10 0