01-10 06:12:03.839 17922 17947 D LogicalDisplayMapper: Display device changed: DisplayDeviceInfo{"Inbyggd skrm": uniqueId="local:4630946756802996883", 1080 x 2376, modeId 4, renderFrameRate 120.00001, defaultModeId 4, userPreferredModeId -1, supportedModes [{id=1, width=1440, height=3168, fps=120.00001, vsync=120.00001, synthetic=false, alternativeRefreshRates=[60.000004, 90.0], supportedHdrTypes=[1, 2, 3, 4]}, {id=2, width=1440, height=3168, fps=60.000004, vsync=60.000004, synthetic=false, alternativeRefreshRates=[90.0, 120.00001, 120.00001], supportedHdrTypes=[1, 2, 3, 4]}, {id=3, width=1440, height=3168, fps=90.0, vsync=90.0, synthetic=false, alternativeRefreshRates=[60.000004, 120.00001, 120.00001], supportedHdrTypes=[1, 2, 3, 4]}, {id=4, width=1080, height=2376, fps=120.00001, vsync=120.00001, synthetic=false, alternativeRefreshRates=[60.000004, 90.0], supportedHdrTypes=[1, 2, 3, 4]}, {id=5, width=1080, height=2376, fps=60.000004, vsync=60.000004, synthetic=false, alternativeRefreshRates=[90.0, 120.00001, 120.00001], supportedHdrTypes=[1, 2, 3, 4]}, {id=6, width=1080, height=2376, fps=90.0, vsync=90.0, synthetic=false, alternativeRefreshRates=[60.000004, 120.00001, 120.00001], supportedHdrTypes=[1, 2, 3, 4]}], colorMode 0, supportedColorModes [0, 7, 9], hdrCapabilities HdrCapabilities{mSupportedHdrTypes=[1, 2, 3, 4], mMaxLuminance=2000.0, mMaxAverageLuminance=1000.1, mMinLuminance=0.2}, allmSupported false, gameContentTypeSupported false, density 640, 386.36618 x 381.96454 dpi, appVsyncOff 1000000, presDeadline 11333333, cutout DisplayCutout{insets=Rect(0, 120 - 0, 0) waterfall=Insets{left=0, top=0, right=0, bottom=0} boundingRect={Bounds=[Rect(0, 0 - 0, 0), Rect(512, 0 - 569, 120), Rect(0, 0 - 0, 0), Rect(0, 0 - 0, 0)]} cutoutPathParserInfo={CutoutPathParserInfo{displayWidth=1080 displayHeight=2376 physicalDisplayWidth=1440 physicalDisplayHeight=3168 density={4.0} cutoutSpec={M -38,0 L -38,160 L 38,160 L 38,0 Z} rotation={0} scale={1.0} physicalPixelDisplaySizeRatio={0.75}}} sideOverrides={}}, touch INTERNAL, rotation 0, type INTERNAL, address {port=147, model=0x40446d8a1cfd6a}, deviceProductInfo DeviceProductInfo{name=, manufacturerPnpId=QCM, productId=1, modelYear=null, manufactureDate=ManufactureDate{week=27, year=2006}, connectionToSinkType=0}, state OFF, committedState DOZE, frameRateOverride , brightnessMinimum 0.0, brightnessMaximum 1.0, brightnessDefault 1825.6786, hdrSdrRatio 1.0, backlightType 0, roundedCorners RoundedCorners{[RoundedCorner{position=TopLeft, radius=84, center=Point(84, 84)}, RoundedCorner{position=TopRight, radius=84, center=Point(996, 84)}, RoundedCorner{position=BottomRight, radius=84, center=Point(996, 2292)}, RoundedCorner{position=BottomLeft, radius=84, center=Point(84, 2292)}]}, FLAG_ALLOWED_TO_BE_DEFAULT_DISPLAY, FLAG_ROTATES_WITH_CONTENT, FLAG_SECURE, FLAG_SUPPORTS_PROTECTED_BUFFERS, FLAG_TRUSTED, installOrientation 0, displayShape DisplayShape{ spec=1406003047 displayWidth=1080 displayHeight=2376 physicalPixelDisplaySizeRatio=0.75 rotation=0 offsetX=0 offsetY=0 scale=1.0}} diff=2
01-10 06:12:03.839 17922 17947 D LogicalDisplayExt: set displayInfo flag FLAG_ROTATES_WITH_CONTENT
01-10 06:12:03.840 17922 17947 D DisplayManagerServiceExtImpl: scheduleTraversalLocked intraversal=false
01-10 06:12:03.840 17922 17947 I DisplayManagerServiceExtImpl: handle logical display changed logicalDisplay=id=0,stack=0,content=true,displayInfo{stack=0,type=1,id=0,uId=local:4630946756802996883,state=OFF,pkg=null}
01-10 06:12:03.840 17922 17993 D BrightnessThermalClamper: Thermal status observer already started
01-10 06:12:03.840 17922 17993 D BrightnessPowerClamper: Power throttling data is missing for configuration data.
01-10 06:12:03.841 17922 17947 D DisplayManagerService: Delivering display event: displayId=0, event=CHANGED
01-10 06:12:03.842 17922 17945 D OplusVFXScreenEffectFeature: notifySFCompatWindowStateChange entered false
01-10 06:12:03.843 17922 17945 D DisplayManagerService: performTraversalInternal pendingTraversal
01-10 06:12:03.843 17922 17945 D DisplayDevice: setLayerStackLocked id=local:4630946756802996883 token=android.os.BinderProxy@ed7b62f stack=0->-1
01-10 06:12:03.843 17922 17945 I DisplayDevice: [0] Layerstack set to -1 for local:4630946756802996883
01-10 06:12:03.843 17922 17947 D DisplayManagerService: MSG_REQUEST_TRAVERSAL pendingCompleted=false
01-10 06:12:03.843 18473 18473 D CastManagerService: onDisplayChanged.
01-10 06:12:04.070 17922 18421 D DisplayAdapterExt: sendDisplayDeviceEventLocked event=2,now=120488096,timestamp=120488096 device:[id=local:4630946756802996883,stack=-1],isFirst=true,activeMode=4,state=OFF,commitState=OFF,devInfo:null
01-10 06:12:04.070 17922 17947 D DisplayDeviceRepositoryExtImpl: onDisplayDeviceEvent event=2,now=120488096,timestamp=120488096 device:[id=local:4630946756802996883,stack=-1],isFirst=true,activeMode=4,state=OFF,commitState=OFF,devInfo:null
01-10 06:12:04.070 17922 18421 D AidlDisplayPanelFeature: getDisplayPanelFeatureValue +++, featureID:20
01-10 06:12:04.071 17922 17947 I DisplayDeviceRepositoryExtImpl: Display device changed committed state: "Inbyggd skrm", OFF
01-10 06:12:04.071 17922 18421 I AidlDisplayPanelFeature: [0]
01-10 06:12:04.071 17922 18421 D AidlDisplayPanelFeature: getDisplayPanelFeatureValue ---, result = [0]
01-10 06:12:04.071 17922 18421 D OplusSilentRebootManager: silence flags file value is :0
01-10 06:12:04.071 17922 17947 D LogicalDisplayMapper: Display device changed: DisplayDeviceInfo{"Inbyggd skrm": uniqueId="local:4630946756802996883", 1080 x 2376, modeId 4, renderFrameRate 120.00001, defaultModeId 4, userPreferredModeId -1, supportedModes [{id=1, width=1440, height=3168, fps=120.00001, vsync=120.00001, synthetic=false, alternativeRefreshRates=[60.000004, 90.0], supportedHdrTypes=[1, 2, 3, 4]}, {id=2, width=1440, height=3168, fps=60.000004, vsync=60.000004, synthetic=false, alternativeRefreshRates=[90.0, 120.00001, 120.00001], supportedHdrTypes=[1, 2, 3, 4]}, {id=3, width=1440, height=3168, fps=90.0, vsync=90.0, synthetic=false, alternativeRefreshRates=[60.000004, 120.00001, 120.00001], supportedHdrTypes=[1, 2, 3, 4]}, {id=4, width=1080, height=2376, fps=120.00001, vsync=120.00001, synthetic=false, alternativeRefreshRates=[60.000004, 90.0], supportedHdrTypes=[1, 2, 3, 4]}, {id=5, width=1080, height=2376, fps=60.000004, vsync=60.000004, synthetic=false, alternativeRefreshRates=[90.0, 120.00001, 120.00001], supportedHdrTypes=[1, 2, 3, 4]}, {id=6, width=1080, height=2376, fps=90.0, vsync=90.0, synthetic=false, alternativeRefreshRates=[60.000004, 120.00001, 120.00001], supportedHdrTypes=[1, 2, 3, 4]}], colorMode 0, supportedColorModes [0, 7, 9], hdrCapabilities HdrCapabilities{mSupportedHdrTypes=[1, 2, 3, 4], mMaxLuminance=2000.0, mMaxAverageLuminance=1000.1, mMinLuminance=0.2}, allmSupported false, gameContentTypeSupported false, density 640, 386.36618 x 381.96454 dpi, appVsyncOff 1000000, presDeadline 11333333, cutout DisplayCutout{insets=Rect(0, 120 - 0, 0) waterfall=Insets{left=0, top=0, right=0, bottom=0} boundingRect={Bounds=[Rect(0, 0 - 0, 0), Rect(512, 0 - 569, 120), Rect(0, 0 - 0, 0), Rect(0, 0 - 0, 0)]} cutoutPathParserInfo={CutoutPathParserInfo{displayWidth=1080 displayHeight=2376 physicalDisplayWidth=1440 physicalDisplayHeight=3168 density={4.0} cutoutSpec={M -38,0 L -38,160 L 38,160 L 38,0 Z} rotation={0} scale={1.0} physicalPixelDisplaySizeRatio={0.75}}} sideOverrides={}}, touch INTERNAL, rotation 0, type INTERNAL, address {port=147, model=0x40446d8a1cfd6a}, deviceProductInfo DeviceProductInfo{name=, manufacturerPnpId=QCM, productId=1, modelYear=null, manufactureDate=ManufactureDate{week=27, year=2006}, connectionToSinkType=0}, state OFF, committedState OFF, frameRateOverride , brightnessMinimum 0.0, brightnessMaximum 1.0, brightnessDefault 1825.6786, hdrSdrRatio 1.0, backlightType 0, roundedCorners RoundedCorners{[RoundedCorner{position=TopLeft, radius=84, center=Point(84, 84)}, RoundedCorner{position=TopRight, radius=84, center=Point(996, 84)}, RoundedCorner{position=BottomRight, radius=84, center=Point(996, 2292)}, RoundedCorner{position=BottomLeft, radius=84, center=Point(84, 2292)}]}, FLAG_ALLOWED_TO_BE_DEFAULT_DISPLAY, FLAG_ROTATES_WITH_CONTENT, FLAG_SECURE, FLAG_SUPPORTS_PROTECTED_BUFFERS, FLAG_TRUSTED, installOrientation 0, displayShape DisplayShape{ spec=1406003047 displayWidth=1080 displayHeight=2376 physicalPixelDisplaySizeRatio=0.75 rotation=0 offsetX=0 offsetY=0 scale=1.0}} diff=4
01-10 06:12:04.071 17922 17947 D LogicalDisplayExt: set displayInfo flag FLAG_ROTATES_WITH_CONTENT
01-10 06:12:04.071 17922 17993 D DisplayPowerState[0]: updateRunnable run fadeLevle=0.0 state=OFF brightness changed:543.0->-1.0
01-10 06:12:04.072 17922 17947 D DisplayManagerServiceExtImpl: scheduleTraversalLocked intraversal=false
01-10 06:12:04.072 17922 17947 I DisplayManagerServiceExtImpl: handle logical display changed logicalDisplay=id=0,stack=0,content=true,displayInfo{stack=0,type=1,id=0,uId=local:4630946756802996883,state=OFF,pkg=null}
01-10 06:12:04.072 17922 17947 D DisplayManagerService: Delivering display event: displayId=0, event=CHANGED
01-10 06:12:04.073 17922 17993 D BrightnessThermalClamper: Thermal status observer already started
01-10 06:12:04.073 17922 17993 D BrightnessPowerClamper: Power throttling data is missing for configuration data.
01-10 06:12:04.073 17922 17945 D OplusVFXScreenEffectFeature: notifySFCompatWindowStateChange entered false
01-10 06:12:04.074 17922 17945 D DisplayManagerService: performTraversalInternal pendingTraversal
01-10 06:12:04.074 17922 17945 D DisplayDevice: setLayerStackLocked id=local:4630946756802996883 token=android.os.BinderProxy@ed7b62f stack=-1->-1
01-10 06:12:04.074 17922 17947 D DisplayManagerService: MSG_REQUEST_TRAVERSAL pendingCompleted=false
01-10 06:12:04.074 18473 18473 D CastManagerService: onDisplayChanged.
01-10 06:12:15.249 17922 17998 D VRR [OPlusGameStatusManager]: handleBrightnessDone
01-10 06:12:21.438 17922 17940 D ActivityManager: Cancel freezing 20907 com.google.android.gms
01-10 06:12:21.439 17922 17939 D ActivityManager: Async freezing 20907 com.google.android.gms
01-10 06:12:21.659 17922 17981 V BatteryExternalStatsWorker: WiFi energy data was reset, new WiFi energy data is WifiActivityEnergyInfo{ mTimeSinceBootMillis=120505685 mStackState=3 mControllerTxDurationMillis=0 mControllerRxDurationMillis=0 mControllerScanDurationMillis=0 mControllerIdleDurationMillis=0 mControllerEnergyUsedMicroJoules=0 }
01-10 06:12:21.981 17922 20644 D OplusBatteryServiceFeature: getChgConfig: flag = 0, extra = , callerName = 1
01-10 06:12:21.981 17922 20644 D OplusBatteryServiceFeature: getChgConfig: flag = 1, extra = , callerName = 1
01-10 06:12:21.981 17922 20644 D OplusBatteryServiceFeature: getChgConfig: flag = 4, extra = , callerName = 1
01-10 06:12:21.981 17922 20644 D OplusBatteryServiceFeature: getChgConfig: flag = 6, extra = , callerName = 1
01-10 06:12:21.982 17922 20644 D OplusBatteryServiceFeature: getChgConfig: flag = 24, extra = , callerName = 1
01-10 06:12:21.983 17922 17981 D OplusThermalStats: REPORT_UPDATE_CPU  ->  phoneTemp:320  preHeatThreshold:400
01-10 06:12:21.989 17922 17995 I OplusFeatureLowVoltageLimitBrightness: handleMessage MSG_BATTER_TEMPERATURE_CHAGNE changed = false temperature = 321 , battery = 100
01-10 06:12:21.991 17922 20644 D OplusBatteryServiceFeature: getChgConfig: flag = 8, extra = , callerName = 2
01-10 06:12:22.033 17922 17978 D ProcessCpuTrackerExtImpl: mContext is already set, return now! 
01-10 06:12:28.392 17922 18377 W ProcessStats: Tracking association SourceState{caa1c7d com.oplus.pantanal.ums/10148 BFgs #6584} whose proc state 4 is better than process ProcessState{a216f34 com.oplus.statistics.rom/10128 pkg=com.oplus.statistics.rom} proc state 5 (7 skipped)
01-10 06:12:53.134 17922 18235 D ActivityManager: reportOneUidFrozenStateChanged uid 10311 frozen = false
01-10 06:12:53.134 17922 17977 D ActivityManager: pid 23018 com.facebook.katana received async transactions while frozen
01-10 06:12:53.136 17922 17977 D ActivityManager: sync unfroze 23018 com.facebook.katana for 3
01-10 06:12:53.137 17922 17977 D ActivityManager: Async freezing 23018 com.facebook.katana
01-10 06:12:53.137 17922 17977 D ActivityManager: Cancel freezing 23018 com.facebook.katana
01-10 06:12:53.137 17922 17977 D ActivityManager: Async freezing 23018 com.facebook.katana
01-10 06:12:53.137 17922 17977 D ActivityManager: Cancel freezing 23018 com.facebook.katana
01-10 06:12:53.137 17922 17977 D ActivityManager: Async freezing 23018 com.facebook.katana
01-10 06:12:53.138 17922 17977 D ActivityManager: Cancel freezing 23018 com.facebook.katana
01-10 06:12:53.138 17922 17977 D ActivityManager: sync unfroze 5605 com.facebook.katana:zygote_warmer:com.facebook.browser.helium.preload.AppZygoteWarmerService for 3
01-10 06:12:53.138 17922 18235 D ActivityManager: reportOneUidFrozenStateChanged uid 90100 frozen = false
01-10 06:12:53.144 17922 18235 D ActivityManager: reportOneUidFrozenStateChanged uid 10348 frozen = false
01-10 06:12:53.144 17922 18127 D ActivityManager: pid 30534 com.twitter.android received async transactions while frozen
01-10 06:12:53.146 17922 18127 D ActivityManager: sync unfroze 30534 com.twitter.android for 6
01-10 06:12:53.150 17922 18127 W JobServiceContext: Sending onNetworkChanged for a job that isn't started. JobStatus{47760d8 #u0a348/2822 com.twitter.android/androidx.work.impl.background.systemjob.SystemJobService u=0 s=10348 TIME=-8s269ms:none NET READY}
01-10 06:12:53.159 17922 17940 D ActivityManager: Async freezing 23018 com.facebook.katana
01-10 06:12:53.160 17922 17940 D ActivityManager: Async freezing 5605 com.facebook.katana:zygote_warmer:com.facebook.browser.helium.preload.AppZygoteWarmerService
01-10 06:12:53.161 17922 17939 W ActivityManager: Background start not allowed: service Intent { cmp=com.facebook.katana/com.facebook.mqtt.service.MqttServiceV2 (has extras) mCallingUid=10311 } to com.facebook.katana/com.facebook.mqtt.service.MqttServiceV2 from pid=23018 uid=10311 pkg=com.facebook.katana startFg?=false
01-10 06:12:53.162 17922 20644 W ActivityManager: Background start not allowed: service Intent { cmp=com.facebook.katana/com.facebook.mqtt.service.MqttServiceV2 (has extras) mCallingUid=10311 } to com.facebook.katana/com.facebook.mqtt.service.MqttServiceV2 from pid=23018 uid=10311 pkg=com.facebook.katana startFg?=false
01-10 06:12:53.196 17922 20644 D CompatChangeReporter: Compat change id reported: 207133734; UID 10348; state: ENABLED
01-10 06:12:53.762 17922 20644 D ActivityManager: Async freezing 30534 com.twitter.android
01-10 06:12:54.330 17922 18304 V NetworkPolicy: updateNetworkEnabledNL() return
01-10 06:12:54.330 17922 18304 V NetworkPolicy: updateNotificationsNL not process
01-10 06:12:54.546 17922 20498 D UsageStatsService: User[0] type=0 b=1736485785155 e=1736485974545 cb=1736453028284 ce=1736485973142 disk=0 all=11
01-10 06:13:01.449 17922 18235 D ActivityManager: freezing 20907 com.google.android.gms
01-10 06:13:10.366 17922 18235 D ActivityManager: Freezer deadlock watchdog
01-10 06:13:35.170 17535 17573 E NetlinkEvent: NetlinkEvent::FindParam(): Parameter 'INTERFACE' not found
01-10 06:13:35.170 17535 17573 E NetlinkEvent: NetlinkEvent::FindParam(): Parameter 'STATE' not found
01-10 06:13:35.170 17535 17573 E NetlinkEvent: NetlinkEvent::FindParam(): Parameter 'TIME_NS' not found
01-10 06:13:35.170 17535 17573 E NetlinkEvent: NetlinkEvent::FindParam(): Parameter 'UID' not found
01-10 06:13:50.469 17922 18235 D ActivityManager: freezing 5605 com.facebook.katana:zygote_warmer:com.facebook.browser.helium.preload.AppZygoteWarmerService
01-10 06:13:50.470 17922 18235 D ActivityManager: reportOneUidFrozenStateChanged uid 90100 frozen = true
01-10 06:13:50.529 17535 17573 E NetlinkEvent: NetlinkEvent::FindParam(): Parameter 'INTERFACE' not found
01-10 06:13:50.529 17535 17573 E NetlinkEvent: NetlinkEvent::FindParam(): Parameter 'STATE' not found
01-10 06:13:50.529 17535 17573 E NetlinkEvent: NetlinkEvent::FindParam(): Parameter 'TIME_NS' not found
01-10 06:13:50.529 17535 17573 E NetlinkEvent: NetlinkEvent::FindParam(): Parameter 'UID' not found
01-10 06:13:51.276 17922 18235 D ActivityManager: freezing 30534 com.twitter.android
01-10 06:13:51.276 17922 18235 D ActivityManager: reportOneUidFrozenStateChanged uid 10348 frozen = true
01-10 06:13:56.776 17922 18241 V AlarmManager: sending alarm Alarm{febe8c type 3 origWhen 120484026 whenElapsed 120484026 android} uid 1000 whenElapsed 120484026 windowLength 0 maxWhenElapsed 120484026 repeatInterval 0 action null component null tag TIME_TICK flags 0x9 procName system_server
01-10 06:13:56.792 17922 18241 V AlarmManager: sending alarm Alarm{a015e51 type 2 origWhen 120494065 whenElapsed 120600000 android} uid 1000 whenElapsed 120600000 windowLength 7500 maxWhenElapsed 120600000 repeatInterval 0 action null component null tag WriteBufferAlarm flags 0x8 procName system_server
01-10 06:13:56.792 17922 18241 V AlarmManager: sending alarm Alarm{f806b6 type 2 origWhen 120528417 whenElapsed 120600000 android} uid 1000 whenElapsed 120600000 windowLength 60000 maxWhenElapsed 120600000 repeatInterval 0 action null component null tag DeviceIdleController.light flags 0x8 procName system_server
01-10 06:13:56.792 17922 18241 V AlarmManager: sending alarm Alarm{26a7fb7 type 3 origWhen 120572028 whenElapsed 120600000 android} uid 1000 whenElapsed 120600000 windowLength 26145 maxWhenElapsed 120600000 repeatInterval 0 action null component null tag *job.delay* flags 0x0 procName system_server
01-10 06:13:56.792 17922 18241 V AlarmManager: sending alarm Alarm{8cc5324 type 2 origWhen 120708240 whenElapsed 120600000 android} uid 1000 whenElapsed 120600000 windowLength 180000 maxWhenElapsed 120600000 repeatInterval 0 action null component null tag CameraMonitor flags 0x8 procName system_server
01-10 06:13:56.792 17922 18241 V AlarmManager: sending alarm Alarm{22c8e8d type 2 origWhen 120525876 whenElapsed 120525876 com.facebook.services} uid 10274 whenElapsed 120525876 windowLength 225000 maxWhenElapsed 120750876 repeatInterval 0 action com.facebook.rti.fbns.intent.ACTION_ALARM.FBNS_SCHEDULED_REDELIVERY component null flags 0x20 procName com.facebook.services
01-10 06:13:56.792 17922 17994 D OplusSysStateManager: getSensorName: get sensor fail. type=33171066
01-10 06:13:56.793 17922 18241 V AlarmManager: sending alarm Alarm{51d6053 type 2 origWhen 120469742 whenElapsed 120600000 com.facebook.katana} uid 10311 whenElapsed 120600000 windowLength 0 maxWhenElapsed 120600000 repeatInterval 0 action WakingExecutorService.ACTION_ALARM.com.facebook.katana.Mqtt_Wakeup component null flags 0x0 procName com.facebook.katana
01-10 06:13:56.794 17922 17977 D ActivityManager: Cancel freezing 23018 com.facebook.katana
01-10 06:13:56.794 17922 18241 V AlarmManager: sending alarm Alarm{d368e type 3 origWhen 120576449 whenElapsed 120600000 com.oplus.nhs} uid 1001 whenElapsed 120600000 windowLength 225000 maxWhenElapsed 120600000 repeatInterval 300000 action oplus.intent.action.INTERNAL_LOOP_UPDATE_ACTIVITYINFO_ALARM component ComponentInfo{com.oplus.nhs/com.oplus.nhs.pwr.ModemAci.ModemAciAlarmReceiver} flags 0x8 procName com.oplus.nhs
01-10 06:13:56.794 17922 17977 D ActivityManager: Async freezing 23018 com.facebook.katana
01-10 06:13:56.794 17922 17977 D ActivityManager: Cancel freezing 23018 com.facebook.katana
01-10 06:13:56.794 17922 17977 D ActivityManager: Async freezing 23018 com.facebook.katana
01-10 06:13:56.795 17922 17977 D ActivityManager: Cancel freezing 23018 com.facebook.katana
01-10 06:13:56.795 17922 18235 D ActivityManager: reportOneUidFrozenStateChanged uid 90100 frozen = false
01-10 06:13:56.795 17922 17977 D ActivityManager: sync unfroze 5605 com.facebook.katana:zygote_warmer:com.facebook.browser.helium.preload.AppZygoteWarmerService for 3
01-10 06:13:56.795 17922 18241 V AlarmManager: sending alarm Alarm{df4e2bc type 3 origWhen 120576858 whenElapsed 120600000 com.oplus.metis} uid 10140 whenElapsed 120600000 windowLength 225000 maxWhenElapsed 120600000 repeatInterval 300000 action oplus.intent.action.SORT_ALARM_ACTION component null flags 0x0 procName com.oplus.metis
01-10 06:13:56.796 17922 17922 D LightsServiceExtImpl: currentTime is not belong to 700 - 2330
01-10 06:13:56.798 17922 18474 D CommSceneService: notify align tick changed state=1
01-10 06:13:56.798 17922 18474 D OSysNetControlService: handle comm scene=1006 state=1 phoneId=-1
01-10 06:13:56.798 17922 18474 D OSysNetControlService: condition id=1 delay not match!
01-10 06:13:56.798 17922 18474 D OSysNetControlService: condition id=2 state=false not match!
01-10 06:13:56.799 17922 20644 D ActivityManager: Async freezing 23018 com.facebook.katana
01-10 06:13:56.799 17922 20644 D ActivityManager: Async freezing 5605 com.facebook.katana:zygote_warmer:com.facebook.browser.helium.preload.AppZygoteWarmerService
01-10 06:13:56.801 17922 20648 D CommSceneService: my telephony callback proxy invoke method=onTelephonyEventReport
01-10 06:13:56.807 17922 18474 D CommSceneService: notify modem stationary changed state=1
01-10 06:13:56.807 17922 18474 D OSysNetControlService: handle comm scene=1005 state=1 phoneId=-1
01-10 06:13:56.819 17922 18530 E DeviceIdleController: Tried to add unknown package to power save whitelist: com.coloros.alarmclock
01-10 06:13:56.819 17922 18530 E DeviceIdleController: Tried to add unknown package to power save whitelist: com.android.email
01-10 06:13:56.819 17922 18530 E DeviceIdleController: Tried to add unknown package to power save whitelist: com.tencent.mobileqq
01-10 06:13:56.819 17922 18530 E DeviceIdleController: Tried to add unknown package to power save whitelist: com.tencent.mm
01-10 06:13:56.819 17922 18530 E DeviceIdleController: Tried to add unknown package to power save whitelist: com.baidu.map.location
01-10 06:13:56.819 17922 18530 E DeviceIdleController: Tried to add unknown package to power save whitelist: com.amap.android.location
01-10 06:13:56.819 17922 18530 E DeviceIdleController: Tried to add unknown package to power save whitelist: com.alibaba.android.rimet
01-10 06:13:56.819 17922 18530 E DeviceIdleController: Tried to add unknown package to power save whitelist: com.heytap.mcs
01-10 06:13:56.819 17922 18530 E DeviceIdleController: Tried to add unknown package to power save whitelist: com.heytap.cloud
01-10 06:13:56.819 17922 18530 E DeviceIdleController: Tried to add unknown package to power save whitelist: com.coloros.sharescreen
01-10 06:13:56.819 17922 18530 E DeviceIdleController: Tried to add unknown package to power save whitelist: com.coloros.backuprestore
01-10 06:13:56.819 17922 18530 E DeviceIdleController: Tried to add unknown package to power save whitelist: com.oplus.synergy
01-10 06:13:56.819 17922 18530 E DeviceIdleController: Tried to add unknown package to power save whitelist: cn.edaijia.android.driverclient
01-10 06:13:56.819 17922 18530 E DeviceIdleController: Tried to add unknown package to power save whitelist: cn.xuexi.android
01-10 06:13:56.819 17922 18530 E DeviceIdleController: Tried to add unknown package to power save whitelist: com.kuaidi.daijia.driver
01-10 06:13:56.819 17922 18530 E DeviceIdleController: Tried to add unknown package to power save whitelist: com.sankuai.meituan.dispatch.homebrew
01-10 06:13:56.820 17922 18530 E DeviceIdleController: Tried to add unknown package to power save whitelist: com.sankuai.meituan.meituanwaimaibusiness
01-10 06:13:56.820 17922 18530 E DeviceIdleController: Tried to add unknown package to power save whitelist: com.sdu.didi.gsui
01-10 06:13:56.820 17922 18530 E DeviceIdleController: Tried to add unknown package to power save whitelist: com.sdu.didi.gui
01-10 06:13:56.820 17922 18530 E DeviceIdleController: Tried to add unknown package to power save whitelist: com.taobao.qianniu
01-10 06:13:56.820 17922 18530 E DeviceIdleController: Tried to add unknown package to power save whitelist: com.tencent.wework
01-10 06:13:56.820 17922 18530 E DeviceIdleController: Tried to add unknown package to power save whitelist: com.xtc.watch
01-10 06:13:56.820 17922 18530 E DeviceIdleController: Tried to add unknown package to power save whitelist: com.xunmeng.pinduoduo
01-10 06:13:56.820 17922 18530 E DeviceIdleController: Tried to add unknown package to power save whitelist: me.ele.napos
01-10 06:13:56.820 17922 18530 E DeviceIdleController: Tried to add unknown package to power save whitelist: com.android.dlna.service
01-10 06:13:56.820 17922 18530 E DeviceIdleController: Tried to add unknown package to power save whitelist: com.coloros.familyguard
01-10 06:13:56.820 17922 18530 E DeviceIdleController: Tried to add unknown package to power save whitelist: com.coloros.remoteguardservice
01-10 06:13:56.820 17922 18530 E DeviceIdleController: Tried to add unknown package to power save whitelist: com.heytap.health
01-10 06:13:56.820 17922 18530 E DeviceIdleController: Tried to add unknown package to power save whitelist: com.mobiletools.systemhelper
01-10 06:13:56.820 17922 18530 E DeviceIdleController: Tried to add unknown package to power save whitelist: com.nearme.statistics.rom
01-10 06:13:56.820 17922 18530 E DeviceIdleController: Tried to add unknown package to power save whitelist: com.oneplus.retailmode
01-10 06:13:56.820 17922 18530 E DeviceIdleController: Tried to add unknown package to power save whitelist: com.oplus.ocar
01-10 06:13:56.821 17922 18235 D ActivityManager: reportOneUidFrozenStateChanged uid 10348 frozen = false
01-10 06:13:56.823 17922 18127 D ActivityManager: sync unfroze 30534 com.twitter.android for 6
01-10 06:13:56.829 17922 19247 D ActivityManager: Async freezing 30534 com.twitter.android
01-10 06:13:56.955 17922 18235 D ActivityManager: Freezer deadlock watchdog
01-10 06:14:05.932 17922 18235 D ActivityManager: reportOneUidFrozenStateChanged uid 10334 frozen = false
01-10 06:14:05.932 17922 17977 D ActivityManager: pid 26883 org.telegram.messenger received async transactions while frozen
01-10 06:14:05.933 17922 17977 D ActivityManager: sync unfroze 26883 org.telegram.messenger for 3
01-10 06:14:05.933 17922 17977 D ActivityManager: Async freezing 26883 org.telegram.messenger
01-10 06:14:05.933 17922 17977 D ActivityManager: Cancel freezing 26883 org.telegram.messenger
01-10 06:14:05.933 17922 17977 D ActivityManager: Async freezing 26883 org.telegram.messenger
01-10 06:14:05.934 17922 17977 D ActivityManager: Cancel freezing 26883 org.telegram.messenger
01-10 06:14:06.038 17922 20644 D ShortcutService: rescanPackageIfNeeded 0@org.telegram.messenger, forceRescan=false , isNewApp=false
01-10 06:14:06.055 17922 20644 D ShortcutService: rescanPackageIfNeeded 0@org.telegram.messenger, forceRescan=false , isNewApp=false
01-10 06:14:06.061 17922 20644 D ShortcutService: Getting shortcuts for launcher= androiduser=0 pkg=org.telegram.messenger
01-10 06:14:06.061 17922 20644 I OplusStatusBarManagerServiceEnhance:  getTopIsFullscreen mTopIsFullscreen: false
01-10 06:14:06.061 17922 20644 W ActivityManager: Permission Denial: getTopApplicationInfo from pid=26883, uid=10334 requires oplus.permission.OPLUS_COMPONENT_SAFE
01-10 06:14:06.062 17922 20644 D ShortcutService: rescanPackageIfNeeded 0@org.telegram.messenger, forceRescan=false , isNewApp=false
01-10 06:14:06.062 17922 17922 D NotificationService--OplusNotificationManagerServiceExtImpl: isForwardToAssistants: true, case : Is local notification
01-10 06:14:06.062 17922 17922 D NotificationService: This application enqueue notifications is need postDelayed mcsAssistantDelayTime: 200
01-10 06:14:06.063 17922 17922 I OplusStatusBarManagerServiceEnhance:  getTopIsFullscreen mTopIsFullscreen: false
01-10 06:14:06.063 17922 17922 D NotifAttentionHelper: buzzBeepBlinkLocked(): vibrate through haptic channel.
01-10 06:14:06.064 17922 17922 I AS.AudioService: shouldNotificationSoundPlay false: muted stream:5 attr:AudioAttributes: usage=USAGE_NOTIFICATION content=CONTENT_TYPE_SONIFICATION flags=0x800 tags= bundle=null
01-10 06:14:06.064 17922 17922 V NotifAttentionHelper: Ringtone player is null.
01-10 06:14:06.065 17922 17922 W NotificationHistory: Attempted to add notif for locked/gone/disabled user 0
01-10 06:14:06.162 17922 18372 D ShortcutService: Saving package item org.telegram.messenger to /data/system_ce/0/shortcut_service/packages/org.telegram.messenger.xml
01-10 06:14:06.163 17922 17944 D ShortcutService: Getting shortcuts for launcher= com.android.launcheruser=0 pkg=org.telegram.messenger
01-10 06:14:06.169 17922 17944 D ShortcutService: Getting shortcuts for launcher= com.google.android.asuser=0 pkg=org.telegram.messenger
01-10 06:14:06.170 17922 17944 D ShortcutService: Getting shortcuts for launcher= com.android.systemuiuser=0 pkg=org.telegram.messenger
01-10 06:14:06.273 17922 19247 W ProcessStats: Tracking association SourceState{caa1c7d com.oplus.pantanal.ums/10148 BFgs #6623} whose proc state 4 is better than process ProcessState{a216f34 com.oplus.statistics.rom/10128 pkg=com.oplus.statistics.rom} proc state 5 (2 skipped)
01-10 06:14:17.042 17922 20644 D ShortcutService: rescanPackageIfNeeded 0@org.telegram.messenger, forceRescan=false , isNewApp=false
01-10 06:14:17.061 17922 20644 D ShortcutService: rescanPackageIfNeeded 0@org.telegram.messenger, forceRescan=false , isNewApp=false
01-10 06:14:17.065 17922 20644 D ShortcutService: Getting shortcuts for launcher= androiduser=0 pkg=org.telegram.messenger
01-10 06:14:17.065 17922 20644 I OplusStatusBarManagerServiceEnhance:  getTopIsFullscreen mTopIsFullscreen: false
01-10 06:14:17.065 17922 20644 W ActivityManager: Permission Denial: getTopApplicationInfo from pid=26883, uid=10334 requires oplus.permission.OPLUS_COMPONENT_SAFE
01-10 06:14:17.066 17922 17922 D NotificationService--OplusNotificationManagerServiceExtImpl: isForwardToAssistants: true, case : Is local notification
01-10 06:14:17.066 17922 17922 D NotificationService: This application enqueue notifications is need postDelayed mcsAssistantDelayTime: 200
01-10 06:14:17.066 17922 20647 D ShortcutService: rescanPackageIfNeeded 0@org.telegram.messenger, forceRescan=false , isNewApp=false
01-10 06:14:17.067 17922 17922 I OplusStatusBarManagerServiceEnhance:  getTopIsFullscreen mTopIsFullscreen: false
01-10 06:14:17.067 17922 17922 D NotifAttentionHelper: buzzBeepBlinkLocked(): vibrate through haptic channel.
01-10 06:14:17.067 17922 17922 I AS.AudioService: shouldNotificationSoundPlay false: muted stream:5 attr:AudioAttributes: usage=USAGE_NOTIFICATION content=CONTENT_TYPE_SONIFICATION flags=0x800 tags= bundle=null
01-10 06:14:17.067 17922 17922 V NotifAttentionHelper: Ringtone player is null.
01-10 06:14:17.068 17922 17922 W NotificationHistory: Attempted to add notif for locked/gone/disabled user 0
01-10 06:14:17.166 17922 18372 D ShortcutService: Saving package item org.telegram.messenger to /data/system_ce/0/shortcut_service/packages/org.telegram.messenger.xml
01-10 06:14:17.168 17922 17944 D ShortcutService: Getting shortcuts for launcher= com.android.launcheruser=0 pkg=org.telegram.messenger
01-10 06:14:17.168 17922 17944 D ShortcutService: Getting shortcuts for launcher= com.google.android.asuser=0 pkg=org.telegram.messenger
01-10 06:14:17.174 17922 17944 D ShortcutService: Getting shortcuts for launcher= com.android.systemuiuser=0 pkg=org.telegram.messenger
01-10 06:14:23.625 17922 17981 D KernelCpuUidUserSysTimeReader: Removing uids 90006-90006
01-10 06:14:23.625 17922 17981 D KernelCpuUidUserSysTimeReader: Removing uids 90004-90004
01-10 06:14:23.625 17922 17981 D KernelCpuUidUserSysTimeReader: Removing uids 90002-90002
01-10 06:14:23.625 17922 17981 D KernelCpuUidUserSysTimeReader: Removing uids 90001-90001
01-10 06:14:24.001 17922 18235 D ActivityManager: freezing 23018 com.facebook.katana
01-10 06:14:24.006 17922 18235 D ActivityManager: freezing 5605 com.facebook.katana:zygote_warmer:com.facebook.browser.helium.preload.AppZygoteWarmerService
01-10 06:14:24.006 17922 18235 D ActivityManager: reportOneUidFrozenStateChanged uid 10311 frozen = true
01-10 06:14:24.006 17922 18235 D ActivityManager: reportOneUidFrozenStateChanged uid 90100 frozen = true
01-10 06:14:24.029 17922 18235 D ActivityManager: freezing 30534 com.twitter.android
01-10 06:14:24.033 17922 18235 D ActivityManager: reportOneUidFrozenStateChanged uid 10348 frozen = true
01-10 06:14:30.947 17922 18235 D ActivityManager: Freezer deadlock watchdog
01-10 06:14:30.951 17922 20644 D ShortcutService: rescanPackageIfNeeded 0@org.telegram.messenger, forceRescan=false , isNewApp=false
01-10 06:14:30.972 17922 20644 D ShortcutService: rescanPackageIfNeeded 0@org.telegram.messenger, forceRescan=false , isNewApp=false
01-10 06:14:30.977 17922 20644 D ShortcutService: Getting shortcuts for launcher= androiduser=0 pkg=org.telegram.messenger
01-10 06:14:30.977 17922 20644 I OplusStatusBarManagerServiceEnhance:  getTopIsFullscreen mTopIsFullscreen: false
01-10 06:14:30.977 17922 20644 W ActivityManager: Permission Denial: getTopApplicationInfo from pid=26883, uid=10334 requires oplus.permission.OPLUS_COMPONENT_SAFE
01-10 06:14:30.977 17922 17922 D NotificationService--OplusNotificationManagerServiceExtImpl: isForwardToAssistants: true, case : Is local notification
01-10 06:14:30.977 17922 17922 D NotificationService: This application enqueue notifications is need postDelayed mcsAssistantDelayTime: 200
01-10 06:14:30.977 17922 20644 D ShortcutService: rescanPackageIfNeeded 0@org.telegram.messenger, forceRescan=false , isNewApp=false
01-10 06:14:31.078 17922 17944 D ShortcutService: Getting shortcuts for launcher= com.android.launcheruser=0 pkg=org.telegram.messenger
01-10 06:14:31.079 17922 17944 D ShortcutService: Getting shortcuts for launcher= com.google.android.asuser=0 pkg=org.telegram.messenger
01-10 06:14:31.079 17922 18372 D ShortcutService: Saving package item org.telegram.messenger to /data/system_ce/0/shortcut_service/packages/org.telegram.messenger.xml
01-10 06:14:31.079 17922 17944 D ShortcutService: Getting shortcuts for launcher= com.android.systemuiuser=0 pkg=org.telegram.messenger
01-10 06:14:48.151 17922 17922 W Looper  : Slow delivery took 299ms main h=android.app.ActivityThread$H c=null m=131
01-10 06:14:52.859 17922 17922 W Looper  : Drained
01-10 06:14:52.860 17922 20647 D ShortcutService: rescanPackageIfNeeded 0@org.telegram.messenger, forceRescan=false , isNewApp=false
01-10 06:14:52.877 17922 20647 D ShortcutService: rescanPackageIfNeeded 0@org.telegram.messenger, forceRescan=false , isNewApp=false
01-10 06:14:52.882 17922 20647 D ShortcutService: Getting shortcuts for launcher= androiduser=0 pkg=org.telegram.messenger
01-10 06:14:52.883 17922 20647 I OplusStatusBarManagerServiceEnhance:  getTopIsFullscreen mTopIsFullscreen: false
01-10 06:14:52.883 17922 20647 W ActivityManager: Permission Denial: getTopApplicationInfo from pid=26883, uid=10334 requires oplus.permission.OPLUS_COMPONENT_SAFE
01-10 06:14:52.883 17922 17922 D NotificationService--OplusNotificationManagerServiceExtImpl: isForwardToAssistants: true, case : Is local notification
01-10 06:14:52.883 17922 17922 D NotificationService: This application enqueue notifications is need postDelayed mcsAssistantDelayTime: 200
01-10 06:14:52.883 17922 20647 D ShortcutService: rescanPackageIfNeeded 0@org.telegram.messenger, forceRescan=false , isNewApp=false
01-10 06:14:52.887 17922 17981 D KernelCpuUidUserSysTimeReader: Removing uids 99003-99003
01-10 06:14:52.984 17922 18372 D ShortcutService: Saving package item org.telegram.messenger to /data/system_ce/0/shortcut_service/packages/org.telegram.messenger.xml
01-10 06:14:52.985 17922 17944 D ShortcutService: Getting shortcuts for launcher= com.android.launcheruser=0 pkg=org.telegram.messenger
01-10 06:14:52.990 17922 17944 D ShortcutService: Getting shortcuts for launcher= com.google.android.asuser=0 pkg=org.telegram.messenger
01-10 06:14:52.991 17922 17944 D ShortcutService: Getting shortcuts for launcher= com.android.systemuiuser=0 pkg=org.telegram.messenger
01-10 06:15:00.001 17922 18241 V AlarmManager: sending alarm Alarm{7f23be2 type 3 origWhen 120604026 whenElapsed 120604026 android} uid 1000 whenElapsed 120604026 windowLength 0 maxWhenElapsed 120604026 repeatInterval 0 action null component null tag TIME_TICK flags 0x9 procName system_server
01-10 06:15:00.007 17922 18241 V AlarmManager: sending alarm Alarm{69c76a9 type 3 origWhen 120610182 whenElapsed 120610182 android} uid 1000 whenElapsed 120610182 windowLength 0 maxWhenElapsed 120610182 repeatInterval 0 action null component null tag StatsCompanionService.pull flags 0x9 procName system_server
01-10 06:15:00.008 17922 18241 V AlarmManager: sending alarm Alarm{c7c342e type 0 origWhen 1736486100000 whenElapsed 120664026 com.oneplus.deskclock} uid 10189 whenElapsed 120664026 windowLength 0 maxWhenElapsed 120664026 repeatInterval 0 action action.next.alarm.notices component ComponentInfo{com.oneplus.deskclock/com.oplus.alarmclock.alarmclock.AlarmStateManager} flags 0x9 procName com.oneplus.deskclock
01-10 06:15:00.011 17922 18235 D ActivityManager: reportOneUidFrozenStateChanged uid 10189 frozen = false
01-10 06:15:00.011 17922 17977 D ActivityManager: pid 30290 com.oneplus.deskclock received async transactions while frozen
01-10 06:15:00.011 17922 17922 D LightsServiceExtImpl: currentTime is not belong to 700 - 2330
01-10 06:15:00.012 17922 17977 D ActivityManager: sync unfroze 30290 com.oneplus.deskclock for 3
01-10 06:15:00.013 17922 17977 D ActivityManager: Async freezing 30290 com.oneplus.deskclock
01-10 06:15:00.013 17922 17977 D ActivityManager: Cancel freezing 30290 com.oneplus.deskclock
01-10 06:15:00.013 17922 17977 D ActivityManager: Async freezing 30290 com.oneplus.deskclock
01-10 06:15:00.014 17922 17977 D ActivityManager: Cancel freezing 30290 com.oneplus.deskclock
01-10 06:15:00.015 17922 17977 D ActivityManager: sync unfroze 19492 com.oneplus.deskclock:clockWidget for 10
01-10 06:15:00.038 17922 20644 I OplusStatusBarManagerServiceEnhance:  getTopIsFullscreen mTopIsFullscreen: false
01-10 06:15:00.038 17922 17922 D NotificationService--OplusNotificationManagerServiceExtImpl: isForwardToAssistants: true, case : Is local notification
01-10 06:15:00.038 17922 17922 D NotificationService: This application enqueue notifications is need postDelayed mcsAssistantDelayTime: 200
01-10 06:15:00.053 17922 17922 W NotificationHistory: Attempted to add notif for locked/gone/disabled user 0
01-10 06:15:01.065 18473 18522 D PowerMonitorNotifier: handleMessage: 20/0
01-10 06:15:01.269 25838 26022 D MiscManager: error ! ReadBreathLightTime not support.
01-10 06:15:01.582 25838 26022 W ContextImpl: Calling a method in the system process without a qualified user: android.app.ContextImpl.bindService:2061 android.content.ContextWrapper.bindService:873 com.oplus.powermonitor.standbymonitor.powerstats.modem.MpssActivityMonitor.connectService:36 com.oplus.powermonitor.standbymonitor.powerstats.modem.MpssActivityMonitor.n:0 com.oplus.powermonitor.standbymonitor.powerstats.modem.MpssActivityMonitor$WorkHandler.handleMessage:52 
01-10 06:15:02.671 17922 17964 W ProcessStats: Tracking association SourceState{caa1c7d com.oplus.pantanal.ums/10148 BFgs #6657} whose proc state 4 is better than process ProcessState{a216f34 com.oplus.statistics.rom/10128 pkg=com.oplus.statistics.rom} proc state 5 (4 skipped)
01-10 06:15:03.693 17922 20648 D OplusBatteryServiceFeature: getChgConfig: flag = 0, extra = , callerName = 1
01-10 06:15:03.694 17922 20648 D OplusBatteryServiceFeature: getChgConfig: flag = 1, extra = , callerName = 1
01-10 06:15:03.694 17922 20648 D OplusBatteryServiceFeature: getChgConfig: flag = 4, extra = , callerName = 1
01-10 06:15:03.694 17922 20648 D OplusBatteryServiceFeature: getChgConfig: flag = 6, extra = , callerName = 1
01-10 06:15:03.695 17922 20648 D OplusBatteryServiceFeature: getChgConfig: flag = 24, extra = , callerName = 1
01-10 06:15:03.698 17922 17995 I OplusFeatureLowVoltageLimitBrightness: handleMessage MSG_BATTER_TEMPERATURE_CHAGNE changed = false temperature = 315 , battery = 100
01-10 06:15:03.702 17922 20648 D OplusBatteryServiceFeature: getChgConfig: flag = 8, extra = , callerName = 2
01-10 06:15:23.577 17922 20647 D ShortcutService: rescanPackageIfNeeded 0@org.telegram.messenger, forceRescan=false , isNewApp=false
01-10 06:15:23.598 17922 20647 D ShortcutService: rescanPackageIfNeeded 0@org.telegram.messenger, forceRescan=false , isNewApp=false
01-10 06:15:23.602 17922 20647 D ShortcutService: Getting shortcuts for launcher= androiduser=0 pkg=org.telegram.messenger
01-10 06:15:23.603 17922 20647 I OplusStatusBarManagerServiceEnhance:  getTopIsFullscreen mTopIsFullscreen: false
01-10 06:15:23.603 17922 20647 W ActivityManager: Permission Denial: getTopApplicationInfo from pid=26883, uid=10334 requires oplus.permission.OPLUS_COMPONENT_SAFE
01-10 06:15:23.603 17922 17922 D NotificationService--OplusNotificationManagerServiceExtImpl: isForwardToAssistants: true, case : Is local notification
01-10 06:15:23.603 17922 17922 D NotificationService: This application enqueue notifications is need postDelayed mcsAssistantDelayTime: 200
01-10 06:15:23.603 17922 20647 D ShortcutService: rescanPackageIfNeeded 0@org.telegram.messenger, forceRescan=false , isNewApp=false
01-10 06:15:23.704 17922 18372 D ShortcutService: Saving package item org.telegram.messenger to /data/system_ce/0/shortcut_service/packages/org.telegram.messenger.xml
01-10 06:15:23.704 17922 17944 D ShortcutService: Getting shortcuts for launcher= com.android.launcheruser=0 pkg=org.telegram.messenger
01-10 06:15:23.706 17922 17944 D ShortcutService: Getting shortcuts for launcher= com.google.android.asuser=0 pkg=org.telegram.messenger
01-10 06:15:23.707 17922 17944 D ShortcutService: Getting shortcuts for launcher= com.android.systemuiuser=0 pkg=org.telegram.messenger
01-10 06:15:24.139 17922 17981 V BatteryExternalStatsWorker: WiFi energy data was reset, new WiFi energy data is WifiActivityEnergyInfo{ mTimeSinceBootMillis=120688165 mStackState=3 mControllerTxDurationMillis=0 mControllerRxDurationMillis=0 mControllerScanDurationMillis=0 mControllerIdleDurationMillis=0 mControllerEnergyUsedMicroJoules=0 }
01-10 06:15:31.827 17922 18127 D ActivityManager: Async freezing 30290 com.oneplus.deskclock
01-10 06:15:31.827 17922 18127 D ActivityManager: Async freezing 19492 com.oneplus.deskclock:clockWidget
01-10 06:15:31.950 17922 18241 V AlarmManager: sending alarm Alarm{a71f114 type 2 origWhen 120664975 whenElapsed 120664975 com.google.android.gms} uid 10129 whenElapsed 120664975 windowLength 89298 maxWhenElapsed 120754273 repeatInterval 0 action null component null tag NetworkLocationLocator flags 0x20 procName com.google.android.gms.persistent
01-10 06:15:31.953 17922 18241 V AlarmManager: sending alarm Alarm{36fedbd type 2 origWhen 120665975 whenElapsed 120665975 com.google.android.gms} uid 10129 whenElapsed 120665975 windowLength 30000 maxWhenElapsed 120695975 repeatInterval 0 action com.google.android.location.ALARM_WAKEUP_ACTIVITY_DETECTION component null flags 0x0 procName com.google.android.gms.persistent
01-10 06:15:32.021 17922 17940 W AppOps  : Noting op not finished: uid 10129 pkg com.google.android.gms code 113 startTime of in progress event=1736484824018
01-10 06:15:32.023 17922 17940 W AppOps  : Noting op not finished: uid 10129 pkg com.google.android.gms code 79 startTime of in progress event=1736484824018
01-10 06:15:32.025 17922 20647 W AppOps  : Noting op not finished: uid 10129 pkg com.google.android.gms code 113 startTime of in progress event=1736484824018
01-10 06:15:32.026 17922 19247 W AppOps  : Noting op not finished: uid 10129 pkg com.google.android.gms code 113 startTime of in progress event=1736484824018
01-10 06:15:32.028 17922 20647 W AppOps  : Noting op not finished: uid 10129 pkg com.google.android.gms code 113 startTime of in progress event=1736484824018
01-10 06:15:32.029 17922 18970 W AppOps  : Noting op not finished: uid 10129 pkg com.google.android.gms code 79 startTime of in progress event=1736484824018
01-10 06:15:32.030 17922 18970 W AppOps  : Noting op not finished: uid 10129 pkg com.google.android.gms code 113 startTime of in progress event=1736484824018
01-10 06:15:32.031 17922 20647 W AppOps  : Noting op not finished: uid 10129 pkg com.google.android.gms code 113 startTime of in progress event=1736484824018
01-10 06:15:33.364 17922 19247 D PowerManagerServiceExtImpl: Acquiring suspend blocker "PowerManagerService.WakeLocks"  took 408 ms
01-10 06:15:41.641 17922 18231 W BatteryStatsService: Unknown sensor handle 1262 received in noteWakeupSensorEvent
01-10 06:15:41.645 17922 19247 D OplusFeatureAOD: key:17922 tmp:3
01-10 06:15:41.645 17922 19247 D DisplayPowerController[0]: requestPowerState: policy=DOZE, useProximitySensor=false, screenBrightnessOverride=-1.0, useAutoBrightness=false, screenAutoBrightnessAdjustmentOverride=NaN, screenLowPowerBrightnessFactor=1.0, blockScreenOn=false, lowPowerMode=false, boostScreenBrightness=false, dozeScreenBrightness=0.12598425, dozeScreenState=DOZE, dozeScreenStateReason=UNKNOWN, waitForNegativeProximity=false displayReady=false pendingRequest=true
01-10 06:15:41.645 17922 17993 D OplusFeatureLongTakeBrightness: animateLongTakeState[0]=old aod nit:5,policy=DOZE,dozeScreenState=DOZE [DEFAULT->OFF_TO_DOZE],[OFF->DOZE]
01-10 06:15:41.645 17922 19247 D DisplayManagerServiceExtImpl: request size(1,1),dpc=com.android.server.display.DisplayPowerController@7616f7b size(0,1),flags=0X200F,id(0,0,local:4630946756802996883),enable=true,ready=false,waitForNegativeProximity=false policy=DOZE,useProximitySensor=false,dozeState=DOZE,screenBrightnessOverride=-1,000000,useAuto=false,lowPower=false,lowPowerFactor=1,000000
01-10 06:15:41.645 17922 17998 D VRR [OPlusRefreshRateService]: handleScreenStateChange state: 3
01-10 06:15:41.645 17922 17998 D VRR [OPlusExternalRefreshRateManager]: screenStateChange state: 3
01-10 06:15:41.645 17922 17998 D VRR [OPlusGameStatusManager]: screenStateChange state: 3
01-10 06:15:41.645 17922 17998 D VRR [OPlusGameStatusManager]: notifySceneChange scene: 3
01-10 06:15:41.645 17922 17998 D DisplayManagerServiceExtImpl: scheduleTraversalLocked intraversal=false
01-10 06:15:41.645 17922 17947 D DisplayManagerService: MSG_REQUEST_TRAVERSAL pendingCompleted=false
01-10 06:15:41.646 17922 17948 D DisplayManagerService: performTraversalInternal pendingTraversal
01-10 06:15:41.646 17922 17948 D DisplayDevice: setLayerStackLocked id=local:4630946756802996883 token=android.os.BinderProxy@ed7b62f stack=-1->-1
01-10 06:15:41.646 17922 17993 D BackLightStat: setScreenState: state changed:OFF->DOZE
01-10 06:15:41.646 17922 17993 D DisplayPowerState[0]: setScreenState changed:OFF->DOZE
01-10 06:15:41.646 17922 17993 D DisplayPowerState[0]: setColorFadeLevel: level=1.0
01-10 06:15:41.646 17922 17993 I DisplayBrightnessStrategySelector: Changing the DisplayBrightnessStrategy from ScreenOffBrightnessStrategy to DozeBrightnessStrategy for display 0
01-10 06:15:41.646 17922 17993 D OplusSmartBrightnessController: add for debug Aod brightness set 543.0
01-10 06:15:41.646 17922 18421 D DisplayPowerState[0]: Updating screen state: id=0, state=DOZE, backlight=543.0, sdrBacklight=543.0
01-10 06:15:41.646 17922 18421 D DisplayAdapterExt: sendDisplayDeviceEventLocked event=2,now=120705672,timestamp=120705672 device:[id=local:4630946756802996883,stack=-1],isFirst=true,activeMode=4,state=DOZE,commitState=OFF,devInfo:null
01-10 06:15:41.646 17922 18421 D OplusSmartBrightnessController: requestDisplayState isFirstDisplay=true state=3 globalDisplayState=0x3
01-10 06:15:41.646 17922 18421 D DisplayDeviceExt: setDisplayState([4630946756802996883,true],OFF->DOZE),t-Name=PhotonicModulator
01-10 06:15:41.646 17922 17947 D DisplayDeviceRepositoryExtImpl: onDisplayDeviceEvent event=2,now=120705672,timestamp=120705672 device:[id=local:4630946756802996883,stack=-1],isFirst=true,activeMode=4,state=DOZE,commitState=OFF,devInfo:null
01-10 06:15:41.647 17922 17947 I DisplayDeviceRepository: Display device changed state: "Inbyggd skrm", DOZE
