01-10 06:18:34.548 17922 17993 D BrightnessThermalClamper: Thermal status observer already started
01-10 06:18:34.548 17922 17945 D OplusVFXScreenEffectFeature: notifySFCompatWindowStateChange entered false
01-10 06:18:34.548 17922 17993 D BrightnessPowerClamper: Power throttling data is missing for configuration data.
01-10 06:18:34.549 18473 18473 D CastManagerService: onDisplayChanged.
01-10 06:18:34.549 17922 17945 D DisplayManagerService: performTraversalInternal pendingTraversal
01-10 06:18:34.549 17922 17945 D DisplayDevice: setLayerStackLocked id=local:4630946756802996883 token=android.os.BinderProxy@ed7b62f stack=0->0
01-10 06:18:34.549 17922 17947 D DisplayManagerService: MSG_REQUEST_TRAVERSAL pendingCompleted=false
01-10 06:18:35.194 17922 19359 D AidlResponseHandler: [onTransact]code 1001 flags: 17
01-10 06:18:35.194 17922 18366 D Biometrics/FingerprintProvider/FingerprintServiceProviderExtImpl: dispatchTouchDown
01-10 06:18:35.195 17922 18366 D Biometrics/Fingerprint/UdfpsHelperExtImpl: preShowUdfpsOverlay sensor:1 reason:8
01-10 06:18:35.195 17922 18366 D Biometrics/FingerprintProvider/FingerprintServiceProviderExtImpl: [handleOnPointerDown] sUdfpsIconIsShow: true
01-10 06:18:35.195 17922 18366 D Biometrics/FingerprintProvider/FingerprintServiceProviderExtImpl: [handleOnPointerDown] dispatch to Auth
01-10 06:18:35.195 17922 18366 D AidlDisplayPanelFeature: setDisplayPanelFeatureValue +++, ID:28, value:1
01-10 06:18:35.195 17922 18366 D AidlDisplayPanelFeature: getDisplayPanelFeatureValue +++, featureID:211
01-10 06:18:35.196 17922 18366 I AidlDisplayPanelFeature: [192]
01-10 06:18:35.196 17922 18366 D AidlDisplayPanelFeature: getDisplayPanelFeatureValue ---, result = [192]
01-10 06:18:35.196 17922 18366 D AidlDisplayPanelFeature: notifyDispFingerLayer 0
01-10 06:18:35.202 17922 18293 D OplusPowerManagerHelper: wakeUpAndBlockScreenOn reason= android.service.fingerprint:WAKEUP
01-10 06:18:35.204 17922 19359 D AidlResponseHandler: [onTransact]code 1001 flags: 17
01-10 06:18:35.204 17922 18366 D Biometrics/FingerprintProvider/FingerprintServiceProviderExtImpl: dispatchTouchUp
01-10 06:18:35.204 17922 18366 D Biometrics/Fingerprint/UdfpsHelperExtImpl: preShowUdfpsOverlay sensor:1 reason:9
01-10 06:18:35.204 17922 18366 D Biometrics/FingerprintProvider/FingerprintServiceProviderExtImpl: [handleOnPointerUp] dispatch to Auth
01-10 06:18:35.204 17922 18366 D AidlDisplayPanelFeature: setDisplayPanelFeatureValue +++, ID:28, value:0
01-10 06:18:35.204 17922 18366 D AidlDisplayPanelFeature: getDisplayPanelFeatureValue +++, featureID:211
01-10 06:18:35.204 17922 18366 I AidlDisplayPanelFeature: [192]
01-10 06:18:35.204 17922 18366 D AidlDisplayPanelFeature: getDisplayPanelFeatureValue ---, result = [192]
01-10 06:18:35.204 17922 18366 D AidlDisplayPanelFeature: notifyDispFingerLayer 1
01-10 06:18:35.205 17922 19359 D AidlResponseHandler: [onTransact]code 3 flags: 16
01-10 06:18:35.206 17922 18366 V BiometricLogger: Acquired! Modality: 1, User: 0, IsCrypto: false, Action: 2, Client: 1, AcquiredInfo: 5, VendorCode: 0
01-10 06:18:35.206 17922 18366 V Biometrics/AcquisitionClient: Acquired: 5 0, shouldSend: true
01-10 06:18:35.206 17922 19359 D CommonDcsUploader: notifyMsgToCommonDcs, logTag: 20120fingerprint_auth_dcsmsg
01-10 06:18:35.249 17922 19359 D AidlResponseHandler: [onTransact]code 1001 flags: 17
01-10 06:18:35.249 17922 18366 D Biometrics/FingerprintProvider/FingerprintServiceProviderExtImpl: dispatchTouchUp
01-10 06:18:35.249 17922 18366 D Biometrics/Fingerprint/UdfpsHelperExtImpl: preShowUdfpsOverlay sensor:1 reason:9
01-10 06:18:35.249 17922 18366 D Biometrics/FingerprintProvider/FingerprintServiceProviderExtImpl: [handleOnPointerUp] dispatch to Auth
01-10 06:18:35.260 17922 19358 D PowerManagerServiceExtImpl: Acquiring suspend blocker "PowerManagerService.WakeLocks"  took 62 ms
01-10 06:18:35.261 17922 18293 E Orms_ManagerInner: cannot connect to orms core service!
01-10 06:18:35.261 17922 19358 D OplusFeatureAOD: key:17922 tmp:3
01-10 06:18:35.262 17922 18293 E DpcExtImpl[0]: execuce mBlockReasonList.add reason: android.service.fingerprint:WAKEUP
01-10 06:18:35.262 17922 18293 I DisplayManagerService: blockScreenOnByBiometrics displayId = 0
01-10 06:18:35.262 17922 18293 D OplusPowerManagerHelper: [onWakeUp]
01-10 06:18:35.262 17922 18293 E OplusCustomizeRestrictionManagerService: isBiometricDisabled start
01-10 06:18:35.262 17922 18293 D OplusPowerManagerHelper: [requestKeyguard]
01-10 06:18:35.262 17922 18293 I PowerGroup: Waking up power group from Dozing (groupId=0, uid=1000, reason=android.service.fingerprint:WAKEUP, details=android.service.fingerprint:WAKEUP)...
01-10 06:18:35.262 17922 18293 D PowerManagerService: userActivityNoUpdateLocked: groupId=0, eventTime=93863419, event=other, flags=0x0, uid=1000
01-10 06:18:35.263 17922 18293 I PowerManagerService: Waking up from Dozing (uid=1000, reason=android.service.fingerprint:WAKEUP, details=android.service.fingerprint:WAKEUP)...
01-10 06:18:35.264 17922 18293 D OplusScreenOffTorchHelper: onWakeUp
01-10 06:18:35.264 17922 17995 I OplusSmartBrightnessController: handleMessage MSG_UPDATE_BRIGHTNESS_NO_ANIMATION changed:true
01-10 06:18:35.264 17922 17995 D OplusSmartBrightnessController: setBrightnessNoAnimation false->true
01-10 06:18:35.264 17922 18293 D DisplayPowerController[0]: requestPowerState: policy=BRIGHT, useProximitySensor=false, screenBrightnessOverride=-1.0, useAutoBrightness=false, screenAutoBrightnessAdjustmentOverride=NaN, screenLowPowerBrightnessFactor=1.0, blockScreenOn=false, lowPowerMode=false, boostScreenBrightness=false, dozeScreenBrightness=NaN, dozeScreenState=UNKNOWN, dozeScreenStateReason=DEFAULT_POLICY, waitForNegativeProximity=false displayReady=false pendingRequest=true
01-10 06:18:35.264 17922 17993 D AidlDisplayPanelFeature: getDisplayPanelFeatureValue +++, featureID:7
01-10 06:18:35.264 17922 18293 D DisplayManagerServiceExtImpl: request size(1,1),dpc=com.android.server.display.DisplayPowerController@7616f7b size(0,1),flags=0X200F,id(0,0,local:4630946756802996883),enable=true,ready=false,waitForNegativeProximity=false policy=BRIGHT,useProximitySensor=false,dozeState=UNKNOWN,screenBrightnessOverride=-1,000000,useAuto=false,lowPower=false,lowPowerFactor=1,000000
01-10 06:18:35.264 17922 17993 I AidlDisplayPanelFeature: [1]
01-10 06:18:35.264 17922 17993 D AidlDisplayPanelFeature: getDisplayPanelFeatureValue ---, result = [1]
01-10 06:18:35.264 17922 17993 D OplusFeatureLongTakeBrightness: getDozeDisplayNit hidl aod =1
01-10 06:18:35.264 17922 17993 D OplusFeatureLongTakeBrightness: animateLongTakeState[0]=old aod nit:5,policy=BRIGHT,dozeScreenState=UNKNOWN [DOZE_TO_DOZE->AOD_TO_ON],[DOZE_SUSPEND->ON]
01-10 06:18:35.264 17922 17993 D OplusSmartBrightnessController: onScreenEvent isScreenOn displayId[0]=true isFolding=false policy=BRIGHT
01-10 06:18:35.264 17922 17993 D Arc[OplusBrightnessAmbientAdapter]: onScreenEvent displayId:0 isScreenOn:true isFolding:false
01-10 06:18:35.264 17922 17998 D VRR [OPlusRefreshRateService]: handleScreenStateChange state: 2
01-10 06:18:35.264 17922 17998 D VRR [OPlusExternalRefreshRateManager]: screenStateChange state: 2
01-10 06:18:35.264 17922 17998 D VRR [OPlusSAManager]: updateSAScene active modeId: 4
01-10 06:18:35.264 17922 17998 D VRR [OPlusSAManager]: updateSAScene current policy: 0 active modeId: 4 scene: FIXED_90_120
01-10 06:18:35.264 17922 17994 D OomAdjusterSocExtImpl: App adj change from previous state to cached state : 27421 com.android.chrome
01-10 06:18:35.264 17922 17998 D VRR [OPlusGameStatusManager]: screenStateChange state: 2
01-10 06:18:35.264 17922 17993 D Arc[OplusFeatureBrightnessBarController]: BrightnessBarController is not support.
01-10 06:18:35.264 17922 17998 D VRR [OPlusGameStatusManager]: notifySceneChange scene: 2
01-10 06:18:35.264 17922 17998 D DisplayManagerServiceExtImpl: scheduleTraversalLocked intraversal=false
01-10 06:18:35.264 17922 17947 D DisplayManagerService: MSG_REQUEST_TRAVERSAL pendingCompleted=false
01-10 06:18:35.264 17922 17995 I OplusSmartBrightnessController: handleMessage MSG_FORCE_UPDATE_BRIGHTNESS.
01-10 06:18:35.264 17922 17995 I OplusSmartBrightnessController: onTargetBrightnessChange brightness change to (700.0, 135.0, 1825.6786)
01-10 06:18:35.265 17922 17948 D DisplayManagerService: performTraversalInternal pendingTraversal
01-10 06:18:35.265 17922 17948 D DisplayDevice: setLayerStackLocked id=local:4630946756802996883 token=android.os.BinderProxy@ed7b62f stack=0->0
01-10 06:18:35.265 17922 17994 D ActivityManager: Async freezing 27421 com.android.chrome
01-10 06:18:35.265 17922 17993 D BackLightStat: setScreenState: state changed:DOZE_SUSPEND->ON
01-10 06:18:35.265 17922 17993 D DisplayPowerState[0]: setScreenState changed:DOZE_SUSPEND->ON
01-10 06:18:35.265 17922 17993 D WindowManager: screenTurnedOn  Display{#0 state=DOZE_SUSPEND size=1080x2376 ROTATION_0}
01-10 06:18:35.265 17922 17994 D ActivityManager: Async freezing 27963 com.android.chrome:sandboxed_process0:org.chromium.content.app.SandboxedProcessService0:0
01-10 06:18:35.266 17922 19358 D CoreBackPreview: Window{88342aa u0 NotificationShade}: Setting back callback OnBackInvokedCallbackInfo{mCallback=android.window.IOnBackInvokedCallback$Stub$Proxy@b3fdba9, mPriority=0, mIsAnimationCallback=false}
01-10 06:18:35.266 17922 17994 D ActivityManager: Async freezing 27798 com.android.chrome:privileged_process0
01-10 06:18:35.266 17922 19358 D WindowManager: mKeyguardDelegate.ShowListener.onDrawn.
01-10 06:18:35.266 17922 17945 W WindowManager: Setting mKeyguardDrawComplete
01-10 06:18:35.266 17922 17945 I WindowManager: Window{88342aa u0 NotificationShade} state from HAS_DRAWN to DRAW_PENDING; reason: requestDrawIfNeeded
01-10 06:18:35.266 17922 17994 D ActivityManager: Async freezing 8163 com.android.chrome:sandboxed_process0:org.chromium.content.app.SandboxedProcessService0:12
01-10 06:18:35.266 17922 17945 I WindowManager: Waiting for drawn Window{88342aa u0 NotificationShade}: removed=false visible=true mHasSurface=true drawState=1
01-10 06:18:35.266 17922 17945 D OplusWindowAnimationManager: Is NotificationShade draw check disabled: false, win: Window{88342aa u0 NotificationShade}, clientRotation: 0, isFullscreen: true, requestedWidth: 1080, requestedHeight: 2376, physicalHeight: 2376, physicalWidth: 1080
01-10 06:18:35.266 17922 17945 D WindowManager: waitForAllWindowsDrawn displayId=-1,false,message={ when=-1d2h4m23s483ms what=7 arg1=-1 target=com.android.server.policy.PhoneWindowManager$PolicyHandler }
01-10 06:18:35.266 17922 17994 D ActivityManager: Async freezing 8074 com.android.chrome:sandboxed_process0:org.chromium.content.app.SandboxedProcessService0:11
01-10 06:18:35.266 17922 17994 D ActivityManager: Async freezing 2021 com.android.chrome:sandboxed_process0:org.chromium.content.app.SandboxedProcessService0:5
01-10 06:18:35.267 17922 17993 I DisplayBrightnessStrategySelector: Changing the DisplayBrightnessStrategy from DozeBrightnessStrategy to InvalidBrightnessStrategy for display 0
01-10 06:18:35.267 17922 17993 D OplusSmartBrightnessController: wakeup displayId[0]=3200 -> 0
01-10 06:18:35.267 17922  9291 W ContextImpl: Calling a method in the system process without a qualified user: android.app.ContextImpl.sendBroadcast:1276 com.android.server.policy.PhoneWindowManagerExtImpl$4.run:1573 java.lang.Thread.run:1012 <bottom of call stack> <bottom of call stack> 
01-10 06:18:35.267 17922 17994 D ActivityManager: Async freezing 24140 com.google.android.adservices.api
01-10 06:18:35.267 17922 17993 D DisplayPowerController[0]: updatePowerStateInternal policy:DOZE->BRIGHT,state:DOZE_SUSPEND->ON policy=BRIGHT, useProximitySensor=false, screenBrightnessOverride=-1.0, useAutoBrightness=false, screenAutoBrightnessAdjustmentOverride=NaN, screenLowPowerBrightnessFactor=1.0, blockScreenOn=false, lowPowerMode=false, boostScreenBrightness=false, dozeScreenBrightness=NaN, dozeScreenState=UNKNOWN, dozeScreenStateReason=DEFAULT_POLICY
01-10 06:18:35.267 17922 17993 I ColorAutomaticBrightnessController: updateAutoBrightness: Auto, sendUpdate = true adjustment=1693,000000,changed:1693->1825,modified:1825->1825->1825,changed=true,cameraMode=-1,ProximityNear=false
01-10 06:18:35.267 17922 17993 I OplusSmartBrightnessController: handleBrightnessTotalRateType displayId[0]=manual->automatic
01-10 06:18:35.267 17922 18421 D DisplayPowerState[0]: Updating screen state: id=0, state=ON, backlight=543.0, sdrBacklight=543.0
01-10 06:18:35.267 17922 17993 D OplusFeatureLongTakeBrightness: animateLongTakeState[0]=old aod nit:5,policy=BRIGHT,dozeScreenState=UNKNOWN [AOD_TO_ON->ON_TO_ON],[ON->ON]
01-10 06:18:35.267 17922 18421 D DisplayAdapterExt: sendDisplayDeviceEventLocked event=2,now=120879293,timestamp=120879293 device:[id=local:4630946756802996883,stack=0],isFirst=true,activeMode=4,state=ON,commitState=DOZE_SUSPEND,devInfo:null
01-10 06:18:35.267 17922 17993 I OplusSmartBrightnessController: handleBrightnessTotalRateType displayId[0]=automatic->long take
01-10 06:18:35.267 17922 17993 D OplusFeatureLongTakeBrightness: long take getBrightness displayId[0]=543->1693->1693,old aod nit:5,status=ON_TO_ON,type:automatic->long take,[311,1162]
01-10 06:18:35.267 17922 17993 D OplusFeatureHDREnhanceBrightness: setAnimating : displayId[0]=true
01-10 06:18:35.267 17922 17993 D OplusFeatureReduceBrightness: setAnimating : animating = true
01-10 06:18:35.267 17922 17993 D OplusFeatureEdrEnhanceBrightness: setAnimating: true
01-10 06:18:35.267 17922 17993 D OplusFeaturePwEdrEnhanceBrightness: setAnimating: true
01-10 06:18:35.267 17922 17994 D ActivityManager: Async freezing 19197 com.coloros.weather.service
01-10 06:18:35.267 17922 17948 I WindowManager: Waiting for drawn Window{88342aa u0 NotificationShade}: removed=false visible=true mHasSurface=true drawState=1
01-10 06:18:35.267 17922 17948 D OplusWindowAnimationManager: Is NotificationShade draw check disabled: false, win: Window{88342aa u0 NotificationShade}, clientRotation: 0, isFullscreen: true, requestedWidth: 1080, requestedHeight: 2376, physicalHeight: 2376, physicalWidth: 1080
01-10 06:18:35.268 17922 18421 D OplusSmartBrightnessController: requestDisplayState isFirstDisplay=true state=2 globalDisplayState=0x7
01-10 06:18:35.268 17922 18421 D DisplayDeviceExt: setDisplayState([4630946756802996883,true],DOZE_SUSPEND->ON),t-Name=PhotonicModulator
01-10 06:18:35.269 17922 17994 W ProcessStats: Tracking association SourceState{caa1c7d com.oplus.pantanal.ums/10148 BFgs #6799} whose proc state 4 is better than process ProcessState{a216f34 com.oplus.statistics.rom/10128 pkg=com.oplus.statistics.rom} proc state 5 (4 skipped)
01-10 06:18:35.270 17922 17994 W ContextImpl: Calling a method in the system process without a qualified user: android.app.ContextImpl.sendBroadcast:1261 com.android.server.am.OplusAppStartupConfig.handleCountRestrictedList:1679 com.android.server.am.OplusAppStartupManager.updateScreenStatus:5311 com.android.server.OplusSysStateManager$LocalService.onWakefulnessChanged:417 com.android.server.power.NotifierExtImpl.onWakefulnessChanged:134 
01-10 06:18:35.270 17922 17947 D DisplayDeviceRepositoryExtImpl: onDisplayDeviceEvent event=2,now=120879293,timestamp=120879293 device:[id=local:4630946756802996883,stack=0],isFirst=true,activeMode=4,state=ON,commitState=DOZE_SUSPEND,devInfo:null
01-10 06:18:35.271 17922 17947 I DisplayDeviceRepository: Display device changed state: "Inbyggd skrm", ON
01-10 06:18:35.271 17922 17947 D LogicalDisplayMapper: Display device changed: DisplayDeviceInfo{"Inbyggd skrm": uniqueId="local:4630946756802996883", 1080 x 2376, modeId 4, renderFrameRate 120.00001, defaultModeId 4, userPreferredModeId -1, supportedModes [{id=1, width=1440, height=3168, fps=120.00001, vsync=120.00001, synthetic=false, alternativeRefreshRates=[60.000004, 90.0], supportedHdrTypes=[1, 2, 3, 4]}, {id=2, width=1440, height=3168, fps=60.000004, vsync=60.000004, synthetic=false, alternativeRefreshRates=[90.0, 120.00001, 120.00001], supportedHdrTypes=[1, 2, 3, 4]}, {id=3, width=1440, height=3168, fps=90.0, vsync=90.0, synthetic=false, alternativeRefreshRates=[60.000004, 120.00001, 120.00001], supportedHdrTypes=[1, 2, 3, 4]}, {id=4, width=1080, height=2376, fps=120.00001, vsync=120.00001, synthetic=false, alternativeRefreshRates=[60.000004, 90.0], supportedHdrTypes=[1, 2, 3, 4]}, {id=5, width=1080, height=2376, fps=60.000004, vsync=60.000004, synthetic=false, alternativeRefreshRates=[90.0, 120.00001, 120.00001], supportedHdrTypes=[1, 2, 3, 4]}, {id=6, width=1080, height=2376, fps=90.0, vsync=90.0, synthetic=false, alternativeRefreshRates=[60.000004, 120.00001, 120.00001], supportedHdrTypes=[1, 2, 3, 4]}], colorMode 0, supportedColorModes [0, 7, 9], hdrCapabilities HdrCapabilities{mSupportedHdrTypes=[1, 2, 3, 4], mMaxLuminance=2000.0, mMaxAverageLuminance=1000.1, mMinLuminance=0.2}, allmSupported false, gameContentTypeSupported false, density 640, 386.36618 x 381.96454 dpi, appVsyncOff 1000000, presDeadline 11333333, cutout DisplayCutout{insets=Rect(0, 120 - 0, 0) waterfall=Insets{left=0, top=0, right=0, bottom=0} boundingRect={Bounds=[Rect(0, 0 - 0, 0), Rect(512, 0 - 569, 120), Rect(0, 0 - 0, 0), Rect(0, 0 - 0, 0)]} cutoutPathParserInfo={CutoutPathParserInfo{displayWidth=1080 displayHeight=2376 physicalDisplayWidth=1440 physicalDisplayHeight=3168 density={4.0} cutoutSpec={M -38,0 L -38,160 L 38,160 L 38,0 Z} rotation={0} scale={1.0} physicalPixelDisplaySizeRatio={0.75}}} sideOverrides={}}, touch INTERNAL, rotation 0, type INTERNAL, address {port=147, model=0x40446d8a1cfd6a}, deviceProductInfo DeviceProductInfo{name=, manufacturerPnpId=QCM, productId=1, modelYear=null, manufactureDate=ManufactureDate{week=27, year=2006}, connectionToSinkType=0}, state ON, committedState DOZE_SUSPEND, frameRateOverride , brightnessMinimum 0.0, brightnessMaximum 1.0, brightnessDefault 1825.6786, hdrSdrRatio 1.0, backlightType 0, roundedCorners RoundedCorners{[RoundedCorner{position=TopLeft, radius=84, center=Point(84, 84)}, RoundedCorner{position=TopRight, radius=84, center=Point(996, 84)}, RoundedCorner{position=BottomRight, radius=84, center=Point(996, 2292)}, RoundedCorner{position=BottomLeft, radius=84, center=Point(84, 2292)}]}, FLAG_ALLOWED_TO_BE_DEFAULT_DISPLAY, FLAG_ROTATES_WITH_CONTENT, FLAG_SECURE, FLAG_SUPPORTS_PROTECTED_BUFFERS, FLAG_TRUSTED, installOrientation 0, displayShape DisplayShape{ spec=1406003047 displayWidth=1080 displayHeight=2376 physicalPixelDisplaySizeRatio=0.75 rotation=0 offsetX=0 offsetY=0 scale=1.0}} diff=2
01-10 06:18:35.271 17922 17947 D LogicalDisplayExt: set displayInfo flag FLAG_ROTATES_WITH_CONTENT
01-10 06:18:35.271 17922 17947 D DisplayManagerServiceExtImpl: scheduleTraversalLocked intraversal=false
01-10 06:18:35.271 17922 17947 I DisplayManagerServiceExtImpl: handle logical display changed logicalDisplay=id=0,stack=0,content=true,displayInfo{stack=0,type=1,id=0,uId=local:4630946756802996883,state=ON,pkg=null}
01-10 06:18:35.272 17922 17947 D DisplayManagerService: Delivering display event: displayId=0, event=CHANGED
01-10 06:18:35.272 17922 17947 D DisplayManagerService: MSG_REQUEST_TRAVERSAL pendingCompleted=false
01-10 06:18:35.272 17922 17945 D OplusVFXScreenEffectFeature: notifySFCompatWindowStateChange entered false
01-10 06:18:35.272 17922 17945 D FSS_FoldScreenBlackCoverController: displayChangeToOn, dc:Display{#0 state=ON size=1080x2376 ROTATION_0}
01-10 06:18:35.272 17922 17945 D DisplayManagerService: performTraversalInternal pendingTraversal
01-10 06:18:35.272 17922 17945 D DisplayDevice: setLayerStackLocked id=local:4630946756802996883 token=android.os.BinderProxy@ed7b62f stack=0->0
01-10 06:18:35.272 17922 17945 I WindowManager: Waiting for drawn Window{88342aa u0 NotificationShade}: removed=false visible=true mHasSurface=true drawState=1
01-10 06:18:35.272 17922 17945 D OplusWindowAnimationManager: Is NotificationShade draw check disabled: false, win: Window{88342aa u0 NotificationShade}, clientRotation: 0, isFullscreen: true, requestedWidth: 1080, requestedHeight: 2376, physicalHeight: 2376, physicalWidth: 1080
01-10 06:18:35.273 17922 17993 D DpcExtImpl[0]: Animating brightness: hdrBrightness target=543->1693,sdrBrightness target=543->1693,rate=3200->2300,type=long take,byUse=false local:4630946756802996883
01-10 06:18:35.273 17922 17993 D BrightnessThermalClamper: Thermal status observer already started
01-10 06:18:35.273 17922 17993 D BrightnessPowerClamper: Power throttling data is missing for configuration data.
01-10 06:18:35.274 17922 17948 I WindowManager: Waiting for drawn Window{88342aa u0 NotificationShade}: removed=false visible=true mHasSurface=true drawState=1
01-10 06:18:35.274 17922 17948 D OplusWindowAnimationManager: Is NotificationShade draw check disabled: false, win: Window{88342aa u0 NotificationShade}, clientRotation: 0, isFullscreen: true, requestedWidth: 1080, requestedHeight: 2376, physicalHeight: 2376, physicalWidth: 1080
01-10 06:18:35.276 17922 18364 I MR2ServiceImpl: Updating composite discovery preference | preference: RouteDiscoveryRequest{ preferredFeatures={}, activeScan=false }, active routers: []
01-10 06:18:35.278 17922 18474 D OAppNetControlService: Screens on!
01-10 06:18:35.280 18473 18473 D CastManagerService: onDisplayChanged.
01-10 06:18:35.281 17922 18421 D DisplayAdapterExt: sendDisplayDeviceEventLocked event=2,now=120879307,timestamp=120879307 device:[id=local:4630946756802996883,stack=0],isFirst=true,activeMode=4,state=ON,commitState=ON,devInfo:null
01-10 06:18:35.283 17922 17947 D DisplayDeviceRepositoryExtImpl: onDisplayDeviceEvent event=2,now=120879307,timestamp=120879307 device:[id=local:4630946756802996883,stack=0],isFirst=true,activeMode=4,state=ON,commitState=ON,devInfo:null
01-10 06:18:35.283 17922 17947 I DisplayDeviceRepositoryExtImpl: Display device changed committed state: "Inbyggd skrm", ON
01-10 06:18:35.283 17922 17947 D LogicalDisplayMapper: Display device changed: DisplayDeviceInfo{"Inbyggd skrm": uniqueId="local:4630946756802996883", 1080 x 2376, modeId 4, renderFrameRate 120.00001, defaultModeId 4, userPreferredModeId -1, supportedModes [{id=1, width=1440, height=3168, fps=120.00001, vsync=120.00001, synthetic=false, alternativeRefreshRates=[60.000004, 90.0], supportedHdrTypes=[1, 2, 3, 4]}, {id=2, width=1440, height=3168, fps=60.000004, vsync=60.000004, synthetic=false, alternativeRefreshRates=[90.0, 120.00001, 120.00001], supportedHdrTypes=[1, 2, 3, 4]}, {id=3, width=1440, height=3168, fps=90.0, vsync=90.0, synthetic=false, alternativeRefreshRates=[60.000004, 120.00001, 120.00001], supportedHdrTypes=[1, 2, 3, 4]}, {id=4, width=1080, height=2376, fps=120.00001, vsync=120.00001, synthetic=false, alternativeRefreshRates=[60.000004, 90.0], supportedHdrTypes=[1, 2, 3, 4]}, {id=5, width=1080, height=2376, fps=60.000004, vsync=60.000004, synthetic=false, alternativeRefreshRates=[90.0, 120.00001, 120.00001], supportedHdrTypes=[1, 2, 3, 4]}, {id=6, width=1080, height=2376, fps=90.0, vsync=90.0, synthetic=false, alternativeRefreshRates=[60.000004, 120.00001, 120.00001], supportedHdrTypes=[1, 2, 3, 4]}], colorMode 0, supportedColorModes [0, 7, 9], hdrCapabilities HdrCapabilities{mSupportedHdrTypes=[1, 2, 3, 4], mMaxLuminance=2000.0, mMaxAverageLuminance=1000.1, mMinLuminance=0.2}, allmSupported false, gameContentTypeSupported false, density 640, 386.36618 x 381.96454 dpi, appVsyncOff 1000000, presDeadline 11333333, cutout DisplayCutout{insets=Rect(0, 120 - 0, 0) waterfall=Insets{left=0, top=0, right=0, bottom=0} boundingRect={Bounds=[Rect(0, 0 - 0, 0), Rect(512, 0 - 569, 120), Rect(0, 0 - 0, 0), Rect(0, 0 - 0, 0)]} cutoutPathParserInfo={CutoutPathParserInfo{displayWidth=1080 displayHeight=2376 physicalDisplayWidth=1440 physicalDisplayHeight=3168 density={4.0} cutoutSpec={M -38,0 L -38,160 L 38,160 L 38,0 Z} rotation={0} scale={1.0} physicalPixelDisplaySizeRatio={0.75}}} sideOverrides={}}, touch INTERNAL, rotation 0, type INTERNAL, address {port=147, model=0x40446d8a1cfd6a}, deviceProductInfo DeviceProductInfo{name=, manufacturerPnpId=QCM, productId=1, modelYear=null, manufactureDate=ManufactureDate{week=27, year=2006}, connectionToSinkType=0}, state ON, committedState ON, frameRateOverride , brightnessMinimum 0.0, brightnessMaximum 1.0, brightnessDefault 1825.6786, hdrSdrRatio 1.0, backlightType 0, roundedCorners RoundedCorners{[RoundedCorner{position=TopLeft, radius=84, center=Point(84, 84)}, RoundedCorner{position=TopRight, radius=84, center=Point(996, 84)}, RoundedCorner{position=BottomRight, radius=84, center=Point(996, 2292)}, RoundedCorner{position=BottomLeft, radius=84, center=Point(84, 2292)}]}, FLAG_ALLOWED_TO_BE_DEFAULT_DISPLAY, FLAG_ROTATES_WITH_CONTENT, FLAG_SECURE, FLAG_SUPPORTS_PROTECTED_BUFFERS, FLAG_TRUSTED, installOrientation 0, displayShape DisplayShape{ spec=1406003047 displayWidth=1080 displayHeight=2376 physicalPixelDisplaySizeRatio=0.75 rotation=0 offsetX=0 offsetY=0 scale=1.0}} diff=4
01-10 06:18:35.283 17922 17947 D LogicalDisplayExt: set displayInfo flag FLAG_ROTATES_WITH_CONTENT
01-10 06:18:35.284 17922 17947 D DisplayManagerServiceExtImpl: scheduleTraversalLocked intraversal=false
01-10 06:18:35.284 17922 17947 I DisplayManagerServiceExtImpl: handle logical display changed logicalDisplay=id=0,stack=0,content=true,displayInfo{stack=0,type=1,id=0,uId=local:4630946756802996883,state=ON,pkg=null}
01-10 06:18:35.284 17922 17947 D DisplayManagerService: Delivering display event: displayId=0, event=CHANGED
01-10 06:18:35.284 17922 17993 D BrightnessThermalClamper: Thermal status observer already started
01-10 06:18:35.284 17922 17993 D BrightnessPowerClamper: Power throttling data is missing for configuration data.
01-10 06:18:35.284 17922 17945 D OplusVFXScreenEffectFeature: notifySFCompatWindowStateChange entered false
01-10 06:18:35.284 17922 17945 D FSS_FoldScreenBlackCoverController: displayChangeToOn, dc:Display{#0 state=ON size=1080x2376 ROTATION_0}
01-10 06:18:35.284 17922 17947 D DisplayManagerService: MSG_REQUEST_TRAVERSAL pendingCompleted=false
01-10 06:18:35.284 18473 18473 D CastManagerService: onDisplayChanged.
01-10 06:18:35.285 17922 17945 D DisplayManagerService: performTraversalInternal pendingTraversal
01-10 06:18:35.285 17922 17945 D DisplayDevice: setLayerStackLocked id=local:4630946756802996883 token=android.os.BinderProxy@ed7b62f stack=0->0
01-10 06:18:35.285 17922 17945 I WindowManager: Waiting for drawn Window{88342aa u0 NotificationShade}: removed=false visible=true mHasSurface=true drawState=1
01-10 06:18:35.285 17922 17945 D OplusWindowAnimationManager: Is NotificationShade draw check disabled: false, win: Window{88342aa u0 NotificationShade}, clientRotation: 0, isFullscreen: true, requestedWidth: 1080, requestedHeight: 2376, physicalHeight: 2376, physicalWidth: 1080
01-10 06:18:35.286 17922 17948 I WindowManager: Waiting for drawn Window{88342aa u0 NotificationShade}: removed=false visible=true mHasSurface=true drawState=1
01-10 06:18:35.286 17922 17948 D OplusWindowAnimationManager: Is NotificationShade draw check disabled: false, win: Window{88342aa u0 NotificationShade}, clientRotation: 0, isFullscreen: true, requestedWidth: 1080, requestedHeight: 2376, physicalHeight: 2376, physicalWidth: 1080
01-10 06:18:35.288 17922 18421 D DisplayDeviceExt: setDisplayBrightness(4630946756802996883,590,0, 0,126230, 11,504),verbose[(0,ON):543,0->590,0,(590,0, 590,0)]
01-10 06:18:35.289 17922 17998 D VRR [OPlusSAManager]: updateAutoMinfps with nits: 11.51685, mHistOK true, mAmbientOK true, mCctOK true, mIrOK true, mBrightnessOK true, isPkgOK true, SA min fps: 0
01-10 06:18:35.289 17922 17998 D VRR [OPlusSurfaceFlingerController]: setAutoMode enable: false fakeFrame: false fps: 0
01-10 06:18:35.294 17922 18108 D OplusBatteryServiceFeature: getChgConfig: flag = 0, extra = , callerName = 1
01-10 06:18:35.295 17922 18108 D OplusBatteryServiceFeature: getChgConfig: flag = 1, extra = , callerName = 1
01-10 06:18:35.295 17922 18108 D OplusBatteryServiceFeature: getChgConfig: flag = 4, extra = , callerName = 1
01-10 06:18:35.295 17922 18108 D OplusBatteryServiceFeature: getChgConfig: flag = 6, extra = , callerName = 1
01-10 06:18:35.295 17922 18108 D OplusBatteryServiceFeature: getChgConfig: flag = 24, extra = , callerName = 1
01-10 06:18:35.295 18698 18698 W VRI[NotificationShade]: handleResized, msg:, frameChanged:false, configChanged:false, displayChanged:false, attachedFrameChanged:false, compatScaleChanged:false, pendingDragResizing=false
01-10 06:18:35.297 17922 18421 D DisplayDeviceExt: setDisplayBrightness(4630946756802996883,611,0, 0,130723, 12,250),verbose[(1,ON):590,0->611,0,(611,0, 611,0)]
01-10 06:18:35.300 17922 20644 I WindowManager: Window{88342aa u0 NotificationShade} state from DRAW_PENDING to COMMIT_DRAW_PENDING; reason: finishDrawingLocked
01-10 06:18:35.300 17922 17948 I WindowManager: Window{88342aa u0 NotificationShade} state from COMMIT_DRAW_PENDING to READY_TO_SHOW; reason: commitFinishDrawingLocked
01-10 06:18:35.300 17922 17948 I WindowManager: Window{88342aa u0 NotificationShade} state from READY_TO_SHOW to HAS_DRAWN; reason: performShowLocked
01-10 06:18:35.300 17922 17948 I WindowManager: Waiting for drawn Window{88342aa u0 NotificationShade}: removed=false visible=true mHasSurface=true drawState=4
01-10 06:18:35.300 17922 17948 D OplusWindowAnimationManager: Is NotificationShade draw check disabled: false, win: Window{88342aa u0 NotificationShade}, clientRotation: 0, isFullscreen: true, requestedWidth: 1080, requestedHeight: 2376, physicalHeight: 2376, physicalWidth: 1080
01-10 06:18:35.300 17922 17945 W WindowManager: All windows drawn on display -1
01-10 06:18:35.300 17922 17945 D FSS_FoldScreenBlackCoverController: finishWindowsDrawn, displayId:-1
01-10 06:18:35.300 17922 17945 I WindowManager: Finished screen turning on...0
01-10 06:18:35.315 17922 18421 D DisplayDeviceExt: setDisplayBrightness(4630946756802996883,650,0, 0,139067, 13,919),verbose[(2,ON):611,0->650,0,(650,0, 650,0)]
01-10 06:18:35.316 17922 18264 I OplusKeyEventUtil: should not notify undefined keys in restrict listen mode
01-10 06:18:35.316 17922 18264 I OplusJoystickManager: read game pad state for game manager -> false
01-10 06:18:35.316 17922 18264 W OplusJoystickManager: mInterceptGamepadKey is false
01-10 06:18:35.316 17922 18264 D OplusCustomizeRestrictionManagerService: isLongPressVolumeUpDisabled start
01-10 06:18:35.316 17922 18264 D StrategyBlackscreenshot: notifyKeyBeforeQueueing, event=KeyEvent { action=ACTION_DOWN, keyCode=KEYCODE_F3, scanCode=61, metaState=0, flags=0x8, repeatCount=0, eventTime=93863533900000, downTime=93863533900000, deviceId=5, source=0x101, displayId=-1 }, interactive=false
01-10 06:18:35.317 17922 18264 I OplusKeyEventUtil: should not notify undefined keys in restrict listen mode
01-10 06:18:35.317 17922 18264 I OplusJoystickManager: read game pad state for game manager -> false
01-10 06:18:35.317 17922 18264 W OplusJoystickManager: mInterceptGamepadKey is false
01-10 06:18:35.317 17922 18264 D OplusCustomizeRestrictionManagerService: isLongPressVolumeUpDisabled start
01-10 06:18:35.317 17922 18264 D StrategyBlackscreenshot: notifyKeyBeforeQueueing, event=KeyEvent { action=ACTION_UP, keyCode=KEYCODE_F3, scanCode=61, metaState=0, flags=0x8, repeatCount=0, eventTime=93863533920000, downTime=93863533900000, deviceId=5, source=0x101, displayId=-1 }, interactive=false
01-10 06:18:35.317 17922 18263 D OplusCustomizeRestrictionManagerService: isLongPressVolumeUpDisabled start
01-10 06:18:35.317 17922 20644 D CommSceneService: my telephony callback proxy invoke method=onTelephonyEventReport
01-10 06:18:35.317 17922 18263 D OplusCustomizeRestrictionManagerService: isLongPressVolumeUpDisabled start
01-10 06:18:35.317 17922 19359 V ActivityManager: Has totaly same connectionRecord, just reuse it!
01-10 06:18:35.317 17922 17945 I OplusSecurityPermissionManager: hasAlertSliderFeature:true,hasStealthFeature=false
01-10 06:18:35.320 17922 19359 D ActivityManager: Cancel freezing 8074 com.android.chrome:sandboxed_process0:org.chromium.content.app.SandboxedProcessService0:11
01-10 06:18:35.320 17922 19359 I ActivityManager: Killing 8074:com.android.chrome:sandboxed_process0:org.chromium.content.app.SandboxedProcessService0:11/u0a170i-8989 (adj 0): isolated not needed
01-10 06:18:35.325 17922 19359 V ActivityManager: Has totaly same connectionRecord, just reuse it!
01-10 06:18:35.326 17922 19359 D ActivityManager: Cancel freezing 2021 com.android.chrome:sandboxed_process0:org.chromium.content.app.SandboxedProcessService0:5
01-10 06:18:35.326 17922 19359 I ActivityManager: Killing 2021:com.android.chrome:sandboxed_process0:org.chromium.content.app.SandboxedProcessService0:5/u0a170i-8995 (adj 0): isolated not needed
01-10 06:18:35.331 17922 18421 D DisplayDeviceExt: setDisplayBrightness(4630946756802996883,688,0, 0,147197, 15,772),verbose[(3,ON):650,0->688,0,(688,0, 688,0)]
01-10 06:18:35.348 17922 19359 I ActivityManager: Death received, pid = 2021, processName = com.android.chrome:sandboxed_process0:org.chromium.content.app.SandboxedProcessService0:5 for thread android.os.BinderProxy@4fa4a8c
01-10 06:18:35.348 17922 18421 D DisplayDeviceExt: setDisplayBrightness(4630946756802996883,725,0, 0,155113, 17,699),verbose[(4,ON):688,0->725,0,(725,0, 725,0)]
01-10 06:18:35.349 17922 17966 I UserAwareMgr: process killed: {pkgName='com.android.chrome', pid=2021, uid=10170, flags='', renderTid=0, hwuiTids=null, glTids=[2031, 2035, 2038], threadInfos=null}
01-10 06:18:35.349 17922 17966 I UserAwareMgr: handleProcessKilled, pkgName: com.android.chrome, pid: 2021
01-10 06:18:35.349 17922 17945 D DisplayManagerService: Drop pending events for gone uid 90005
01-10 06:18:35.352 17922 18109 I ActivityManager: Death received, pid = 8074, processName = com.android.chrome:sandboxed_process0:org.chromium.content.app.SandboxedProcessService0:11 for thread android.os.BinderProxy@115acdb
01-10 06:18:35.352 17922 17966 I UserAwareMgr: process killed: {pkgName='com.android.chrome', pid=8074, uid=10170, flags='', renderTid=0, hwuiTids=null, glTids=[8085, 8090, 8092], threadInfos=null}
01-10 06:18:35.352 17922 17966 I UserAwareMgr: handleProcessKilled, pkgName: com.android.chrome, pid: 8074
01-10 06:18:35.353 17922 17945 D DisplayManagerService: Drop pending events for gone uid 90011
01-10 06:18:35.355 17922 18264 I OplusKeyEventUtil: should not notify undefined keys in restrict listen mode
01-10 06:18:35.355 17922 18264 I OplusJoystickManager: read game pad state for game manager -> false
01-10 06:18:35.355 17922 18264 W OplusJoystickManager: mInterceptGamepadKey is false
01-10 06:18:35.355 17922 18264 D OplusCustomizeRestrictionManagerService: isLongPressVolumeUpDisabled start
01-10 06:18:35.355 17922 18264 D StrategyBlackscreenshot: notifyKeyBeforeQueueing, event=KeyEvent { action=ACTION_DOWN, keyCode=KEYCODE_F3, scanCode=61, metaState=0, flags=0x8, repeatCount=0, eventTime=93863572808000, downTime=93863572808000, deviceId=5, source=0x101, displayId=-1 }, interactive=false
01-10 06:18:35.355 17922 18264 I OplusKeyEventUtil: should not notify undefined keys in restrict listen mode
01-10 06:18:35.355 17922 18264 I OplusJoystickManager: read game pad state for game manager -> false
01-10 06:18:35.355 17922 18264 W OplusJoystickManager: mInterceptGamepadKey is false
01-10 06:18:35.355 17922 18264 D OplusCustomizeRestrictionManagerService: isLongPressVolumeUpDisabled start
01-10 06:18:35.355 17922 18264 D StrategyBlackscreenshot: notifyKeyBeforeQueueing, event=KeyEvent { action=ACTION_UP, keyCode=KEYCODE_F3, scanCode=61, metaState=0, flags=0x8, repeatCount=0, eventTime=93863572818000, downTime=93863572808000, deviceId=5, source=0x101, displayId=-1 }, interactive=false
01-10 06:18:35.356 17922 18263 D OplusCustomizeRestrictionManagerService: isLongPressVolumeUpDisabled start
01-10 06:18:35.356 17922 17945 I OplusSecurityPermissionManager: hasAlertSliderFeature:true,hasStealthFeature=false
01-10 06:18:35.356 17922 18263 D OplusCustomizeRestrictionManagerService: isLongPressVolumeUpDisabled start
01-10 06:18:35.381 17922 17998 D VRR [OPlusSAManager]: updateAutoMinfps with nits: 22.090218, mHistOK true, mAmbientOK true, mCctOK true, mIrOK true, mBrightnessOK true, isPkgOK true, SA min fps: 0
01-10 06:18:35.414 17922 17998 D VRR [OPlusSAManager]: setSAConfig scene: FIXED_90_120 modeId: 4 auto: false fakeFrame: true
01-10 06:18:35.414 17922 17998 D VRR [OPlusSAManager]: updateAutoMinfps with nits: 22.090218, mHistOK true, mAmbientOK true, mCctOK true, mIrOK true, mBrightnessOK true, isPkgOK true, SA min fps: 0
01-10 06:18:35.414 17922 17998 D VRR [OPlusSurfaceFlingerController]: setAutoMode enable: false fakeFrame: true fps: 0
01-10 06:18:35.414 17922 17998 D VRR [OPlusHistogram]: registerCallbacks callbacks: com.oplus.vrr.OPlusSAManager$2@a50e86b
01-10 06:18:35.414 17922 17998 D VRR [OPlusAmbientBrightness]: registerCallbacks callbacks: com.oplus.vrr.OPlusSAManager$1@905bfc8
01-10 06:18:35.414 17922 17998 D VRR [OPlusColorTemperature]: registerCallbacks callbacks: com.oplus.vrr.OPlusSAManager$3@491c861
01-10 06:18:35.414 17922 17998 D VRR [OPlusInfrared]: registerCallbacks callbacks: com.oplus.vrr.OPlusSAManager$4@9260f86
01-10 06:18:35.448 17922 17998 D VRR [OPlusSAManager]: updateAutoMinfps with nits: 32.42059, mHistOK true, mAmbientOK true, mCctOK true, mIrOK true, mBrightnessOK true, isPkgOK true, SA min fps: 0
01-10 06:18:35.448 17922 17998 D VRR [OPlusSurfaceFlingerController]:  setDirectorBacklightConfig : true
01-10 06:18:35.468 17922 19359 D CommonDcsUploader: notifyMsgToCommonDcs, logTag: 20120fingerprint_special_event
01-10 06:18:35.495 17922 19359 I WindowManager: addWindow: New client android.os.BinderProxy@d3732b6 : window=Window{72d5f24 u0 PreventModeView}
01-10 06:18:35.497 17922 19359 D WindowManagerServiceExtImpl: extractConfigInfoAndRealFlags rotation=0, screenDp=411, residentWS:0, win=Window{72d5f24 u0 PreventModeView}
01-10 06:18:35.497 17922 19359 V WindowManager: Relayout Window{72d5f24 u0 PreventModeView}: viewVisibility=0, oldvis=0, req=1080x2376, vsysui=, x=0, y=0
01-10 06:18:35.497 17922 19359 I WindowManager: Window{72d5f24 u0 PreventModeView} state from NO_SURFACE to DRAW_PENDING; reason: resetDrawState
01-10 06:18:35.498 17922 19359 D WindowManager: NFW_findFocusedWindowIfNeeded:Window{88342aa u0 NotificationShade} mCurrentFocus:Window{88342aa u0 NotificationShade}
01-10 06:18:35.498 17922 19359 D WindowManager: updateOrientation: mLastOrientation = SCREEN_ORIENTATION_NOSENSOR(5) newOrientation = SCREEN_ORIENTATION_PORTRAIT(1) forceUpdate = false LastOrientationSource = Window{72d5f24 u0 PreventModeView}
01-10 06:18:35.498 17922 19359 D WindowManager: rotation(ROTATION_0) no changed  displayId = 0, lastOrientation = 1
01-10 06:18:35.499 18698 18698 W VRI[PreventModeView]: updateBlastSurfaceIfNeeded, surfaceSize:Point(1080, 2376), lastSurfaceSize:Point(0, 0), format:-3, blastBufferQueue:null
01-10 06:18:35.501 17922 19359 I WindowManager: Window{72d5f24 u0 PreventModeView} state from DRAW_PENDING to COMMIT_DRAW_PENDING; reason: finishDrawingLocked
01-10 06:18:35.502 17922 17948 I WindowManager: Window{72d5f24 u0 PreventModeView} state from COMMIT_DRAW_PENDING to READY_TO_SHOW; reason: commitFinishDrawingLocked
01-10 06:18:35.502 18698 18698 W VRI[PreventModeView]: handleResized, msg:, frameChanged:false, configChanged:false, displayChanged:false, attachedFrameChanged:false, compatScaleChanged:false, pendingDragResizing=false
01-10 06:18:35.502 17922 17948 I WindowManager: Window{72d5f24 u0 PreventModeView} state from READY_TO_SHOW to HAS_DRAWN; reason: performShowLocked
01-10 06:18:35.513 17922 17998 D VRR [OPlusSAManager]: updateAutoMinfps with nits: 44.94168, mHistOK true, mAmbientOK true, mCctOK true, mIrOK true, mBrightnessOK true, isPkgOK true, SA min fps: 0
01-10 06:18:35.563 17922 17998 D VRR [OPlusSAManager]: updateAutoMinfps with nits: 55.8112, mHistOK true, mAmbientOK true, mCctOK true, mIrOK true, mBrightnessOK true, isPkgOK true, SA min fps: 0
01-10 06:18:35.573 18698 18698 D FingerprintManager: Cancel fingerprint authentication requested for: 6
01-10 06:18:35.573 17922 20648 E OplusCustomizeRestrictionManagerService: isBiometricDisabled start
01-10 06:18:35.574 17922 20648 D FingerprintProvider/default: [cancelAuthentication] sensorId: 1 ,token: android.os.BinderProxy@5ca928f ,requestId: 6
01-10 06:18:35.574 17922 20648 D Biometrics/FingerprintProvider/FingerprintServiceProviderExtImpl: [handleCancelAuthentication] opPackageName = com.android.systemui, clientToken = android.os.BinderProxy@5ca928f, passedInToken = android.os.BinderProxy@5ca928f
01-10 06:18:35.574 17922 18366 D BiometricScheduler: cancelAuthenticationOrDetection, requestId: 6
01-10 06:18:35.574 17922 18366 D BiometricScheduler: Cancelling auth/detect op: {[19] com.android.server.biometrics.sensors.fingerprint.aidl.FingerprintAuthenticationClient, proto=3, owner=com.android.systemui, cookie=0, requestId=6, userId=0}, State: 2
01-10 06:18:35.574 17922 18366 D BiometricSchedulerOperation: [Cancelling] Current client: {[19] com.android.server.biometrics.sensors.fingerprint.aidl.FingerprintAuthenticationClient, proto=3, owner=com.android.systemui, cookie=0, requestId=6, userId=0}
01-10 06:18:35.574 17922 18366 D Biometrics/Fingerprint/UdfpsHelperExtImpl: preHideUdfpsOverlay sensor:1
01-10 06:18:35.574 17922 18293 E Biometrics/Fingerprint/UdfpsHelperExtImpl: notifyFingerprintIconStatus: 0
01-10 06:18:35.574 17922 18293 D VRR [OPlusExternalRefreshRateManager]: setStatus with: 0
01-10 06:18:35.574 17922 18293 D VRR [OPlusExternalRefreshRateManager]: setStatus from 1 to 0
01-10 06:18:35.574 17922 18293 D VRR [OPlusSurfaceFlingerController]:  setMiscExclusiveMode : -1
01-10 06:18:35.575 17922 18293 D VRR [OPlusExternalRefreshRateManager]: setTouchIdleKeepHight enable: false
01-10 06:18:35.575 17922 17998 D VRR [OPlusSurfaceFlingerController]:  setDirectorOtiHwConfig : true
01-10 06:18:35.576 17922 19136 D PowerManagerService: userActivityNoUpdateLocked: groupId=0, eventTime=93863793, event=other, flags=0x0, uid=10228
01-10 06:18:35.576 17922 19136 D AidlResponseHandler: [onTransact]code 4 flags: 16
01-10 06:18:35.576 17922 18366 D Biometrics/AcquisitionClient: onErrorInternal code: 5, finish: true
01-10 06:18:35.576 17922 18366 V BiometricLogger: Error! Modality: 1, User: 0, IsCrypto: false, Action: 2, Client: 1, Error: 5, VendorCode: 0, Latency: -1
01-10 06:18:35.576 17922 18366 W BiometricFrameworkStatsLogger: found a negative latency : -1
01-10 06:18:35.577 17922 18366 D BiometricStateCallback: Client finished, state updated to 0, client {[19] com.android.server.biometrics.sensors.fingerprint.aidl.FingerprintAuthenticationClient, proto=3, owner=com.android.systemui, cookie=0, requestId=6, userId=0}
01-10 06:18:35.577 17922 18366 D BiometricSchedulerOperation: [Finished / destroy]: {[19] com.android.server.biometrics.sensors.fingerprint.aidl.FingerprintAuthenticationClient, proto=3, owner=com.android.systemui, cookie=0, requestId=6, userId=0}
01-10 06:18:35.577 17922 18366 D Biometrics/Fingerprint/UdfpsHelperExtImpl: preHideUdfpsOverlay sensor:1
01-10 06:18:35.577 17922 18366 D BiometricScheduler: [Finishing] {[19] com.android.server.biometrics.sensors.fingerprint.aidl.FingerprintAuthenticationClient, proto=3, owner=com.android.systemui, cookie=0, requestId=6, userId=0}, success: false
01-10 06:18:35.577 17922 18366 D GestureAvailabilityTracker: Notifying gesture availability, active=true
01-10 06:18:35.577 17922 18366 D BiometricScheduler: No operations, returning to idle
01-10 06:18:35.577 17922 18293 E Biometrics/Fingerprint/UdfpsHelperExtImpl: notifyFingerprintIconStatus: 0
01-10 06:18:35.577 17922 18293 D VRR [OPlusExternalRefreshRateManager]: setStatus with: 0
01-10 06:18:35.577 18698 18698 W VRI[PreventModeView]: updateBlastSurfaceIfNeeded, surfaceSize:Point(1080, 2376), lastSurfaceSize:Point(1080, 2376), format:-3, blastBufferQueue:android.graphics.BLASTBufferQueue@ffa578c
01-10 06:18:35.577 17922 19136 D WindowManagerServiceExtImpl: extractConfigInfoAndRealFlags rotation=0, screenDp=411, residentWS:0, win=Window{72d5f24 u0 PreventModeView}
01-10 06:18:35.577 17922 19136 V WindowManager: Relayout Window{72d5f24 u0 PreventModeView}: viewVisibility=0, oldvis=0, req=1080x2376, vsysui=, x=0, y=0
01-10 06:18:35.614 17922 17998 D VRR [OPlusSAManager]: updateAutoMinfps with nits: 67.97635, mHistOK true, mAmbientOK true, mCctOK true, mIrOK true, mBrightnessOK true, isPkgOK true, SA min fps: 0
01-10 06:18:35.663 17922 17998 D VRR [OPlusSAManager]: updateAutoMinfps with nits: 81.46271, mHistOK true, mAmbientOK true, mCctOK true, mIrOK true, mBrightnessOK true, isPkgOK true, SA min fps: 0
01-10 06:18:35.697 17922 20648 V WindowManager: Relayout Window{57ff209 u0 OnScreenFingerprintIcon}: viewVisibility=8, oldvis=0, req=1080x1080, vsysui=
01-10 06:18:35.697 17922 20648 I WindowManager: Window{57ff209 u0 OnScreenFingerprintIcon} state from HAS_DRAWN to NO_SURFACE; reason: destroySurface
01-10 06:18:35.698 17922 20648 D WindowManager: NFW_findFocusedWindowIfNeeded:Window{88342aa u0 NotificationShade} mCurrentFocus:Window{88342aa u0 NotificationShade}
01-10 06:18:35.699 17922 20648 V WindowManager: Relayout Window{f36d941 u0 OnScreenFingerprintPressedIcon}: viewVisibility=8, oldvis=0, req=165x165, vsysui=
01-10 06:18:35.699 17922 20648 I WindowManager: Window{f36d941 u0 OnScreenFingerprintPressedIcon} state from HAS_DRAWN to NO_SURFACE; reason: destroySurface
01-10 06:18:35.700 17922 20648 D WindowManager: NFW_findFocusedWindowIfNeeded:Window{88342aa u0 NotificationShade} mCurrentFocus:Window{88342aa u0 NotificationShade}
01-10 06:18:35.713 17922 17998 D VRR [OPlusSAManager]: updateAutoMinfps with nits: 96.289116, mHistOK true, mAmbientOK true, mCctOK true, mIrOK true, mBrightnessOK true, isPkgOK true, SA min fps: 0
01-10 06:18:35.742 17922 20648 I WindowManager: Window{72d5f24 u0 PreventModeView} state from HAS_DRAWN to NO_SURFACE; reason: destroySurface
01-10 06:18:35.743 17922 20648 D WindowManager: updateOrientation: mLastOrientation = SCREEN_ORIENTATION_PORTRAIT(1) newOrientation = SCREEN_ORIENTATION_NOSENSOR(5) forceUpdate = false LastOrientationSource = Window{88342aa u0 NotificationShade}
01-10 06:18:35.743 17922 20648 D WindowManager: rotation(ROTATION_0) no changed  displayId = 0, lastOrientation = 5
01-10 06:18:35.743 17922 20648 D WindowManager: NFW_findFocusedWindowIfNeeded:Window{88342aa u0 NotificationShade} mCurrentFocus:Window{88342aa u0 NotificationShade}
01-10 06:18:35.745 17922 20648 D PowerManagerService: userActivityNoUpdateLocked: groupId=0, eventTime=93863962, event=other, flags=0x0, uid=10228
01-10 06:18:35.746 17922 17998 D VRR [OPlusSAManager]: updateAutoMinfps with nits: 106.92759, mHistOK true, mAmbientOK true, mCctOK true, mIrOK true, mBrightnessOK true, isPkgOK true, SA min fps: 0
01-10 06:18:35.747 17922 19136 D OplusUserManagerServiceEnhance: getMultiSystemUserId  res = -10000
01-10 06:18:35.747 17922 19136 E OplusCustomizeRestrictionManagerService: isBiometricDisabled start
01-10 06:18:35.747 17922 19136 D LockSettingsService: [getStrongAuthForUser]  userId = 0
01-10 06:18:35.747 17922 19136 D BiometricUtils: isEncrypted: false isLockdown: false
01-10 06:18:35.748 17922 18366 D BiometricScheduler: [Added] {[20] com.android.server.biometrics.sensors.fingerprint.aidl.FingerprintAuthenticationClient, proto=3, owner=com.android.systemui, cookie=0, requestId=7, userId=0}, new queue size: 1, interruptable: true
01-10 06:18:35.748 17922 18366 D BiometricScheduler: [Polled] {[20] com.android.server.biometrics.sensors.fingerprint.aidl.FingerprintAuthenticationClient, proto=3, owner=com.android.systemui, cookie=0, requestId=7, userId=0}, State: 0
01-10 06:18:35.748 17922 18366 D GestureAvailabilityTracker: Notifying gesture availability, active=false
01-10 06:18:35.748 17922 18366 D BiometricScheduler: [Started] {[20] com.android.server.biometrics.sensors.fingerprint.aidl.FingerprintAuthenticationClient, proto=3, owner=com.android.systemui, cookie=0, requestId=7, userId=0}
01-10 06:18:35.748 17922 18366 D BiometricStateCallback: State updated from 0 to 2, client {[20] com.android.server.biometrics.sensors.fingerprint.aidl.FingerprintAuthenticationClient, proto=3, owner=com.android.systemui, cookie=0, requestId=7, userId=0}
01-10 06:18:35.748 17922 18366 D Biometrics/AuthenticationClient: Requesting auth for com.android.systemui
01-10 06:18:35.748 17922 18366 D Biometrics/Fingerprint/UdfpsHelperExtImpl: preShowUdfpsOverlay sensor:1 reason:4
01-10 06:18:35.748 17922 18366 E Biometrics/Fingerprint/UdfpsHelperExtImpl: notifyFingerprintIconStatus: 1
01-10 06:18:35.748 17922 18366 D VRR [OPlusExternalRefreshRateManager]: setStatus with: 1
01-10 06:18:35.748 17922 18366 D VRR [OPlusExternalRefreshRateManager]: setStatus from 0 to 1
01-10 06:18:35.748 17922 18366 D VRR [OPlusExternalRefreshRateManager]: max rate from mRefreshRateConfigs is 120.00001, change to 120hz for fingerprint
01-10 06:18:35.748 17922 18366 D VRR [OPlusExternalRefreshRateManager]: keep max rate is: 120.0
01-10 06:18:35.748 17922 18366 D VRR [OPlusSurfaceFlingerController]:  setMiscExclusiveMode : 120
01-10 06:18:35.749 17922 18366 D VRR [OPlusExternalRefreshRateManager]: setTouchIdleKeepHight enable: true
01-10 06:18:35.749 17922 18366 D RefreshRate: keepHighRefreshRate =1,mCurrentPickRate=120.00001
01-10 06:18:35.749 17922 18366 D RefreshRate: keepHighRefreshRate status=1: votes=PRIORITY_FOD_SHOW -> Vote{mRefreshRate=120.0, mMinRefreshRate=120.0, mRequestSource=null};PRIORITY_WINDOW_REQUEST -> Vote{mRefreshRate=120.0, mMinRefreshRate=120.0, mRequestSource=null};
01-10 06:18:35.749 17922 17998 D VRR [OPlusSurfaceFlingerController]:  setDirectorOtiHwConfig : true
01-10 06:18:35.749 17922 18366 D OplusUserManagerServiceEnhance: getMultiSystemUserId  res = -10000
