01-10 06:18:36.451 17922 17948 D OplusWindowAnimationManager: Is NotificationShade draw check disabled: false, win: Window{88342aa u0 NotificationShade}, clientRotation: 0, isFullscreen: true, requestedWidth: 1080, requestedHeight: 2376, physicalHeight: 2376, physicalWidth: 1080
01-10 06:18:36.451 17922 17945 W WindowManager: All windows drawn on display -1
01-10 06:18:36.451 17922 17945 D FSS_FoldScreenBlackCoverController: finishWindowsDrawn, displayId:-1
01-10 06:18:36.451 17922 17945 I WindowManager: Finished screen turning on...0
01-10 06:18:36.453 17922 18970 D CommSceneService: my telephony callback proxy invoke method=onTelephonyEventReport
01-10 06:18:36.506 17922 18421 D OplusSmartBrightnessController: setBrightnessNoAnimation false->false
01-10 06:18:36.506 17922 18421 D DisplayAdapterExt: sendDisplayDeviceEventLocked event=2,now=120880532,timestamp=120880532 device:[id=local:4630946756802996883,stack=0],isFirst=true,activeMode=4,state=ON,commitState=ON,devInfo:null
01-10 06:18:36.506 17922 17993 D OplusFeatureLongTakeBrightness: animateLongTakeState[0]=old aod nit:50,policy=BRIGHT,dozeScreenState=UNKNOWN [ON_TO_ON->DEFAULT],[ON->ON]
01-10 06:18:36.506 17922 17947 D DisplayDeviceRepositoryExtImpl: onDisplayDeviceEvent event=2,now=120880532,timestamp=120880532 device:[id=local:4630946756802996883,stack=0],isFirst=true,activeMode=4,state=ON,commitState=ON,devInfo:DisplayDeviceInfo{"null": uniqueId="local:4630946756802996883", 1080 x 2376, modeId 4, renderFrameRate 120.00001, defaultModeId 4, userPreferredModeId -1, supportedModes [{id=1, width=1440, height=3168, fps=120.00001, vsync=120.00001, synthetic=false, alternativeRefreshRates=[60.000004, 90.0], supportedHdrTypes=[1, 2, 3, 4]}, {id=2, width=1440, height=3168, fps=60.000004, vsync=60.000004, synthetic=false, alternativeRefreshRates=[90.0, 120.00001, 120.00001], supportedHdrTypes=[1, 2, 3, 4]}, {id=3, width=1440, height=3168, fps=90.0, vsync=90.0, synthetic=false, alternativeRefreshRates=[60.000004, 120.00001, 120.00001], supportedHdrTypes=[1, 2, 3, 4]}, {id=4, width=1080, height=2376, fps=120.00001, vsync=120.00001, synthetic=false, alternativeRefreshRates=[60.000004, 90.0], supportedHdrTypes=[1, 2, 3, 4]}, {id=5, width=1080, height=2376, fps=60.000004, vsync=60.000004, synthetic=false, alternativeRefreshRates=[90.0, 120.00001, 120.00001], supportedHdrTypes=[1, 2, 3, 4]}, {id=6, width=1080, height=2376, fps=90.0, vsync=90.0, synthetic=false, alternativeRefreshRates=[60.000004, 120.00001, 120.00001], supportedHdrTypes=[1, 2, 3, 4]}], colorMode 0, supportedColorModes [0, 7, 9], hdrCapabilities HdrCapabilities{mSupportedHdrTypes=[1, 2, 3, 4], mMaxLuminance=2000.0, mMaxAverageLuminance=1000.1, mMinLuminance=0.2}, allmSupported false, gameContentTypeSupported false, density 640, 386.36618 x 381.96454 dpi, appVsyncOff 1000000, presDeadline 11333333, touch NONE, rotation 0, type UNKNOWN, address {port=147, model=0x40446d8a1cfd6a}, deviceProductInfo DeviceProductInfo{name=, manufacturerPnpId=QCM, productId=1, modelYear=null, manufactureDate=ManufactureDate{week=27, year=2006}, connectionToSinkType=0}, state ON, committedState ON, frameRateOverride , brightnessMinimum 0.0, brightnessMaximum 0.0, brightnessDefault 0.0, hdrSdrRatio NaN, backlightType 0, FLAG_ALLOWED_TO_BE_DEFAULT_DISPLAY, FLAG_SECURE, FLAG_SUPPORTS_PROTECTED_BUFFERS, installOrientation 0}
01-10 06:18:36.506 17922 17947 I DisplayDeviceRepositoryExtImpl: Display device changed committed state: "Inbyggd skrm", ON
01-10 06:18:36.506 17922 18421 D DisplayDeviceExt: setDisplayBrightness(4630946756802996883,723,0, 0,154685, 17,592),verbose[(0,ON):588,0->723,0,(723,0, 723,0)]
01-10 06:18:36.506 17922 17947 D LogicalDisplayMapper: Display device changed: DisplayDeviceInfo{"Inbyggd skrm": uniqueId="local:4630946756802996883", 1080 x 2376, modeId 4, renderFrameRate 120.00001, defaultModeId 4, userPreferredModeId -1, supportedModes [{id=1, width=1440, height=3168, fps=120.00001, vsync=120.00001, synthetic=false, alternativeRefreshRates=[60.000004, 90.0], supportedHdrTypes=[1, 2, 3, 4]}, {id=2, width=1440, height=3168, fps=60.000004, vsync=60.000004, synthetic=false, alternativeRefreshRates=[90.0, 120.00001, 120.00001], supportedHdrTypes=[1, 2, 3, 4]}, {id=3, width=1440, height=3168, fps=90.0, vsync=90.0, synthetic=false, alternativeRefreshRates=[60.000004, 120.00001, 120.00001], supportedHdrTypes=[1, 2, 3, 4]}, {id=4, width=1080, height=2376, fps=120.00001, vsync=120.00001, synthetic=false, alternativeRefreshRates=[60.000004, 90.0], supportedHdrTypes=[1, 2, 3, 4]}, {id=5, width=1080, height=2376, fps=60.000004, vsync=60.000004, synthetic=false, alternativeRefreshRates=[90.0, 120.00001, 120.00001], supportedHdrTypes=[1, 2, 3, 4]}, {id=6, width=1080, height=2376, fps=90.0, vsync=90.0, synthetic=false, alternativeRefreshRates=[60.000004, 120.00001, 120.00001], supportedHdrTypes=[1, 2, 3, 4]}], colorMode 0, supportedColorModes [0, 7, 9], hdrCapabilities HdrCapabilities{mSupportedHdrTypes=[1, 2, 3, 4], mMaxLuminance=2000.0, mMaxAverageLuminance=1000.1, mMinLuminance=0.2}, allmSupported false, gameContentTypeSupported false, density 640, 386.36618 x 381.96454 dpi, appVsyncOff 1000000, presDeadline 11333333, cutout DisplayCutout{insets=Rect(0, 120 - 0, 0) waterfall=Insets{left=0, top=0, right=0, bottom=0} boundingRect={Bounds=[Rect(0, 0 - 0, 0), Rect(512, 0 - 569, 120), Rect(0, 0 - 0, 0), Rect(0, 0 - 0, 0)]} cutoutPathParserInfo={CutoutPathParserInfo{displayWidth=1080 displayHeight=2376 physicalDisplayWidth=1440 physicalDisplayHeight=3168 density={4.0} cutoutSpec={M -38,0 L -38,160 L 38,160 L 38,0 Z} rotation={0} scale={1.0} physicalPixelDisplaySizeRatio={0.75}}} sideOverrides={}}, touch INTERNAL, rotation 0, type INTERNAL, address {port=147, model=0x40446d8a1cfd6a}, deviceProductInfo DeviceProductInfo{name=, manufacturerPnpId=QCM, productId=1, modelYear=null, manufactureDate=ManufactureDate{week=27, year=2006}, connectionToSinkType=0}, state ON, committedState ON, frameRateOverride , brightnessMinimum 0.0, brightnessMaximum 1.0, brightnessDefault 1825.6786, hdrSdrRatio 1.0, backlightType 0, roundedCorners RoundedCorners{[RoundedCorner{position=TopLeft, radius=84, center=Point(84, 84)}, RoundedCorner{position=TopRight, radius=84, center=Point(996, 84)}, RoundedCorner{position=BottomRight, radius=84, center=Point(996, 2292)}, RoundedCorner{position=BottomLeft, radius=84, center=Point(84, 2292)}]}, FLAG_ALLOWED_TO_BE_DEFAULT_DISPLAY, FLAG_ROTATES_WITH_CONTENT, FLAG_SECURE, FLAG_SUPPORTS_PROTECTED_BUFFERS, FLAG_TRUSTED, installOrientation 0, displayShape DisplayShape{ spec=1406003047 displayWidth=1080 displayHeight=2376 physicalPixelDisplaySizeRatio=0.75 rotation=0 offsetX=0 offsetY=0 scale=1.0}} diff=4
01-10 06:18:36.507 17922 17947 D LogicalDisplayExt: set displayInfo flag FLAG_ROTATES_WITH_CONTENT
01-10 06:18:36.507 17922 17947 D DisplayManagerServiceExtImpl: scheduleTraversalLocked intraversal=false
01-10 06:18:36.507 17922 17947 I DisplayManagerServiceExtImpl: handle logical display changed logicalDisplay=id=0,stack=0,content=true,displayInfo{stack=0,type=1,id=0,uId=local:4630946756802996883,state=ON,pkg=null}
01-10 06:18:36.507 17922 17947 D DisplayManagerService: Delivering display event: displayId=0, event=CHANGED
01-10 06:18:36.508 17922 17993 D DisplayPowerController[0]: screenTurnedOn state=2 brightnessState=1693.0 mustNotify=true
01-10 06:18:36.508 17922 17945 D OplusVFXScreenEffectFeature: notifySFCompatWindowStateChange entered false
01-10 06:18:36.508 17922 17945 D FSS_FoldScreenBlackCoverController: displayChangeToOn, dc:Display{#0 state=ON size=1080x2376 ROTATION_0}
01-10 06:18:36.508 17922 17945 D DisplayManagerService: performTraversalInternal pendingTraversal
01-10 06:18:36.508 17922 17945 D DisplayDevice: setLayerStackLocked id=local:4630946756802996883 token=android.os.BinderProxy@ed7b62f stack=0->0
01-10 06:18:36.508 17922 17945 D WindowManager: rotation(ROTATION_0) no changed  displayId = 0, lastOrientation = 5
01-10 06:18:36.509 17922 17947 D DisplayManagerService: MSG_REQUEST_TRAVERSAL pendingCompleted=false
01-10 06:18:36.510 18473 18473 D CastManagerService: onDisplayChanged.
01-10 06:18:36.510 17922 17993 D DpcExtImpl[0]: RECORD:onUpdatePowerState policy:3 state:2 brightness:1693
01-10 06:18:36.510 17922 17993 W PowerManagerService: Screen on took 88 ms. groupId = 0
01-10 06:18:36.510 17922 17993 D OplusPowerManagerHelper: [onWakeUpFinish]
01-10 06:18:36.511 17922 17993 E OplusCustomizeRestrictionManagerService: isBiometricDisabled start
01-10 06:18:36.511 17922 17993 D OplusPowerManagerHelper: scheduleNotifyStopDream
01-10 06:18:36.511 17922 17993 D OplusFeatureAOD: notifySfUnBlockScreenOn
01-10 06:18:36.511 17922 17994 D NotifierExtImpl: notifyScreenOnOff: on = true
01-10 06:18:36.511 17922 17994 D OplusPowerManagerServiceEnhance: notifyScreenOnOff on=true
01-10 06:18:36.511 17922 17993 D BrightnessThermalClamper: Thermal status observer already started
01-10 06:18:36.511 17922 17993 D BrightnessPowerClamper: Power throttling data is missing for configuration data.
01-10 06:18:36.511 17922 17993 D OplusPowerManagerHelper: handleMessage:102
01-10 06:18:36.511 17922 17993 D OplusPowerManagerHelper: MSG_STOP_DEAM
01-10 06:18:36.511 17922 18421 D DisplayDeviceExt: setDisplayBrightness(4630946756802996883,760,0, 0,162602, 19,633),verbose[(1,ON):723,0->760,0,(760,0, 760,0)]
01-10 06:18:36.513 17922 17922 V AlarmManager: sending alarm Alarm{4145e87 type 3 origWhen 120724026 whenElapsed 120724026 android} uid 1000 whenElapsed 120724026 windowLength 0 maxWhenElapsed 120724026 repeatInterval 0 action null component null tag TIME_TICK flags 0x9 procName system_server
01-10 06:18:36.514 17922 17922 V AlarmManager: sending alarm Alarm{8211dd type 3 origWhen 120768359 whenElapsed 120768359 com.oplus.battery} uid 1000 whenElapsed 120768359 windowLength 0 maxWhenElapsed 120768359 repeatInterval 0 action action.guardelf.smartdoze.TRY_ENTER_DOZE component null flags 0x9 procName com.oplus.battery
01-10 06:18:36.522 17922 19257 D WindowManagerServiceExtImpl: extractConfigInfoAndRealFlags rotation=0, screenDp=411, residentWS:0, win=Window{88342aa u0 NotificationShade}
01-10 06:18:36.523 17922 19257 V WindowManager: Relayout Window{88342aa u0 NotificationShade}: viewVisibility=0, oldvis=0, req=1080x2376, vsysui=, x=0, y=0
01-10 06:18:36.523 17922 18421 D DisplayDeviceExt: setDisplayBrightness(4630946756802996883,796,0, 0,170304, 21,737),verbose[(2,ON):760,0->796,0,(796,0, 796,0)]
01-10 06:18:36.524 17922 17994 D AlarmWakeupCheck: SCREEN_ON: CntAlarmWakeup = 5
01-10 06:18:36.525 17922 18364 I MR2ServiceImpl: Updating composite discovery preference | preference: RouteDiscoveryRequest{ preferredFeatures={}, activeScan=false }, active routers: []
01-10 06:18:36.527 17922 18414 D OplusBatteryManager: getPsyBatteryRm: 5048
01-10 06:18:36.527 17922 18474 D CommSceneService: notify screen off changed state=0
01-10 06:18:36.527 17922 18474 D CommSceneService: notify modem stationary changed state=0
01-10 06:18:36.527 17922 18474 D OSysNetControlService: handle comm scene=1001 state=0 phoneId=-1
01-10 06:18:36.527 17922 18474 D OSysNetControlService: handle comm scene=1005 state=0 phoneId=-1
01-10 06:18:36.529 17922 17948 D WindowManager: NFW_setClientVisible:WallpaperWindowToken{2ef3f92 token=android.os.Binder@f20975c showWhenLocked=true} clientVisible:true
01-10 06:18:36.529 17922 18282 W OplusStorageManagerFeature: mScreenReceiver action:android.intent.action.SCREEN_ON
01-10 06:18:36.529 17922 18282 W OplusStorageManagerFeature: turn screenOn, maintPrepared:false
01-10 06:18:36.529  1123  9382 D vold    : [storage]aborting idle start
01-10 06:18:36.529  1123  9382 D vold    : [storage]idle maintenance stopped
01-10 06:18:36.530 17922 18282 W OplusStorageManagerFeature: sendToTarget over,paramStr:0
01-10 06:18:36.530 17922 18282 W OplusStorageManagerFeature: Ready to deal actionParam:0
01-10 06:18:36.530 17922 17922 D LightsServiceExtImpl: currentTime is not belong to 700 - 2330
01-10 06:18:36.531 17922 18474 D CommSceneService: notify align tick changed state=1
01-10 06:18:36.531 17922 18474 D OSysNetControlService: handle comm scene=1006 state=1 phoneId=-1
01-10 06:18:36.531 17922 18474 D OSysNetControlService: condition id=1 state=false not match!
01-10 06:18:36.531 17922 18474 D OSysNetControlService: condition id=2 state=false not match!
01-10 06:18:36.532 17922 19257 D CommSceneService: my telephony callback proxy invoke method=onTelephonyEventReport
01-10 06:18:36.535 17922 18474 E CommSceneService: modem stationary state=0 not update, cancel notify!
01-10 06:18:36.541 17922 18421 D DisplayDeviceExt: setDisplayBrightness(4630946756802996883,832,0, 0,178006, 23,959),verbose[(3,ON):796,0->832,0,(832,0, 832,0)]
01-10 06:18:36.564 17922 17994 D OplusAlarmAdjustment: MSG_SCREEN_ON, mScreenOnElapsed=120880590 ms
01-10 06:18:36.564 17922 17994 D OplusAlarmAdjustMap: removeAlignUid, uid=0, requester=0
01-10 06:18:36.574 17922 17998 D VRR [OPlusSAManager]: setSAConfig scene: FIXED_90_120 modeId: 4 auto: false fakeFrame: true
01-10 06:18:36.575 17922 18421 D DisplayDeviceExt: setDisplayBrightness(4630946756802996883,905,0, 0,193624, 28,829),verbose[(4,ON):832,0->905,0,(905,0, 905,0)]
01-10 06:18:36.575 17922 17998 D VRR [OPlusSAManager]: updateAutoMinfps with nits: 13.978345, mHistOK true, mAmbientOK true, mCctOK true, mIrOK true, mBrightnessOK true, isPkgOK true, SA min fps: 0
01-10 06:18:36.575 17922 17998 D VRR [OPlusSurfaceFlingerController]: setAutoMode enable: false fakeFrame: true fps: 0
01-10 06:18:36.578 17922 17998 D VRR [OPlusSurfaceFlingerController]:  setDirectorOtiHwConfig : true
01-10 06:18:36.583 17922 17998 D VRR [OPlusSAManager]: updateAutoMinfps with nits: 28.807123, mHistOK true, mAmbientOK true, mCctOK true, mIrOK true, mBrightnessOK true, isPkgOK true, SA min fps: 0
01-10 06:18:36.601 17922 17998 D VRR [OPlusSurfaceFlingerController]:  setDirectorBacklightConfig : true
01-10 06:18:36.648 17922 17998 D VRR [OPlusSAManager]: updateAutoMinfps with nits: 40.197445, mHistOK true, mAmbientOK true, mCctOK true, mIrOK true, mBrightnessOK true, isPkgOK true, SA min fps: 0
01-10 06:18:36.715 17922 17998 D VRR [OPlusSAManager]: updateAutoMinfps with nits: 53.718903, mHistOK true, mAmbientOK true, mCctOK true, mIrOK true, mBrightnessOK true, isPkgOK true, SA min fps: 0
01-10 06:18:36.766 17922 17998 D VRR [OPlusSAManager]: updateAutoMinfps with nits: 65.16127, mHistOK true, mAmbientOK true, mCctOK true, mIrOK true, mBrightnessOK true, isPkgOK true, SA min fps: 0
01-10 06:18:36.815 17922 17998 D VRR [OPlusSAManager]: updateAutoMinfps with nits: 77.80875, mHistOK true, mAmbientOK true, mCctOK true, mIrOK true, mBrightnessOK true, isPkgOK true, SA min fps: 0
01-10 06:18:36.864 17922 17998 D VRR [OPlusSAManager]: updateAutoMinfps with nits: 91.68905, mHistOK true, mAmbientOK true, mCctOK true, mIrOK true, mBrightnessOK true, isPkgOK true, SA min fps: 0
01-10 06:18:36.914 17922 17998 D VRR [OPlusSAManager]: updateAutoMinfps with nits: 106.82045, mHistOK true, mAmbientOK true, mCctOK true, mIrOK true, mBrightnessOK true, isPkgOK true, SA min fps: 0
01-10 06:18:36.935 17922 19257 W NotificationHistory: Attempted to add notif for locked/gone/disabled user 0
01-10 06:18:36.939 17922 17993 D OplusFeatureHDREnhanceBrightness: setAnimating : displayId[0]=false
01-10 06:18:36.939 17922 17993 D OplusFeatureReduceBrightness: setAnimating : animating = false
01-10 06:18:36.939 17922 17993 D OplusFeatureEdrEnhanceBrightness: setAnimating: false
01-10 06:18:36.939 17922 17993 D OplusFeaturePwEdrEnhanceBrightness: setAnimating: false
01-10 06:18:36.939 17922 17993 D OplusFeatureLongTakeBrightness: setAnimating >> animating end
01-10 06:18:36.939 17922 17993 I OplusSmartBrightnessController: handleBrightnessTotalRateType displayId[0]=long take->manual
01-10 06:18:36.939 17922 17993 D RampAnimatorExtImpl: onAnimationEnd id[0]=[true,0],changed=[588->588->1693],duration:510,phaseCounts=[0, 0, 0]
01-10 06:18:36.940 17535 17573 E NetlinkEvent: NetlinkEvent::FindParam(): Parameter 'INTERFACE' not found
01-10 06:18:36.940 17535 17573 E NetlinkEvent: NetlinkEvent::FindParam(): Parameter 'STATE' not found
01-10 06:18:36.940 17535 17573 E NetlinkEvent: NetlinkEvent::FindParam(): Parameter 'TIME_NS' not found
01-10 06:18:36.940 17535 17573 E NetlinkEvent: NetlinkEvent::FindParam(): Parameter 'UID' not found
01-10 06:18:37.075 17922 17998 D VRR [OPlusSAManager]: updateAutoMinfps with nits: 106.82045, mHistOK true, mAmbientOK true, mCctOK true, mIrOK true, mBrightnessOK true, isPkgOK true, SA min fps: 0
01-10 06:18:37.075 17922 17998 D VRR [OPlusSurfaceFlingerController]: setAutoMode enable: false fakeFrame: true fps: 0
01-10 06:18:37.102 17922 17998 D VRR [OPlusSurfaceFlingerController]:  setDirectorOtiHwConfig : true
01-10 06:18:37.444 17922 18304 V NetworkPolicy: updateNetworkEnabledNL() return
01-10 06:18:37.444 17922 18304 V NetworkPolicy: updateNotificationsNL not process
01-10 06:18:37.751 17535 17573 E NetlinkEvent: NetlinkEvent::FindParam(): Parameter 'INTERFACE' not found
01-10 06:18:37.751 17535 17573 E NetlinkEvent: NetlinkEvent::FindParam(): Parameter 'STATE' not found
01-10 06:18:37.751 17535 17573 E NetlinkEvent: NetlinkEvent::FindParam(): Parameter 'TIME_NS' not found
01-10 06:18:37.751 17535 17573 E NetlinkEvent: NetlinkEvent::FindParam(): Parameter 'UID' not found
01-10 06:18:38.021 17922 17998 D VRR [OPlusExternalRefreshRateManager]: notifyDisableOtiMode: false
01-10 06:18:38.021 17922 17998 D VRR [OPlusSurfaceFlingerController]:  setTouchIdleShouldPause : false
01-10 06:18:38.021 17922 17998 D VRR [OPlusExternalRefreshRateManager]:  [OTI] handleTouchIdleState: special timeout 5000
01-10 06:18:38.647 17922 18264 I OplusKeyEventUtil: mIsPowerKeyDown =true
01-10 06:18:38.647 17922 18264 I OplusJoystickManager: read game pad state for game manager -> false
01-10 06:18:38.647 17922 18264 W OplusJoystickManager: mInterceptGamepadKey is false
01-10 06:18:38.647 17922 18264 D OplusCustomizeRestrictionManagerService: isLongPressVolumeUpDisabled start
01-10 06:18:38.647 17922 18264 D StrategyUnusedPhoneDetection: notifyKeyBeforeQueueing + keycode =26
01-10 06:18:38.647 17922 18264 D StrategyBlackscreenshot: notifyKeyBeforeQueueing, event=KeyEvent { action=ACTION_DOWN, keyCode=KEYCODE_POWER, scanCode=116, metaState=0, flags=0x8, repeatCount=0, eventTime=93866862767000, downTime=93866862767000, deviceId=7, source=0x101, displayId=-1 }, interactive=true
01-10 06:18:38.749 17922 18264 I OplusKeyEventUtil: mIsPowerKeyDown =false
01-10 06:18:38.750 17922 18264 I OplusJoystickManager: read game pad state for game manager -> false
01-10 06:18:38.750 17922 18264 W OplusJoystickManager: mInterceptGamepadKey is false
01-10 06:18:38.750 17922 18264 D OplusCustomizeRestrictionManagerService: isLongPressVolumeUpDisabled start
01-10 06:18:38.750 17922 18264 D StrategyBlackscreenshot: notifyKeyBeforeQueueing, event=KeyEvent { action=ACTION_UP, keyCode=KEYCODE_POWER, scanCode=116, metaState=0, flags=0x8, repeatCount=0, eventTime=93866965953000, downTime=93866862767000, deviceId=7, source=0x101, displayId=-1 }, interactive=true
01-10 06:18:38.750 17922 18264 D PhoneWindowManagerExtImpl: send check wallet message failed by switch close
01-10 06:18:38.750 17922 17945 V SinglePowerKeyMonitor: p keyrule onPress. isXiaoBuFloat = false isUnderWaterGraining = false
01-10 06:18:38.750 17922 17945 D WindowManager: powerPress: eventTime=93866862 interactive=true count=1 mShortPressOnPowerBehavior=1
01-10 06:18:38.751 17922 18264 I HwShutdownRecord: RecoverSqlFunc running start, setprop false
01-10 06:18:38.751 17922 18264 I HwShutdownRecord: tmemory Remove Flag
01-10 06:18:38.751 17922 17945 D OplusPowerManagerHelper: goToSleepNoUpdateLocked  needIntercepet: false
01-10 06:18:38.751 17922 17945 I PowerGroup: Powering off display group due to power_button (groupId= 0, uid= 1000, millisSinceLastUserActivity=2223, lastUserActivityEvent=other)...
01-10 06:18:38.751 17922 17945 I PowerManagerService: Going to sleep due to power_button (uid 1000, screenOffTimeout=120000, activityTimeoutWM=10000, maxDimRatio=0.20000005, maxDimDur=7000)...
01-10 06:18:38.752 17922 17945 D OplusPowerManagerHelper: wakelock list dump: mLocks.size=3:
01-10 06:18:38.752 17922 17945 D OplusPowerManagerHelper: No.0: PARTIAL_WAKE_LOCK                activated(flags=1, uid=10228, pid=18698) total=3554ms)
01-10 06:18:38.752 17922 17945 D OplusPowerManagerHelper: No.1: PARTIAL_WAKE_LOCK                activated(flags=1, uid=10334, pid=26883) total=174ms)
01-10 06:18:38.752 17922 17945 D OplusPowerManagerHelper: No.2: PARTIAL_WAKE_LOCK                activated(flags=1, uid=1000, pid=17922) total=104ms)
01-10 06:18:38.752 17922 17945 D DisplayPowerController[0]: requestPowerState: policy=DOZE, useProximitySensor=false, screenBrightnessOverride=-1.0, useAutoBrightness=false, screenAutoBrightnessAdjustmentOverride=NaN, screenLowPowerBrightnessFactor=1.0, blockScreenOn=false, lowPowerMode=false, boostScreenBrightness=false, dozeScreenBrightness=NaN, dozeScreenState=UNKNOWN, dozeScreenStateReason=DREAM_MANAGER, waitForNegativeProximity=false displayReady=false pendingRequest=true
01-10 06:18:38.752 17922 17945 D DisplayManagerServiceExtImpl: request size(1,1),dpc=com.android.server.display.DisplayPowerController@7616f7b size(0,1),flags=0X200F,id(0,0,local:4630946756802996883),enable=true,ready=false,waitForNegativeProximity=false policy=DOZE,useProximitySensor=false,dozeState=UNKNOWN,screenBrightnessOverride=-1,000000,useAuto=false,lowPower=false,lowPowerFactor=1,000000
01-10 06:18:38.752 17922 17998 D VRR [OPlusRefreshRateService]: handleScreenStateChangeWarning state : 1
01-10 06:18:38.752 17922 17998 D VRR [OPlusGameStatusManager]: screenStateChangeWarning state: 1
01-10 06:18:38.752 17922 17998 D VRR [OPlusGameStatusManager]: notifySceneChange scene: 1
01-10 06:18:38.752 17922 17998 D DisplayManagerServiceExtImpl: scheduleTraversalLocked intraversal=false
01-10 06:18:38.752 17922 17947 D DisplayManagerService: MSG_REQUEST_TRAVERSAL pendingCompleted=false
01-10 06:18:38.752 17922 17993 D OplusFeatureLongTakeBrightness: animateLongTakeState[0]=old aod nit:50,policy=DOZE,dozeScreenState=UNKNOWN [DEFAULT->ON_TO_DOZE],[ON->ON]
01-10 06:18:38.753 17922 17993 I OplusSmartBrightnessController: handleBrightnessTotalRateType displayId[0]=manual->long take
01-10 06:18:38.753 17922 17993 D DpcExtImpl[0]: RECORD:onUpdatePowerState policy:1 state:2 brightness:1693
01-10 06:18:38.753 17922 17948 D DisplayManagerService: performTraversalInternal pendingTraversal
01-10 06:18:38.753 17922 17948 D DisplayDevice: setLayerStackLocked id=local:4630946756802996883 token=android.os.BinderProxy@ed7b62f stack=0->0
01-10 06:18:38.753 17922 17993 D DisplayPowerController[0]: updatePowerStateInternal policy:BRIGHT->DOZE,state:ON->ON policy=DOZE, useProximitySensor=false, screenBrightnessOverride=-1.0, useAutoBrightness=false, screenAutoBrightnessAdjustmentOverride=NaN, screenLowPowerBrightnessFactor=1.0, blockScreenOn=false, lowPowerMode=false, boostScreenBrightness=false, dozeScreenBrightness=NaN, dozeScreenState=UNKNOWN, dozeScreenStateReason=DREAM_MANAGER
01-10 06:18:38.753 17922 17993 I DreamManagerService: Entering dreamland.
01-10 06:18:38.754 17922 17993 I PowerManagerService: Dozing...
01-10 06:18:38.757 17922 19246 D CoreBackPreview: Window{88342aa u0 NotificationShade}: Setting back callback null
01-10 06:18:38.758 17922 17944 I DreamController: Starting dream: name=ComponentInfo{com.android.systemui/com.android.systemui.doze.DozeService}, isPreviewMode=false, canDoze=true, userId=0, reason='power manager request'
01-10 06:18:38.759 17922 17922 D OplusFlexibleWindowMinimizedManagerHelper: onReceive, intent = android.intent.action.CLOSE_SYSTEM_DIALOGS reason:dream state:0
01-10 06:18:38.760 17922 17944 D AutofillManagerService: Close system dialogs
01-10 06:18:38.761 17922 17945 V AutofillUI: hideSaveUiUiThread(): mSaveUi=null, callback=null, mCallback=null
01-10 06:18:38.761 18698 18757 D OneHandedController: setLockedDisabled locked = true, enabled = false ,FeatureEnabled = false
01-10 06:18:38.761 17922 17998 D VRR [OPlusExternalRefreshRateManager]: notifyDisableOtiMode: true
01-10 06:18:38.761 17922 17998 D VRR [OPlusExternalRefreshRateManager]:  [OTI] handleTouchIdlePauseState: Force
01-10 06:18:38.761 17922 17998 D VRR [OPlusSurfaceFlingerController]:  setTouchIdleShouldPause : true
01-10 06:18:38.762 17922 17998 D VRR [OPlusExternalRefreshRateManager]:  [OTI] handleTouchIdleState: special timeout 5000
01-10 06:18:38.771 17922 18282 W OplusStorageManagerFeature: mScreenReceiver action:android.intent.action.DREAMING_STARTED
01-10 06:18:38.771 17922 18282 W OplusStorageManagerFeature: turn screenOff, maintPrepared:false
01-10 06:18:38.771 17922 18282 W OplusStorageManagerFeature: sendToTarget over,paramStr:4
01-10 06:18:38.771 17922 18282 W OplusStorageManagerFeature: Ready to deal actionParam:4
01-10 06:18:38.771  1123  9405 D vold    : ufshid started
01-10 06:18:38.772  1123  9405 D vold    : ufshid end
01-10 06:18:38.777 17922 19136 D OplusFeatureAOD: key:17922 tmp:2
01-10 06:18:38.777 17922 19136 D OplusPowerManagerHelper: [onGoToSleep]
01-10 06:18:38.777 17922 19136 E OplusCustomizeRestrictionManagerService: isBiometricDisabled start
01-10 06:18:38.777 17922 19136 D OplusFeatureAOD: notifySfUnBlockScreenOn
01-10 06:18:38.778 17922 17994 D NotifierExtImpl: notifyScreenOnOff: on = false
01-10 06:18:38.778 17922 17994 D OplusPowerManagerServiceEnhance: notifyScreenOnOff on=false
01-10 06:18:38.779 17922 19136 D OplusBatteryServiceFeature: setSmartCoolDown: coolDown = 0, normalCoolDown = 0, pkgName = com.android.launcher
01-10 06:18:38.781 17922 17947 D WindowManager: NFW_findFocusedWindowIfNeeded:Window{88342aa u0 NotificationShade} mCurrentFocus:Window{88342aa u0 NotificationShade}
01-10 06:18:38.787 17922 19246 D DeviceStateProviderImpl: keyguard show or sleep: true mLastReportedState 0
01-10 06:18:38.787 17922 17947 V UsbDeviceManager: onKeyguardStateChanged: isShowing:true secure:true user:0
01-10 06:18:38.787 17922 17947 D OplusAccessControlManagerService: onKeyguardStateChanged : true
01-10 06:18:38.788 17922 17947 V UsbDeviceManager: onKeyguardStateChanged: isShowing:true secure:true user:0
01-10 06:18:38.788 17922 17947 D OplusAccessControlManagerService: onKeyguardStateChanged : true
01-10 06:18:38.789 17922 19243 D LockSettingsService: [scheduleNonStrongBiometricIdleTimeout]  userId = 0
01-10 06:18:38.791 18698 18698 W VRI[NotificationShade]: updateBlastSurfaceIfNeeded, surfaceSize:Point(1080, 2376), lastSurfaceSize:Point(1080, 2376), format:-3, blastBufferQueue:android.graphics.BLASTBufferQueue@39f256
01-10 06:18:38.791 17922 18970 D WindowManagerServiceExtImpl: extractConfigInfoAndRealFlags rotation=0, screenDp=411, residentWS:0, win=Window{88342aa u0 NotificationShade}
01-10 06:18:38.791 17922 18970 V WindowManager: Relayout Window{88342aa u0 NotificationShade}: viewVisibility=0, oldvis=0, req=1080x2376, vsysui=, x=0, y=0
01-10 06:18:38.792 17922 17964 I PowerManagerService: onFlip(): Face up.
01-10 06:18:38.792 17922 17964 D PowerManagerService: onFlip: isFaceDown=false
01-10 06:18:38.792 17922 17964 D PowerManagerService: userActivityNoUpdateLocked: groupId=0, eventTime=93867009, event=other, flags=0x0, uid=1000
01-10 06:18:38.802 17922 18343 D OplusFeatureColorMode: +updateUserDreaming
01-10 06:18:38.812 17922 18364 I MR2ServiceImpl: Updating composite discovery preference | preference: RouteDiscoveryRequest{ preferredFeatures={}, activeScan=false }, active routers: []
01-10 06:18:38.822 17922 18474 D CommSceneService: notify screen off changed state=1
01-10 06:18:38.823 17922 18474 D OSysNetControlService: handle comm scene=1001 state=1 phoneId=-1
01-10 06:18:38.825 17922 18282 W OplusStorageManagerFeature: mScreenReceiver action:android.intent.action.SCREEN_OFF
01-10 06:18:38.825 17922 18282 W OplusStorageManagerFeature: turn screenOff, maintPrepared:false
01-10 06:18:38.825 17922 18282 W OplusStorageManagerFeature: sendToTarget over,paramStr:4
01-10 06:18:38.825 17922 18282 W OplusStorageManagerFeature: Ready to deal actionParam:4
01-10 06:18:38.825  1123  9414 D vold    : ufshid started
01-10 06:18:38.825  1123  9414 D vold    : ufshid end
01-10 06:18:38.832 17922 17994 D OplusAlarmAdjustment: MSG_SCREEN_OFF,  adjustInterval =300000 ms, mDefaultAlignInterval=300000 ms, mScreenOffElapsed=120882858 ms
01-10 06:18:38.832 17922 17994 D OplusAlarmAdjustMap: addAlignUid, uid=0, pkgName=*, requester=0, mode=1
01-10 06:18:38.832 17922 17994 D OplusAlarmAdjustment: adjustAllAlarms()
01-10 06:18:38.833 17922 17994 D AcmeAlarmPolicy: network change from -1 to 1
01-10 06:18:38.833 17922 17994 D AcmeAlarmPolicy: screenOffDuration=1, mConfigCheckTime=1800000
01-10 06:18:38.906 17922 18414 D OplusBatteryManager: getPsyBatteryRm: 5048
01-10 06:18:38.906 17922 18414 D OplusBatteryManager: getPsyBatteryRm: 5048
01-10 06:18:39.596 17922 18970 I OplusStatusBarManagerServiceEnhance:  getTopIsFullscreen mTopIsFullscreen: false
01-10 06:18:39.596 17922 18970 W ActivityManager: Permission Denial: getTopApplicationInfo from pid=26883, uid=10334 requires oplus.permission.OPLUS_COMPONENT_SAFE
01-10 06:18:39.596 17922 17922 D NotificationService--OplusNotificationManagerServiceExtImpl: isForwardToAssistants: true, case : Is local notification
01-10 06:18:39.596 17922 17922 D NotificationService: This application enqueue notifications is need postDelayed mcsAssistantDelayTime: 200
01-10 06:18:39.596 17922 18108 D ShortcutService: rescanPackageIfNeeded 0@org.telegram.messenger, forceRescan=false , isNewApp=false
01-10 06:18:39.597 17922 17922 I OplusStatusBarManagerServiceEnhance:  getTopIsFullscreen mTopIsFullscreen: false
01-10 06:18:39.597 17922 17922 D NotifAttentionHelper: buzzBeepBlinkLocked(): vibrate through haptic channel.
01-10 06:18:39.597 17922 17922 I AS.AudioService: shouldNotificationSoundPlay false: muted stream:5 attr:AudioAttributes: usage=USAGE_NOTIFICATION content=CONTENT_TYPE_SONIFICATION flags=0x800 tags= bundle=null
01-10 06:18:39.597 17922 17922 V NotifAttentionHelper: Ringtone player is null.
01-10 06:18:39.598 17922 18108 D ShortcutService: rescanPackageIfNeeded 0@org.telegram.messenger, forceRescan=false , isNewApp=false
01-10 06:18:39.603 17922 19243 D ShortcutService: Getting shortcuts for launcher= androiduser=0 pkg=org.telegram.messenger
01-10 06:18:39.603 17922 19243 I OplusStatusBarManagerServiceEnhance:  getTopIsFullscreen mTopIsFullscreen: false
01-10 06:18:39.603 17922 19243 W ActivityManager: Permission Denial: getTopApplicationInfo from pid=26883, uid=10334 requires oplus.permission.OPLUS_COMPONENT_SAFE
01-10 06:18:39.603 25838 26022 D MiscManager: error ! ReadBreathLightTime not support.
01-10 06:18:39.603 17922 17922 D NotificationService--OplusNotificationManagerServiceExtImpl: isForwardToAssistants: true, case : Is local notification
01-10 06:18:39.603 17922 17922 D NotificationService: This application enqueue notifications is need postDelayed mcsAssistantDelayTime: 200
01-10 06:18:39.603 17922 19243 D ShortcutService: rescanPackageIfNeeded 0@org.telegram.messenger, forceRescan=false , isNewApp=false
01-10 06:18:39.606 17922 19257 D ShortcutService: rescanPackageIfNeeded 0@org.telegram.messenger, forceRescan=false , isNewApp=false
01-10 06:18:39.619 17922 19257 D ShortcutService: rescanPackageIfNeeded 0@org.telegram.messenger, forceRescan=false , isNewApp=false
01-10 06:18:39.625 17922 19257 D ShortcutService: Getting shortcuts for launcher= androiduser=0 pkg=org.telegram.messenger
01-10 06:18:39.625 17922 19257 I OplusStatusBarManagerServiceEnhance:  getTopIsFullscreen mTopIsFullscreen: false
01-10 06:18:39.625 17922 19257 W ActivityManager: Permission Denial: getTopApplicationInfo from pid=26883, uid=10334 requires oplus.permission.OPLUS_COMPONENT_SAFE
01-10 06:18:39.625 17922 17922 D NotificationService--OplusNotificationManagerServiceExtImpl: isForwardToAssistants: true, case : Is local notification
01-10 06:18:39.625 17922 17922 D NotificationService: This application enqueue notifications is need postDelayed mcsAssistantDelayTime: 200
01-10 06:18:39.625 17922 19257 D ShortcutService: rescanPackageIfNeeded 0@org.telegram.messenger, forceRescan=false , isNewApp=false
01-10 06:18:39.629 17922 19257 D ShortcutService: rescanPackageIfNeeded 0@org.telegram.messenger, forceRescan=false , isNewApp=false
01-10 06:18:39.642 17922 17958 D ShortcutService: rescanPackageIfNeeded 0@org.telegram.messenger, forceRescan=false , isNewApp=false
01-10 06:18:39.651 17922 19257 D ShortcutService: Getting shortcuts for launcher= androiduser=0 pkg=org.telegram.messenger
01-10 06:18:39.651 17922 19257 I OplusStatusBarManagerServiceEnhance:  getTopIsFullscreen mTopIsFullscreen: false
01-10 06:18:39.651 17922 19257 W ActivityManager: Permission Denial: getTopApplicationInfo from pid=26883, uid=10334 requires oplus.permission.OPLUS_COMPONENT_SAFE
01-10 06:18:39.651 17922 17922 D NotificationService--OplusNotificationManagerServiceExtImpl: isForwardToAssistants: true, case : Is local notification
01-10 06:18:39.651 17922 17922 D NotificationService: This application enqueue notifications is need postDelayed mcsAssistantDelayTime: 200
01-10 06:18:39.652 17922 17958 D ShortcutService: rescanPackageIfNeeded 0@org.telegram.messenger, forceRescan=false , isNewApp=false
01-10 06:18:39.752 17922 18372 D ShortcutService: Saving package item org.telegram.messenger to /data/system_ce/0/shortcut_service/packages/org.telegram.messenger.xml
01-10 06:18:39.753 17922 17944 D ShortcutService: Getting shortcuts for launcher= com.android.launcheruser=0 pkg=org.telegram.messenger
01-10 06:18:39.756 17922 17944 D ShortcutService: Getting shortcuts for launcher= com.google.android.asuser=0 pkg=org.telegram.messenger
01-10 06:18:39.756 17922 17944 D ShortcutService: Getting shortcuts for launcher= com.android.systemuiuser=0 pkg=org.telegram.messenger
01-10 06:18:39.948 17922 17998 D VRR [OPlusGameStatusManager]: handleBrightnessDone
01-10 06:18:40.402 17922 19243 V WindowManager: Relayout Window{f36d941 u0 OnScreenFingerprintPressedIcon}: viewVisibility=8, oldvis=0, req=165x165, vsysui=
01-10 06:18:40.403 17922 19243 I WindowManager: Window{f36d941 u0 OnScreenFingerprintPressedIcon} state from HAS_DRAWN to NO_SURFACE; reason: destroySurface
01-10 06:18:40.405 17922 19243 D WindowManager: NFW_findFocusedWindowIfNeeded:Window{88342aa u0 NotificationShade} mCurrentFocus:Window{88342aa u0 NotificationShade}
01-10 06:18:40.412 17922 19243 V WindowManager: Relayout Window{57ff209 u0 OnScreenFingerprintIcon}: viewVisibility=8, oldvis=0, req=1080x1080, vsysui=
01-10 06:18:40.412 17922 19243 I WindowManager: Window{57ff209 u0 OnScreenFingerprintIcon} state from HAS_DRAWN to NO_SURFACE; reason: destroySurface
01-10 06:18:40.413 17922 19243 D WindowManager: NFW_findFocusedWindowIfNeeded:Window{88342aa u0 NotificationShade} mCurrentFocus:Window{88342aa u0 NotificationShade}
01-10 06:18:40.693 17922 19243 D OplusFeatureAOD: key:17922 tmp:0
01-10 06:18:40.693 17922 19243 D DisplayPowerController[0]: requestPowerState: policy=DOZE, useProximitySensor=false, screenBrightnessOverride=-1.0, useAutoBrightness=false, screenAutoBrightnessAdjustmentOverride=NaN, screenLowPowerBrightnessFactor=1.0, blockScreenOn=false, lowPowerMode=false, boostScreenBrightness=false, dozeScreenBrightness=NaN, dozeScreenState=OFF, dozeScreenStateReason=UNKNOWN, waitForNegativeProximity=false displayReady=false pendingRequest=true
01-10 06:18:40.693 17922 17998 D VRR [OPlusRefreshRateService]: handleScreenStateChangeWarning state : 1
01-10 06:18:40.693 17922 17998 D VRR [OPlusGameStatusManager]: screenStateChangeWarning state: 1
01-10 06:18:40.693 17922 17998 D VRR [OPlusGameStatusManager]: notifySceneChange scene: 1
01-10 06:18:40.693 17922 19243 D DisplayManagerServiceExtImpl: request size(1,1),dpc=com.android.server.display.DisplayPowerController@7616f7b size(0,1),flags=0X200F,id(0,0,local:4630946756802996883),enable=true,ready=false,waitForNegativeProximity=false policy=DOZE,useProximitySensor=false,dozeState=OFF,screenBrightnessOverride=-1,000000,useAuto=false,lowPower=false,lowPowerFactor=1,000000
01-10 06:18:40.693 17922 17993 I OplusSmartBrightnessController: handleBrightnessTotalRateType displayId[0]=long take->manual
01-10 06:18:40.694 17922 17993 D OplusFeatureLongTakeBrightness: animateLongTakeState[0]=old aod nit:50,policy=DOZE,dozeScreenState=OFF [ON_TO_DOZE->DEFAULT],[ON->OFF]
01-10 06:18:40.694 17922 17998 D DisplayManagerServiceExtImpl: scheduleTraversalLocked intraversal=false
01-10 06:18:40.694 17922 17993 D DisplayPowerState[0]: setColorFadeLevel: level=0.0
01-10 06:18:40.694 17922 17947 D DisplayManagerService: MSG_REQUEST_TRAVERSAL pendingCompleted=false
01-10 06:18:40.694 17922 17993 D DpcExtImpl[0]: RECORD: Animation finished when screen is off isInteractive: false
01-10 06:18:40.694 17922 17993 D Biometrics_DEBUG: [onGoToSleepFinish]
01-10 06:18:40.694 17922 17993 E OplusCustomizeRestrictionManagerService: isBiometricDisabled start
01-10 06:18:40.695 17922 17993 D DisplayPowerState[0]: updateRunnable run fadeLevle=0.0 state=ON brightness changed:1693.0->-1.0
01-10 06:18:40.695 17922 17993 D OplusFeatureLongTakeBrightness: animateLongTakeState[0]=old aod nit:50,policy=DOZE,dozeScreenState=OFF [DEFAULT->DEFAULT],[ON->OFF]
01-10 06:18:40.695 17922 17993 I DisplayPowerController[0]: Blocking screen off
01-10 06:18:40.695 17922 17948 D DisplayManagerService: performTraversalInternal pendingTraversal
01-10 06:18:40.695 17922 17948 D DisplayDevice: setLayerStackLocked id=local:4630946756802996883 token=android.os.BinderProxy@ed7b62f stack=0->0
01-10 06:18:40.695 17922 17993 I DisplayPowerController[0]: Unblocked screen off after 0 ms
01-10 06:18:40.696 17922 17993 D OplusSmartBrightnessController: onScreenEvent isScreenOn displayId[0]=false isFolding=false policy=DOZE
01-10 06:18:40.696 17922 17993 D Arc[OplusBrightnessAmbientAdapter]: onScreenEvent displayId:0 isScreenOn:false isFolding:false
01-10 06:18:40.696 17922 17998 D VRR [OPlusRefreshRateService]: handleScreenStateChange state: 1
01-10 06:18:40.696 17922 17998 D VRR [OPlusExternalRefreshRateManager]: screenStateChange state: 1
01-10 06:18:40.696 17922 17998 D VRR [OPlusSAManager]: resetSASettings
01-10 06:18:40.696 17922 17998 D VRR [OPlusSAManager]: isAutoReady return false. ScreenState: 1, isSAType: true, isSMType: false
01-10 06:18:40.696 17922 17993 D Arc[OplusFeatureBrightnessBarController]: BrightnessBarController is not support.
01-10 06:18:40.696 17922 17998 D VRR [OPlusHistogram]: unregisterCallbacks callbacks: com.oplus.vrr.OPlusSAManager$2@a50e86b
01-10 06:18:40.696 17922 17998 D VRR [OPlusAmbientBrightness]: unregisterCallbacks callbacks: com.oplus.vrr.OPlusSAManager$1@905bfc8
01-10 06:18:40.696 17922 17998 D VRR [OPlusColorTemperature]: unregisterCallbacks callbacks: com.oplus.vrr.OPlusSAManager$3@491c861
01-10 06:18:40.696 17922 17998 D VRR [OPlusInfrared]: unregisterCallbacks callbacks: com.oplus.vrr.OPlusSAManager$4@9260f86
01-10 06:18:40.696 17922 17998 D VRR [OPlusGameStatusManager]: screenStateChange state: 1
01-10 06:18:40.696 17922 17998 D VRR [OPlusGameStatusManager]: notifySceneChange scene: 1
01-10 06:18:40.696 17922 17998 D DisplayManagerServiceExtImpl: scheduleTraversalLocked intraversal=false
01-10 06:18:40.696 17922 17995 D OplusFeatureHDREnhanceBrightness: MSG_RUS_APPLY false
01-10 06:18:40.696 17922 17998 D VRR [OPlusSAManager]: isAutoReady return false. ScreenState: 1, isSAType: true, isSMType: false
01-10 06:18:40.696 17922 17947 D DisplayManagerService: MSG_REQUEST_TRAVERSAL pendingCompleted=false
01-10 06:18:40.697 17922 17998 D VRR [OPlusSurfaceFlingerController]:  setDirectorBacklightConfig : false
01-10 06:18:40.698 17922 17948 D DisplayManagerService: performTraversalInternal pendingTraversal
01-10 06:18:40.698 17922 17948 D DisplayDevice: setLayerStackLocked id=local:4630946756802996883 token=android.os.BinderProxy@ed7b62f stack=0->0
01-10 06:18:40.699 17922 17993 D BackLightStat: setScreenState: state changed:ON->OFF
01-10 06:18:40.699 17922 17993 D DisplayPowerState[0]: setScreenState changed:ON->OFF
01-10 06:18:40.699 17922 17993 D WindowManager: screenTurnedOff  Display{#0 state=ON size=1080x2376 ROTATION_0}
01-10 06:18:40.702 17922 17993 I DisplayBrightnessStrategySelector: Changing the DisplayBrightnessStrategy from InvalidBrightnessStrategy to ScreenOffBrightnessStrategy for display 0
01-10 06:18:40.702 17922 17993 D DpcExtImpl[0]: handleMessage:6791
01-10 06:18:40.702 17922 17993 D DisplayPowerState[0]: updateRunnable run fadeLevle=0.0 state=OFF brightness changed:1693.0->-1.0
01-10 06:18:40.703 17922 18421 D DisplayPowerState[0]: Updating screen state: id=0, state=OFF, backlight=-1.0, sdrBacklight=-1.0
01-10 06:18:40.704 17922 17947 D DisplayDeviceRepositoryExtImpl: onDisplayDeviceEvent event=2,now=120884729,timestamp=120884729 device:[id=local:4630946756802996883,stack=0],isFirst=true,activeMode=4,state=OFF,commitState=ON,devInfo:null
01-10 06:18:40.704 17922 18421 D DisplayAdapterExt: sendDisplayDeviceEventLocked event=2,now=120884729,timestamp=120884729 device:[id=local:4630946756802996883,stack=0],isFirst=true,activeMode=4,state=OFF,commitState=ON,devInfo:null
01-10 06:18:40.705 17922 18421 D OplusSmartBrightnessController: requestDisplayState isFirstDisplay=true state=1 globalDisplayState=0x0
01-10 06:18:40.705 17922 18421 D DisplayDeviceExt: setDisplayState([4630946756802996883,true],ON->OFF),t-Name=PhotonicModulator
01-10 06:18:40.705 17922 17947 I DisplayDeviceRepository: Display device changed state: "Inbyggd skrm", OFF
01-10 06:18:40.705 17922 17947 D LogicalDisplayMapper: Display device changed: DisplayDeviceInfo{"Inbyggd skrm": uniqueId="local:4630946756802996883", 1080 x 2376, modeId 4, renderFrameRate 120.00001, defaultModeId 4, userPreferredModeId -1, supportedModes [{id=1, width=1440, height=3168, fps=120.00001, vsync=120.00001, synthetic=false, alternativeRefreshRates=[60.000004, 90.0], supportedHdrTypes=[1, 2, 3, 4]}, {id=2, width=1440, height=3168, fps=60.000004, vsync=60.000004, synthetic=false, alternativeRefreshRates=[90.0, 120.00001, 120.00001], supportedHdrTypes=[1, 2, 3, 4]}, {id=3, width=1440, height=3168, fps=90.0, vsync=90.0, synthetic=false, alternativeRefreshRates=[60.000004, 120.00001, 120.00001], supportedHdrTypes=[1, 2, 3, 4]}, {id=4, width=1080, height=2376, fps=120.00001, vsync=120.00001, synthetic=false, alternativeRefreshRates=[60.000004, 90.0], supportedHdrTypes=[1, 2, 3, 4]}, {id=5, width=1080, height=2376, fps=60.000004, vsync=60.000004, synthetic=false, alternativeRefreshRates=[90.0, 120.00001, 120.00001], supportedHdrTypes=[1, 2, 3, 4]}, {id=6, width=1080, height=2376, fps=90.0, vsync=90.0, synthetic=false, alternativeRefreshRates=[60.000004, 120.00001, 120.00001], supportedHdrTypes=[1, 2, 3, 4]}], colorMode 0, supportedColorModes [0, 7, 9], hdrCapabilities HdrCapabilities{mSupportedHdrTypes=[1, 2, 3, 4], mMaxLuminance=2000.0, mMaxAverageLuminance=1000.1, mMinLuminance=0.2}, allmSupported false, gameContentTypeSupported false, density 640, 386.36618 x 381.96454 dpi, appVsyncOff 1000000, presDeadline 11333333, cutout DisplayCutout{insets=Rect(0, 120 - 0, 0) waterfall=Insets{left=0, top=0, right=0, bottom=0} boundingRect={Bounds=[Rect(0, 0 - 0, 0), Rect(512, 0 - 569, 120), Rect(0, 0 - 0, 0), Rect(0, 0 - 0, 0)]} cutoutPathParserInfo={CutoutPathParserInfo{displayWidth=1080 displayHeight=2376 physicalDisplayWidth=1440 physicalDisplayHeight=3168 density={4.0} cutoutSpec={M -38,0 L -38,160 L 38,160 L 38,0 Z} rotation={0} scale={1.0} physicalPixelDisplaySizeRatio={0.75}}} sideOverrides={}}, touch INTERNAL, rotation 0, type INTERNAL, address {port=147, model=0x40446d8a1cfd6a}, deviceProductInfo DeviceProductInfo{name=, manufacturerPnpId=QCM, productId=1, modelYear=null, manufactureDate=ManufactureDate{week=27, year=2006}, connectionToSinkType=0}, state OFF, committedState ON, frameRateOverride , brightnessMinimum 0.0, brightnessMaximum 1.0, brightnessDefault 1825.6786, hdrSdrRatio 1.0, backlightType 0, roundedCorners RoundedCorners{[RoundedCorner{position=TopLeft, radius=84, center=Point(84, 84)}, RoundedCorner{position=TopRight, radius=84, center=Point(996, 84)}, RoundedCorner{position=BottomRight, radius=84, center=Point(996, 2292)}, RoundedCorner{position=BottomLeft, radius=84, center=Point(84, 2292)}]}, FLAG_ALLOWED_TO_BE_DEFAULT_DISPLAY, FLAG_ROTATES_WITH_CONTENT, FLAG_SECURE, FLAG_SUPPORTS_PROTECTED_BUFFERS, FLAG_TRUSTED, installOrientation 0, displayShape DisplayShape{ spec=1406003047 displayWidth=1080 displayHeight=2376 physicalPixelDisplaySizeRatio=0.75 rotation=0 offsetX=0 offsetY=0 scale=1.0}} diff=2
01-10 06:18:40.705 17922 17947 D LogicalDisplayExt: set displayInfo flag FLAG_ROTATES_WITH_CONTENT
01-10 06:18:40.708 17922 17947 D DisplayManagerServiceExtImpl: scheduleTraversalLocked intraversal=false
01-10 06:18:40.708 17922 17947 I DisplayManagerServiceExtImpl: handle logical display changed logicalDisplay=id=0,stack=0,content=true,displayInfo{stack=0,type=1,id=0,uId=local:4630946756802996883,state=OFF,pkg=null}
01-10 06:18:40.708 17922 17947 D DisplayManagerService: Delivering display event: displayId=0, event=CHANGED
01-10 06:18:40.709 17922 17993 D BrightnessThermalClamper: Thermal status observer already started
01-10 06:18:40.709 17922 17993 D BrightnessPowerClamper: Power throttling data is missing for configuration data.
01-10 06:18:40.710 17922 17945 D OplusVFXScreenEffectFeature: notifySFCompatWindowStateChange entered false
01-10 06:18:40.710 17922 17945 D DisplayManagerService: performTraversalInternal pendingTraversal
01-10 06:18:40.710 17922 17945 D DisplayDevice: setLayerStackLocked id=local:4630946756802996883 token=android.os.BinderProxy@ed7b62f stack=0->-1
01-10 06:18:40.710 17922 17945 I DisplayDevice: [0] Layerstack set to -1 for local:4630946756802996883
01-10 06:18:40.711 17922 17947 D DisplayManagerService: MSG_REQUEST_TRAVERSAL pendingCompleted=false
01-10 06:18:40.713 17922 18474 D OAppNetControlService: Screens off!
01-10 06:18:40.713 18473 18473 D CastManagerService: onDisplayChanged.
01-10 06:18:40.728 18698 18698 W VRI[NotificationShade]: updateBlastSurfaceIfNeeded, surfaceSize:Point(1080, 2376), lastSurfaceSize:Point(1080, 2376), format:-3, blastBufferQueue:android.graphics.BLASTBufferQueue@39f256
01-10 06:18:40.728 17922 20647 D WindowManagerServiceExtImpl: extractConfigInfoAndRealFlags rotation=0, screenDp=411, residentWS:0, win=Window{88342aa u0 NotificationShade}
01-10 06:18:40.728 17922 20647 V WindowManager: Relayout Window{88342aa u0 NotificationShade}: viewVisibility=0, oldvis=0, req=1080x2376, vsysui=, x=0, y=0
01-10 06:18:40.731 17922 19222 D WindowManager: NFW_setClientVisible:WallpaperWindowToken{2ef3f92 token=android.os.Binder@f20975c showWhenLocked=true} clientVisible:false
01-10 06:18:40.735 17922 20648 D OplusBatteryServiceFeature: getChgConfig: flag = 0, extra = , callerName = 1
01-10 06:18:40.735 17922 20648 D OplusBatteryServiceFeature: getChgConfig: flag = 1, extra = , callerName = 1
01-10 06:18:40.735 17922 20648 D OplusBatteryServiceFeature: getChgConfig: flag = 4, extra = , callerName = 1
01-10 06:18:40.735 17922 20648 D OplusBatteryServiceFeature: getChgConfig: flag = 6, extra = , callerName = 1
01-10 06:18:40.735 17922 20648 D OplusBatteryServiceFeature: getChgConfig: flag = 24, extra = , callerName = 1
01-10 06:18:40.756 17922 17966 I UserAwareMgr: handleAppChangedToBg, pkgName: com.android.systemui, pid: 18698
01-10 06:18:40.756 17922 17966 W UserAwareMgr: app has overlay window: {pkgName='com.android.systemui', pid=18698, uid=10228, flags='tp|fg2|systemui', renderTid=18849, hwuiTids=[19324, 19321], glTids=null, threadInfos={wmshell.main={threadName='wmshell.main', tid=18757, extendTids=null}, ll.splashworker={threadName='ll.splashworker', tid=18766, extendTids=null}, wmshell.anim={threadName='wmshell.anim', tid=18762, extendTids=null}, VolumeDialogControllerImpl={threadName='VolumeDialogControllerImpl', tid=19239, extendTids=null}, ll.splashscreen={threadName='ll.splashscreen', tid=18765, extendTids=null}, KeyguardWorkerThread={threadName='KeyguardWorkerThread', tid=19141, extendTids=null}, OnScreenFingerprint OpticalUIUpdateThread={threadName='OnScreenFingerprint OpticalUIUpdateThread', tid=19447, extendTids=null}, GestureUI={threadName='GestureUI', tid=19123, extendTids=null}, KgdAnimThread={threadName='KgdAnimThread', tid=19143, extendTids=null}}}
01-10 06:18:40.756 17922 17966 W UserAwareMgr: handleAppChangedToBg process is empty
01-10 06:18:40.758 17922 18364 I MR2ServiceImpl: Updating composite discovery preference | preference: RouteDiscoveryRequest{ preferredFeatures={}, activeScan=false }, active routers: []
01-10 06:18:40.796 17922 20648 D OplusFeatureAOD: key:17922 tmp:0
01-10 06:18:40.797 17922 20648 D DisplayPowerController[0]: requestPowerState: policy=DOZE, useProximitySensor=false, screenBrightnessOverride=-1.0, useAutoBrightness=false, screenAutoBrightnessAdjustmentOverride=NaN, screenLowPowerBrightnessFactor=1.0, blockScreenOn=false, lowPowerMode=false, boostScreenBrightness=false, dozeScreenBrightness=0.27952754, dozeScreenState=OFF, dozeScreenStateReason=UNKNOWN, waitForNegativeProximity=false displayReady=false pendingRequest=true
01-10 06:18:40.797 17922 20648 D DisplayManagerServiceExtImpl: request size(1,1),dpc=com.android.server.display.DisplayPowerController@7616f7b size(0,1),flags=0X200F,id(0,0,local:4630946756802996883),enable=true,ready=false,waitForNegativeProximity=false policy=DOZE,useProximitySensor=false,dozeState=OFF,screenBrightnessOverride=-1,000000,useAuto=false,lowPower=false,lowPowerFactor=1,000000
